Archive member included to satisfy reference by file (symbol)

C:/Program Files/SEGGER/SEGGER Embedded Studio for ARM 7.12a/lib/libc_v7em_t_le_eabi_balanced.a(intasmops_arm.o)
                              Output/Release/Obj/ble_app_beacon_pca10040e_s112/bsp.o (__aeabi_ldivmod)
C:/Program Files/SEGGER/SEGGER Embedded Studio for ARM 7.12a/lib/libc_v7em_t_le_eabi_balanced.a(mbops.o)
                              Output/Release/Obj/ble_app_beacon_pca10040e_s112/nrf_log_str_formatter.o (isprint)
C:/Program Files/SEGGER/SEGGER Embedded Studio for ARM 7.12a/lib/libc_v7em_t_le_eabi_balanced.a(sortops.o)
                              C:/Program Files/SEGGER/SEGGER Embedded Studio for ARM 7.12a/lib/libc_v7em_t_le_eabi_balanced.a(mbops.o) (bsearch)
C:/Program Files/SEGGER/SEGGER Embedded Studio for ARM 7.12a/lib/libc_v7em_t_le_eabi_balanced.a(strasmops_arm.o)
                              Output/Release/Obj/ble_app_beacon_pca10040e_s112/SEGGER_RTT.o (strcpy)
C:/Program Files/SEGGER/SEGGER Embedded Studio for ARM 7.12a/lib/libc_v7em_t_le_eabi_balanced.a(strops.o)
                              Output/Release/Obj/ble_app_beacon_pca10040e_s112/ble_advdata.o (memcmp)
C:/Program Files/SEGGER/SEGGER Embedded Studio for ARM 7.12a/lib/libc_v7em_t_le_eabi_balanced.a(timeops.o)
                              C:/Program Files/SEGGER/SEGGER Embedded Studio for ARM 7.12a/lib/libc_v7em_t_le_eabi_balanced.a(mbops.o) (__SEGGER_RTL_string_list_encode)
C:/Program Files/SEGGER/SEGGER Embedded Studio for ARM 7.12a/lib/libc_v7em_t_le_eabi_balanced.a(__SEGGER_RTL_vfprintf_long.o)
                              (__SEGGER_RTL_vfprintf_long)
C:/Program Files/SEGGER/SEGGER Embedded Studio for ARM 7.12a/lib/libc_v7em_t_le_eabi_balanced.a(__SEGGER_RTL_vfscanf_long.o)
                              (__SEGGER_RTL_vfscanf_long)
C:/Program Files/SEGGER/SEGGER Embedded Studio for ARM 7.12a/lib/libc_v7em_t_le_eabi_balanced.a(errno.o)
                              C:/Program Files/SEGGER/SEGGER Embedded Studio for ARM 7.12a/lib/libc_v7em_t_le_eabi_balanced.a(mbops.o) (__aeabi_errno_addr)
C:/Program Files/SEGGER/SEGGER Embedded Studio for ARM 7.12a/lib/libc_v7em_t_le_eabi_balanced.a(execops.o)
                              C:/Program Files/SEGGER/SEGGER Embedded Studio for ARM 7.12a/lib/libc_v7em_t_le_eabi_balanced.a(strops.o) (__SEGGER_RTL_constraint_violation)
C:/Program Files/SEGGER/SEGGER Embedded Studio for ARM 7.12a/lib/libc_v7em_t_le_eabi_balanced.a(execops_arm.o)
                              C:/Program Files/SEGGER/SEGGER Embedded Studio for ARM 7.12a/lib/libc_v7em_t_le_eabi_balanced.a(execops.o) (__aeabi_SIGABRT)
C:/Program Files/SEGGER/SEGGER Embedded Studio for ARM 7.12a/lib/libc_v7em_t_le_eabi_balanced.a(floatasmops_arm.o)
                              C:/Program Files/SEGGER/SEGGER Embedded Studio for ARM 7.12a/lib/libc_v7em_t_le_eabi_balanced.a(timeops.o) (__aeabi_i2d)
C:/Program Files/SEGGER/SEGGER Embedded Studio for ARM 7.12a/lib/libc_v7em_t_le_eabi_balanced.a(intops.o)
                              C:/Program Files/SEGGER/SEGGER Embedded Studio for ARM 7.12a/lib/libc_v7em_t_le_eabi_balanced.a(timeops.o) (div)
C:/Program Files/SEGGER/SEGGER Embedded Studio for ARM 7.12a/lib/libc_v7em_t_le_eabi_balanced.a(utilops.o)
                              C:/Program Files/SEGGER/SEGGER Embedded Studio for ARM 7.12a/lib/libc_v7em_t_le_eabi_balanced.a(__SEGGER_RTL_vfscanf_long.o) (__SEGGER_RTL_digit)
C:/Program Files/SEGGER/SEGGER Embedded Studio for ARM 7.12a/lib/libc_v7em_t_le_eabi_balanced.a(prinops.o)
                              C:/Program Files/SEGGER/SEGGER Embedded Studio for ARM 7.12a/lib/libc_v7em_t_le_eabi_balanced.a(__SEGGER_RTL_vfprintf_long.o) (__SEGGER_RTL_putc)
C:/Program Files/SEGGER/SEGGER Embedded Studio for ARM 7.12a/lib/libc_v7em_t_le_eabi_balanced.a(convops.o)
                              C:/Program Files/SEGGER/SEGGER Embedded Studio for ARM 7.12a/lib/libc_v7em_t_le_eabi_balanced.a(execops.o) (itoa)
C:/Program Files/SEGGER/SEGGER Embedded Studio for ARM 7.12a/lib/libc_v7em_t_le_eabi_balanced.a(fileops.o)
                              C:/Program Files/SEGGER/SEGGER Embedded Studio for ARM 7.12a/lib/libc_v7em_t_le_eabi_balanced.a(prinops.o) (fwrite)
C:/Program Files/SEGGER/SEGGER Embedded Studio for ARM 7.12a/lib/libc_v7em_t_le_eabi_balanced.a(floatops.o)
                              C:/Program Files/SEGGER/SEGGER Embedded Studio for ARM 7.12a/lib/libc_v7em_t_le_eabi_balanced.a(convops.o) (__SEGGER_RTL_float32_isinf)
C:/Program Files/SEGGER/SEGGER Embedded Studio for ARM 7.12a/lib/heapops_basic_v7em_t_le_eabi_balanced.a(heapops_basic.o)
                              Output/Release/Obj/ble_app_beacon_pca10040e_s112/thumb_crt0.o (__SEGGER_RTL_init_heap)
C:/Program Files/SEGGER/SEGGER Embedded Studio for ARM 7.12a/lib/heapops_disable_interrupts_locking_v7em_t_le_eabi_balanced.a(heapops.o)
                              C:/Program Files/SEGGER/SEGGER Embedded Studio for ARM 7.12a/lib/libc_v7em_t_le_eabi_balanced.a(mbops.o) (malloc)
[...]
Memory Configuration

Name             Origin             Length             Attributes
UNPLACED_SECTIONS 0x0000000100000000 0x0000000000000000 xw
RAM1             0x0000000020000000 0x0000000000006000 xw
FLASH1           0x0000000000000000 0x0000000000030000 xw
*default*        0x0000000000000000 0xffffffffffffffff

Linker script and memory map

                0x0000000000000000                __SEGGER_RTL_vfprintf = __SEGGER_RTL_vfprintf_long
                0x0000000000000000                __SEGGER_RTL_vfscanf = __SEGGER_RTL_vfscanf_long
                0x0000000020000000                __RAM1_segment_start__ = 0x20000000
                0x0000000020006000                __RAM1_segment_end__ = 0x20006000
                0x0000000000006000                __RAM1_segment_size__ = 0x6000
                0x0000000000000000                __FLASH1_segment_start__ = 0x0
                0x0000000000030000                __FLASH1_segment_end__ = 0x30000
                0x0000000000030000                __FLASH1_segment_size__ = 0x30000
                0x0000000000000800                __HEAPSIZE__ = 0x800
                0x0000000000000000                __STACKSIZE_PROCESS__ = 0x0
                0x0000000000000800                __STACKSIZE__ = 0x800
                0x0000000020000000                __reserved_ram_load_start__ = 0x20000000

.reserved_ram   0x0000000020000000     0x1118
                0x0000000020000000                __reserved_ram_start__ = .
 *(.reserved_ram .reserved_ram.*)
                0x0000000020001118                . = MAX (((__reserved_ram_start__ + 0x20001118) - 0x20000000), .)
 *fill*         0x0000000020000000     0x1118 
                0x0000000020001118                __reserved_ram_end__ = (__reserved_ram_start__ + SIZEOF (.reserved_ram))
                0x0000000000001118                __reserved_ram_size__ = SIZEOF (.reserved_ram)
                0x0000000020001118                __reserved_ram_load_end__ = __reserved_ram_end__
                0x0000000000000001                . = ASSERT (((__reserved_ram_start__ == __reserved_ram_end__) || ((__reserved_ram_end__ - __RAM1_segment_start__) <= __RAM1_segment_size__)), error: .reserved_ram is too large to fit in RAM1 memory segment)
                0x0000000000000001                . = ASSERT ((__reserved_ram_size__ <= 0x1118), error: .reserved_ram section is larger than specified size)
                0x0000000020001118                __vectors_ram_load_start__ = 0x20001118

.vectors_ram    0x0000000020001118        0x0
                0x0000000020001118                __vectors_ram_start__ = .
                0x0000000020001118                __app_ram_start__ = __vectors_ram_start__
 *(.vectors_ram .vectors_ram.*)
                0x0000000020001118                __vectors_ram_end__ = (__vectors_ram_start__ + SIZEOF (.vectors_ram))
                0x0000000000000000                __vectors_ram_size__ = SIZEOF (.vectors_ram)
                0x0000000020001118                __vectors_ram_load_end__ = __vectors_ram_end__
                0x0000000000000001                . = ASSERT (((__vectors_ram_start__ == __vectors_ram_end__) || ((__vectors_ram_end__ - __RAM1_segment_start__) <= __RAM1_segment_size__)), error: .vectors_ram is too large to fit in RAM1 memory segment)
                0x0000000000000001                . = ASSERT ((__reserved_ram_end__ <= __vectors_ram_start__), error: section .reserved_ram overlaps absolute placed section .vectors_ram)
                0x0000000020001118                __nrf_sections_run_load_start__ = ALIGN (__vectors_ram_end__, 0x4)

.nrf_sections_run
                0x0000000020001118        0x0
                0x0000000020001118                __nrf_sections_run_start__ = .
                0x0000000020001118                __start_nrf_sections_run = __nrf_sections_run_start__
 *(.nrf_sections_run .nrf_sections_run.*)
                0x0000000020001118                __nrf_sections_run_end__ = (__nrf_sections_run_start__ + SIZEOF (.nrf_sections_run))
                0x0000000000000000                __nrf_sections_run_size__ = SIZEOF (.nrf_sections_run)
                0x0000000020001118                __nrf_sections_run_load_end__ = __nrf_sections_run_end__
                0x0000000000000001                . = ASSERT (((__nrf_sections_run_start__ == __nrf_sections_run_end__) || ((__nrf_sections_run_end__ - __RAM1_segment_start__) <= __RAM1_segment_size__)), error: .nrf_sections_run is too large to fit in RAM1 memory segment)
                0x0000000000000000                __reserved_flash_load_start__ = 0x0

.reserved_flash
                0x0000000000000000    0x19000
                0x0000000000000000                __reserved_flash_start__ = .
 *(.reserved_flash .reserved_flash.*)
                0x0000000000019000                . = MAX (((__reserved_flash_start__ + 0x19000) - 0x0), .)
 *fill*         0x0000000000000000    0x19000 
                0x0000000000019000                __reserved_flash_end__ = (__reserved_flash_start__ + SIZEOF (.reserved_flash))
                0x0000000000019000                __reserved_flash_size__ = SIZEOF (.reserved_flash)
                0x0000000000019000                __reserved_flash_load_end__ = __reserved_flash_end__
                0x0000000000000001                . = ASSERT (((__reserved_flash_start__ == __reserved_flash_end__) || ((__reserved_flash_end__ - __FLASH1_segment_start__) <= __FLASH1_segment_size__)), error: .reserved_flash is too large to fit in FLASH1 memory segment)
                0x0000000000000001                . = ASSERT ((__reserved_flash_size__ <= 0x19000), error: .reserved_flash section is larger than specified size)
                0x0000000000019000                __vectors_load_start__ = 0x19000

.vectors        0x0000000000019000      0x200
                0x0000000000019000                __vectors_start__ = .
 *(.vectors .vectors.*)
 .vectors       0x0000000000019000      0x200 Output/Release/Obj/ble_app_beacon_pca10040e_s112/ses_startup_nrf52810.o
                0x0000000000019000                _vectors
                0x0000000000019200                __vectors_end__ = (__vectors_start__ + SIZEOF (.vectors))
                0x0000000000000200                __vectors_size__ = SIZEOF (.vectors)
                0x0000000000019200                __vectors_load_end__ = __vectors_end__
                0x0000000000000001                . = ASSERT (((__vectors_start__ == __vectors_end__) || ((__vectors_end__ - __FLASH1_segment_start__) <= __FLASH1_segment_size__)), error: .vectors is too large to fit in FLASH1 memory segment)
                0x0000000000000001                . = ASSERT ((__reserved_flash_end__ <= __vectors_start__), error: section .reserved_flash overlaps absolute placed section .vectors)
                0x0000000000019200                __init_load_start__ = ALIGN (__vectors_end__, 0x4)

.init           0x0000000000019200      0x1e8
                0x0000000000019200                __init_start__ = .
 *(.init .init.*)
 .init          0x0000000000019200      0x158 Output/Release/Obj/ble_app_beacon_pca10040e_s112/thumb_crt0.o
                0x0000000000019200                _start
                0x00000000000192ae                exit
 .init          0x0000000000019358       0x48 Output/Release/Obj/ble_app_beacon_pca10040e_s112/ses_startup_nrf52810.o
                0x0000000000019358                NMI_Handler
                0x000000000001935a                HardFault_Handler
                0x000000000001935c                MemoryManagement_Handler
                0x000000000001935e                BusFault_Handler
                0x0000000000019360                UsageFault_Handler
                0x0000000000019362                SVC_Handler
                0x0000000000019364                DebugMon_Handler
                0x0000000000019366                PendSV_Handler
                0x0000000000019368                SysTick_Handler
                0x000000000001936a                SWI0_EGU0_IRQHandler
                0x000000000001936a                SWI4_IRQHandler
                0x000000000001936a                TEMP_IRQHandler
                0x000000000001936a                RTC0_IRQHandler
                0x000000000001936a                PDM_IRQHandler
                0x000000000001936a                RADIO_IRQHandler
                0x000000000001936a                SWI5_IRQHandler
                0x000000000001936a                TIMER0_IRQHandler
                0x000000000001936a                Dummy_Handler
                0x000000000001936a                TIMER1_IRQHandler
                0x000000000001936a                ECB_IRQHandler
                0x000000000001936a                SWI3_IRQHandler
                0x000000000001936a                SPIM0_SPIS0_SPI0_IRQHandler
                0x000000000001936a                SAADC_IRQHandler
                0x000000000001936a                CCM_AAR_IRQHandler
                0x000000000001936a                WDT_IRQHandler
                0x000000000001936a                QDEC_IRQHandler
                0x000000000001936a                RNG_IRQHandler
                0x000000000001936a                COMP_IRQHandler
                0x000000000001936a                PWM0_IRQHandler
                0x000000000001936a                SWI1_EGU1_IRQHandler
                0x000000000001936a                TWIM0_TWIS0_TWI0_IRQHandler
                0x000000000001936a                TIMER2_IRQHandler
                0x000000000001936c                nRFInitialize
 .init          0x00000000000193a0       0x48 Output/Release/Obj/ble_app_beacon_pca10040e_s112/ses_startup_nrf_common.o
                0x00000000000193a0                Reset_Handler
                0x00000000000193a4                afterInitialize
                0x00000000000193b6                InitializeUserMemorySections
                0x00000000000193e8                __init_end__ = (__init_start__ + SIZEOF (.init))
                0x00000000000001e8                __init_size__ = SIZEOF (.init)
                0x00000000000193e8                __init_load_end__ = __init_end__
                0x0000000000000001                . = ASSERT (((__init_start__ == __init_end__) || ((__init_end__ - __FLASH1_segment_start__) <= __FLASH1_segment_size__)), error: .init is too large to fit in FLASH1 memory segment)
                0x00000000000193e8                __init_rodata_load_start__ = ALIGN (__init_end__, 0x4)

.init_rodata    0x00000000000193e8        0x0
                0x00000000000193e8                __init_rodata_start__ = .
 *(.init_rodata .init_rodata.*)
                0x00000000000193e8                __init_rodata_end__ = (__init_rodata_start__ + SIZEOF (.init_rodata))
                0x0000000000000000                __init_rodata_size__ = SIZEOF (.init_rodata)
                0x00000000000193e8                __init_rodata_load_end__ = __init_rodata_end__
                0x0000000000000001                . = ASSERT (((__init_rodata_start__ == __init_rodata_end__) || ((__init_rodata_end__ - __FLASH1_segment_start__) <= __FLASH1_segment_size__)), error: .init_rodata is too large to fit in FLASH1 memory segment)
                0x00000000000193e8                __text_load_start__ = ALIGN (__init_rodata_end__, 0x4)

.text           0x00000000000193e8     0x348c
                0x00000000000193e8                __text_start__ = .
 *(.text .text.* .gnu.linkonce.t.* .glue_7t .glue_7 .gcc_except_table .ARM.extab* .gnu.linkonce.armextab.*)
 .glue_7        0x00000000000193e8        0x0 linker stubs
 .glue_7t       0x00000000000193e8        0x0 linker stubs
 .text.nrf_log_backend_serial_put
                0x00000000000193e8       0xc2 Output/Release/Obj/ble_app_beacon_pca10040e_s112/nrf_log_backend_serial.o
                0x00000000000193e8                nrf_log_backend_serial_put
 *fill*         0x00000000000194aa        0x2 
 .text.uart_evt_handler
                0x00000000000194ac        0xc Output/Release/Obj/ble_app_beacon_pca10040e_s112/nrf_log_backend_uart.o
 .text.nrf_log_backend_uart_flush
                0x00000000000194b8        0x2 Output/Release/Obj/ble_app_beacon_pca10040e_s112/nrf_log_backend_uart.o
 *fill*         0x00000000000194ba        0x2 
 .text.uart_init
                0x00000000000194bc       0x4c Output/Release/Obj/ble_app_beacon_pca10040e_s112/nrf_log_backend_uart.o
 .text.nrf_log_backend_uart_put
                0x0000000000019508       0x1c Output/Release/Obj/ble_app_beacon_pca10040e_s112/nrf_log_backend_uart.o
 .text.serial_tx
                0x0000000000019524       0x48 Output/Release/Obj/ble_app_beacon_pca10040e_s112/nrf_log_backend_uart.o
 .text.nrf_log_backend_uart_panic_set
                0x000000000001956c       0x2c Output/Release/Obj/ble_app_beacon_pca10040e_s112/nrf_log_backend_uart.o
 .text.nrf_log_backend_uart_init
                0x0000000000019598        0x6 Output/Release/Obj/ble_app_beacon_pca10040e_s112/nrf_log_backend_uart.o
                0x0000000000019598                nrf_log_backend_uart_init
 *fill*         0x000000000001959e        0x2 
 .text.nrf_log_default_backends_init
                0x00000000000195a0       0x20 Output/Release/Obj/ble_app_beacon_pca10040e_s112/nrf_log_default_backends.o
                0x00000000000195a0                nrf_log_default_backends_init
 .text.invalid_packets_omit
                0x00000000000195c0       0x38 Output/Release/Obj/ble_app_beacon_pca10040e_s112/nrf_log_frontend.o
 .text.buf_prealloc
                0x00000000000195f8      0x118 Output/Release/Obj/ble_app_beacon_pca10040e_s112/nrf_log_frontend.o
 .text.nrf_log_init
                0x0000000000019710       0x28 Output/Release/Obj/ble_app_beacon_pca10040e_s112/nrf_log_frontend.o
                0x0000000000019710                nrf_log_init
 .text.nrf_log_module_name_get
                0x0000000000019738       0x38 Output/Release/Obj/ble_app_beacon_pca10040e_s112/nrf_log_frontend.o
                0x0000000000019738                nrf_log_module_name_get
 .text.nrf_log_color_id_get
                0x0000000000019770       0x2c Output/Release/Obj/ble_app_beacon_pca10040e_s112/nrf_log_frontend.o
                0x0000000000019770                nrf_log_color_id_get
 .text.log_pending_hook
                0x000000000001979c        0x2 Output/Release/Obj/ble_app_beacon_pca10040e_s112/nrf_log_frontend.o
                0x000000000001979c                log_pending_hook
 *fill*         0x000000000001979e        0x2 
 .text.buffer_is_empty
                0x00000000000197a0       0x14 Output/Release/Obj/ble_app_beacon_pca10040e_s112/nrf_log_frontend.o
                0x00000000000197a0                buffer_is_empty
 .text.nrf_log_frontend_dequeue
                0x00000000000197b4      0x1f8 Output/Release/Obj/ble_app_beacon_pca10040e_s112/nrf_log_frontend.o
                0x00000000000197b4                nrf_log_frontend_dequeue
 .text.std_n    0x00000000000199ac       0x90 Output/Release/Obj/ble_app_beacon_pca10040e_s112/nrf_log_frontend.o
 .text.nrf_log_frontend_std_0
                0x0000000000019a3c        0x8 Output/Release/Obj/ble_app_beacon_pca10040e_s112/nrf_log_frontend.o
                0x0000000000019a3c                nrf_log_frontend_std_0
 .text.nrf_log_frontend_std_1
                0x0000000000019a44       0x12 Output/Release/Obj/ble_app_beacon_pca10040e_s112/nrf_log_frontend.o
                0x0000000000019a44                nrf_log_frontend_std_1
 .text.nrf_log_frontend_std_2
                0x0000000000019a56       0x14 Output/Release/Obj/ble_app_beacon_pca10040e_s112/nrf_log_frontend.o
                0x0000000000019a56                nrf_log_frontend_std_2
 *fill*         0x0000000000019a6a        0x2 
 .text.nrf_log_backend_add
                0x0000000000019a6c       0x44 Output/Release/Obj/ble_app_beacon_pca10040e_s112/nrf_log_frontend.o
                0x0000000000019a6c                nrf_log_backend_add
 .text.nrf_log_panic
                0x0000000000019ab0       0x28 Output/Release/Obj/ble_app_beacon_pca10040e_s112/nrf_log_frontend.o
                0x0000000000019ab0                nrf_log_panic
 .text.postfix_process
                0x0000000000019ad8       0x3c Output/Release/Obj/ble_app_beacon_pca10040e_s112/nrf_log_str_formatter.o
 .text.prefix_process.constprop.0
                0x0000000000019b14       0x78 Output/Release/Obj/ble_app_beacon_pca10040e_s112/nrf_log_str_formatter.o
 .text.nrf_log_std_entry_process
                0x0000000000019b8c       0xc8 Output/Release/Obj/ble_app_beacon_pca10040e_s112/nrf_log_str_formatter.o
                0x0000000000019b8c                nrf_log_std_entry_process
 .text.nrf_log_hexdump_entry_process
                0x0000000000019c54       0xb8 Output/Release/Obj/ble_app_beacon_pca10040e_s112/nrf_log_str_formatter.o
                0x0000000000019c54                nrf_log_hexdump_entry_process
 .text.app_error_handler_bare
                0x0000000000019d0c       0x1a Output/Release/Obj/ble_app_beacon_pca10040e_s112/app_error.o
                0x0000000000019d0c                app_error_handler_bare
 *fill*         0x0000000000019d26        0x2 
 .text.app_error_fault_handler
                0x0000000000019d28       0x6c Output/Release/Obj/ble_app_beacon_pca10040e_s112/app_error_weak.o
                0x0000000000019d28                app_error_fault_handler
 .text.compare_func
                0x0000000000019d94       0x16 Output/Release/Obj/ble_app_beacon_pca10040e_s112/app_timer2.o
 *fill*         0x0000000000019daa        0x2 
 .text.get_now  0x0000000000019dac       0x38 Output/Release/Obj/ble_app_beacon_pca10040e_s112/app_timer2.o
 .text.timer_expire
                0x0000000000019de4       0xac Output/Release/Obj/ble_app_beacon_pca10040e_s112/app_timer2.o
 .text.app_timer_init
                0x0000000000019e90       0x64 Output/Release/Obj/ble_app_beacon_pca10040e_s112/app_timer2.o
                0x0000000000019e90                app_timer_init
 .text.app_timer_cnt_get
                0x0000000000019ef4        0xc Output/Release/Obj/ble_app_beacon_pca10040e_s112/app_timer2.o
                0x0000000000019ef4                app_timer_cnt_get
 .text.rtc_irq  0x0000000000019f00      0x1bc Output/Release/Obj/ble_app_beacon_pca10040e_s112/app_timer2.o
 .text.app_util_critical_region_enter
                0x000000000001a0bc       0x48 Output/Release/Obj/ble_app_beacon_pca10040e_s112/app_util_platform.o
                0x000000000001a0bc                app_util_critical_region_enter
 .text.app_util_critical_region_exit
                0x000000000001a104       0x2c Output/Release/Obj/ble_app_beacon_pca10040e_s112/app_util_platform.o
                0x000000000001a104                app_util_critical_region_exit
 .text.evt_pending.isra.0
                0x000000000001a130       0x18 Output/Release/Obj/ble_app_beacon_pca10040e_s112/drv_rtc.o
 .text.drv_rtc_init
                0x000000000001a148       0xa4 Output/Release/Obj/ble_app_beacon_pca10040e_s112/drv_rtc.o
                0x000000000001a148                drv_rtc_init
 .text.drv_rtc_start
                0x000000000001a1ec        0x8 Output/Release/Obj/ble_app_beacon_pca10040e_s112/drv_rtc.o
                0x000000000001a1ec                drv_rtc_start
 .text.drv_rtc_stop
                0x000000000001a1f4        0x8 Output/Release/Obj/ble_app_beacon_pca10040e_s112/drv_rtc.o
                0x000000000001a1f4                drv_rtc_stop
 .text.drv_rtc_compare_set
                0x000000000001a1fc       0x3e Output/Release/Obj/ble_app_beacon_pca10040e_s112/drv_rtc.o
                0x000000000001a1fc                drv_rtc_compare_set
 *fill*         0x000000000001a23a        0x2 
 .text.drv_rtc_windowed_compare_set
                0x000000000001a23c       0xf0 Output/Release/Obj/ble_app_beacon_pca10040e_s112/drv_rtc.o
                0x000000000001a23c                drv_rtc_windowed_compare_set
 .text.drv_rtc_overflow_enable
                0x000000000001a32c       0x10 Output/Release/Obj/ble_app_beacon_pca10040e_s112/drv_rtc.o
                0x000000000001a32c                drv_rtc_overflow_enable
 .text.drv_rtc_overflow_pending
                0x000000000001a33c        0xa Output/Release/Obj/ble_app_beacon_pca10040e_s112/drv_rtc.o
                0x000000000001a33c                drv_rtc_overflow_pending
 .text.drv_rtc_compare_disable
                0x000000000001a346       0x14 Output/Release/Obj/ble_app_beacon_pca10040e_s112/drv_rtc.o
                0x000000000001a346                drv_rtc_compare_disable
 .text.drv_rtc_compare_pending
                0x000000000001a35a        0xc Output/Release/Obj/ble_app_beacon_pca10040e_s112/drv_rtc.o
                0x000000000001a35a                drv_rtc_compare_pending
 .text.drv_rtc_counter_get
                0x000000000001a366        0x8 Output/Release/Obj/ble_app_beacon_pca10040e_s112/drv_rtc.o
                0x000000000001a366                drv_rtc_counter_get
 *fill*         0x000000000001a36e        0x2 
 .text.RTC1_IRQHandler
                0x000000000001a370       0x14 Output/Release/Obj/ble_app_beacon_pca10040e_s112/drv_rtc.o
                0x000000000001a370                RTC1_IRQHandler
 .text.nrf_atfifo_init
                0x000000000001a384       0x26 Output/Release/Obj/ble_app_beacon_pca10040e_s112/nrf_atfifo.o
                0x000000000001a384                nrf_atfifo_init
 .text.nrf_atfifo_item_get
                0x000000000001a3aa       0x56 Output/Release/Obj/ble_app_beacon_pca10040e_s112/nrf_atfifo.o
                0x000000000001a3aa                nrf_atfifo_item_get
 .text.nrf_atfifo_item_free
                0x000000000001a400       0x20 Output/Release/Obj/ble_app_beacon_pca10040e_s112/nrf_atfifo.o
                0x000000000001a400                nrf_atfifo_item_free
 .text.nrf_atomic_u32_fetch_store
                0x000000000001a420       0x16 Output/Release/Obj/ble_app_beacon_pca10040e_s112/nrf_atomic.o
                0x000000000001a420                nrf_atomic_u32_fetch_store
 .text.nrf_atomic_u32_or
                0x000000000001a436       0x18 Output/Release/Obj/ble_app_beacon_pca10040e_s112/nrf_atomic.o
                0x000000000001a436                nrf_atomic_u32_or
 .text.nrf_atomic_u32_fetch_and
                0x000000000001a44e       0x18 Output/Release/Obj/ble_app_beacon_pca10040e_s112/nrf_atomic.o
                0x000000000001a44e                nrf_atomic_u32_fetch_and
 .text.nrf_atomic_u32_add
                0x000000000001a466       0x18 Output/Release/Obj/ble_app_beacon_pca10040e_s112/nrf_atomic.o
                0x000000000001a466                nrf_atomic_u32_add
 .text.nrf_atomic_u32_sub
                0x000000000001a47e       0x18 Output/Release/Obj/ble_app_beacon_pca10040e_s112/nrf_atomic.o
                0x000000000001a47e                nrf_atomic_u32_sub
 .text.nrf_atomic_flag_set
                0x000000000001a496        0x6 Output/Release/Obj/ble_app_beacon_pca10040e_s112/nrf_atomic.o
                0x000000000001a496                nrf_atomic_flag_set
 .text.nrf_atomic_flag_clear_fetch
                0x000000000001a49c        0x6 Output/Release/Obj/ble_app_beacon_pca10040e_s112/nrf_atomic.o
                0x000000000001a49c                nrf_atomic_flag_clear_fetch
 .text.nrf_balloc_init
                0x000000000001a4a2       0x2e Output/Release/Obj/ble_app_beacon_pca10040e_s112/nrf_balloc.o
                0x000000000001a4a2                nrf_balloc_init
 .text.nrf_balloc_alloc
                0x000000000001a4d0       0x48 Output/Release/Obj/ble_app_beacon_pca10040e_s112/nrf_balloc.o
                0x000000000001a4d0                nrf_balloc_alloc
 .text.nrf_balloc_free
                0x000000000001a518       0x34 Output/Release/Obj/ble_app_beacon_pca10040e_s112/nrf_balloc.o
                0x000000000001a518                nrf_balloc_free
 .text.nrf_fprintf_buffer_flush
                0x000000000001a54c       0x16 Output/Release/Obj/ble_app_beacon_pca10040e_s112/nrf_fprintf.o
                0x000000000001a54c                nrf_fprintf_buffer_flush
 .text.nrf_fprintf
                0x000000000001a562       0x1c Output/Release/Obj/ble_app_beacon_pca10040e_s112/nrf_fprintf.o
                0x000000000001a562                nrf_fprintf
 .text.buffer_add
                0x000000000001a57e       0x2e Output/Release/Obj/ble_app_beacon_pca10040e_s112/nrf_fprintf_format.o
 .text.unsigned_print
                0x000000000001a5ac       0xb4 Output/Release/Obj/ble_app_beacon_pca10040e_s112/nrf_fprintf_format.o
 .text.nrf_fprintf_fmt
                0x000000000001a660      0x2f0 Output/Release/Obj/ble_app_beacon_pca10040e_s112/nrf_fprintf_format.o
                0x000000000001a660                nrf_fprintf_fmt
 .text.memobj_op
                0x000000000001a950       0x86 Output/Release/Obj/ble_app_beacon_pca10040e_s112/nrf_memobj.o
 .text.nrf_memobj_pool_init
                0x000000000001a9d6        0x4 Output/Release/Obj/ble_app_beacon_pca10040e_s112/nrf_memobj.o
                0x000000000001a9d6                nrf_memobj_pool_init
 .text.nrf_memobj_free
                0x000000000001a9da       0x2c Output/Release/Obj/ble_app_beacon_pca10040e_s112/nrf_memobj.o
                0x000000000001a9da                nrf_memobj_free
 .text.nrf_memobj_alloc
                0x000000000001aa06       0x58 Output/Release/Obj/ble_app_beacon_pca10040e_s112/nrf_memobj.o
                0x000000000001aa06                nrf_memobj_alloc
 .text.nrf_memobj_get
                0x000000000001aa5e        0x8 Output/Release/Obj/ble_app_beacon_pca10040e_s112/nrf_memobj.o
                0x000000000001aa5e                nrf_memobj_get
 .text.nrf_memobj_put
                0x000000000001aa66       0x1c Output/Release/Obj/ble_app_beacon_pca10040e_s112/nrf_memobj.o
                0x000000000001aa66                nrf_memobj_put
 .text.nrf_memobj_write
                0x000000000001aa82       0x14 Output/Release/Obj/ble_app_beacon_pca10040e_s112/nrf_memobj.o
                0x000000000001aa82                nrf_memobj_write
 .text.nrf_memobj_read
                0x000000000001aa96       0x14 Output/Release/Obj/ble_app_beacon_pca10040e_s112/nrf_memobj.o
                0x000000000001aa96                nrf_memobj_read
 .text.sd_app_evt_wait
                0x000000000001aaaa        0x4 Output/Release/Obj/ble_app_beacon_pca10040e_s112/nrf_pwr_mgmt.o
 *fill*         0x000000000001aaae        0x2 
 .text.nrf_pwr_mgmt_init
                0x000000000001aab0       0x2c Output/Release/Obj/ble_app_beacon_pca10040e_s112/nrf_pwr_mgmt.o
                0x000000000001aab0                nrf_pwr_mgmt_init
 .text.nrf_pwr_mgmt_run
                0x000000000001aadc       0x18 Output/Release/Obj/ble_app_beacon_pca10040e_s112/nrf_pwr_mgmt.o
                0x000000000001aadc                nrf_pwr_mgmt_run
 .text.nrf_ringbuf_init
                0x000000000001aaf4       0x12 Output/Release/Obj/ble_app_beacon_pca10040e_s112/nrf_ringbuf.o
                0x000000000001aaf4                nrf_ringbuf_init
 .text.nrf_section_iter_init
                0x000000000001ab06       0x10 Output/Release/Obj/ble_app_beacon_pca10040e_s112/nrf_section_iter.o
                0x000000000001ab06                nrf_section_iter_init
 .text.nrf_section_iter_next
                0x000000000001ab16       0x18 Output/Release/Obj/ble_app_beacon_pca10040e_s112/nrf_section_iter.o
                0x000000000001ab16                nrf_section_iter_next
 .text.nrf_sortlist_add
                0x000000000001ab2e       0x20 Output/Release/Obj/ble_app_beacon_pca10040e_s112/nrf_sortlist.o
                0x000000000001ab2e                nrf_sortlist_add
 .text.nrf_sortlist_pop
                0x000000000001ab4e        0xc Output/Release/Obj/ble_app_beacon_pca10040e_s112/nrf_sortlist.o
                0x000000000001ab4e                nrf_sortlist_pop
 .text.nrf_sortlist_peek
                0x000000000001ab5a        0x6 Output/Release/Obj/ble_app_beacon_pca10040e_s112/nrf_sortlist.o
                0x000000000001ab5a                nrf_sortlist_peek
 .text.nrf_sortlist_remove
                0x000000000001ab60       0x1a Output/Release/Obj/ble_app_beacon_pca10040e_s112/nrf_sortlist.o
                0x000000000001ab60                nrf_sortlist_remove
 *fill*         0x000000000001ab7a        0x2 
 .text.nrf_strerror_find
                0x000000000001ab7c       0x34 Output/Release/Obj/ble_app_beacon_pca10040e_s112/nrf_strerror.o
                0x000000000001ab7c                nrf_strerror_find
 .text.nrf_strerror_get
                0x000000000001abb0       0x14 Output/Release/Obj/ble_app_beacon_pca10040e_s112/nrf_strerror.o
                0x000000000001abb0                nrf_strerror_get
 .text.__NVIC_SystemReset
                0x000000000001abc4       0x24 Output/Release/Obj/ble_app_beacon_pca10040e_s112/system_nrf52810.o
 .text.nrf52_errata_16
                0x000000000001abe8       0x28 Output/Release/Obj/ble_app_beacon_pca10040e_s112/system_nrf52810.o
 .text.nrf52_errata_31
                0x000000000001ac10       0x26 Output/Release/Obj/ble_app_beacon_pca10040e_s112/system_nrf52810.o
 *fill*         0x000000000001ac36        0x2 
 .text.nvmc_wait
                0x000000000001ac38       0x10 Output/Release/Obj/ble_app_beacon_pca10040e_s112/system_nrf52810.o
                0x000000000001ac38                nvmc_wait
 .text.SystemInit
                0x000000000001ac48      0x2d8 Output/Release/Obj/ble_app_beacon_pca10040e_s112/system_nrf52810.o
                0x000000000001ac48                SystemInit
 .text.clock_clk_started_notify
                0x000000000001af20       0x24 Output/Release/Obj/ble_app_beacon_pca10040e_s112/nrf_drv_clock.o
 .text.clock_irq_handler
                0x000000000001af44       0x1c Output/Release/Obj/ble_app_beacon_pca10040e_s112/nrf_drv_clock.o
 .text.soc_evt_handler
                0x000000000001af60       0x14 Output/Release/Obj/ble_app_beacon_pca10040e_s112/nrf_drv_clock.o
 .text.nrf_drv_clock_init
                0x000000000001af74       0x48 Output/Release/Obj/ble_app_beacon_pca10040e_s112/nrf_drv_clock.o
                0x000000000001af74                nrf_drv_clock_init
 .text.nrf_drv_clock_lfclk_release
                0x000000000001afbc       0x40 Output/Release/Obj/ble_app_beacon_pca10040e_s112/nrf_drv_clock.o
                0x000000000001afbc                nrf_drv_clock_lfclk_release
 .text.sd_state_evt_handler
                0x000000000001affc       0x64 Output/Release/Obj/ble_app_beacon_pca10040e_s112/nrf_drv_clock.o
 .text.uarte_evt_handler
                0x000000000001b060       0x34 Output/Release/Obj/ble_app_beacon_pca10040e_s112/nrf_drv_uart.o
 .text.uart_evt_handler
                0x000000000001b094       0x34 Output/Release/Obj/ble_app_beacon_pca10040e_s112/nrf_drv_uart.o
 .text.nrf_drv_uart_init
                0x000000000001b0c8       0x7c Output/Release/Obj/ble_app_beacon_pca10040e_s112/nrf_drv_uart.o
                0x000000000001b0c8                nrf_drv_uart_init
 .text.nrf_clock_event_clear
                0x000000000001b144       0x14 Output/Release/Obj/ble_app_beacon_pca10040e_s112/nrfx_clock.o
 .text.nrfx_clock_init
                0x000000000001b158       0x18 Output/Release/Obj/ble_app_beacon_pca10040e_s112/nrfx_clock.o
                0x000000000001b158                nrfx_clock_init
 .text.nrfx_clock_enable
                0x000000000001b170       0x24 Output/Release/Obj/ble_app_beacon_pca10040e_s112/nrfx_clock.o
                0x000000000001b170                nrfx_clock_enable
 .text.nrfx_clock_lfclk_stop
                0x000000000001b194       0x22 Output/Release/Obj/ble_app_beacon_pca10040e_s112/nrfx_clock.o
                0x000000000001b194                nrfx_clock_lfclk_stop
 *fill*         0x000000000001b1b6        0x2 
 .text.POWER_CLOCK_IRQHandler
                0x000000000001b1b8       0x50 Output/Release/Obj/ble_app_beacon_pca10040e_s112/nrfx_clock.o
                0x000000000001b1b8                POWER_CLOCK_IRQHandler
 .text.nrf_gpiote_event_clear
                0x000000000001b208       0x18 Output/Release/Obj/ble_app_beacon_pca10040e_s112/nrfx_gpiote.o
 .text.nrf_gpio_cfg_sense_set
                0x000000000001b220       0x20 Output/Release/Obj/ble_app_beacon_pca10040e_s112/nrfx_gpiote.o
 .text.GPIOTE_IRQHandler
                0x000000000001b240      0x150 Output/Release/Obj/ble_app_beacon_pca10040e_s112/nrfx_gpiote.o
                0x000000000001b240                GPIOTE_IRQHandler
 .text.UARTE0_UART0_IRQHandler
                0x000000000001b390        0xc Output/Release/Obj/ble_app_beacon_pca10040e_s112/nrfx_prs.o
                0x000000000001b390                UARTE0_UART0_IRQHandler
 .text.nrfx_prs_acquire
                0x000000000001b39c       0x44 Output/Release/Obj/ble_app_beacon_pca10040e_s112/nrfx_prs.o
                0x000000000001b39c                nrfx_prs_acquire
 .text.nrfx_prs_release
                0x000000000001b3e0       0x18 Output/Release/Obj/ble_app_beacon_pca10040e_s112/nrfx_prs.o
                0x000000000001b3e0                nrfx_prs_release
 .text.nrf_uart_event_clear
                0x000000000001b3f8       0x10 Output/Release/Obj/ble_app_beacon_pca10040e_s112/nrfx_uart.o
 .text.tx_byte  0x000000000001b408       0x1e Output/Release/Obj/ble_app_beacon_pca10040e_s112/nrfx_uart.o
 .text.rx_byte  0x000000000001b426       0x2c Output/Release/Obj/ble_app_beacon_pca10040e_s112/nrfx_uart.o
 *fill*         0x000000000001b452        0x2 
 .text.rx_done_event.constprop.0
                0x000000000001b454       0x20 Output/Release/Obj/ble_app_beacon_pca10040e_s112/nrfx_uart.o
 .text.nrfx_uart_0_irq_handler
                0x000000000001b474      0x140 Output/Release/Obj/ble_app_beacon_pca10040e_s112/nrfx_uart.o
                0x000000000001b474                nrfx_uart_0_irq_handler
 .text.nrfx_uart_init
                0x000000000001b5b4      0x164 Output/Release/Obj/ble_app_beacon_pca10040e_s112/nrfx_uart.o
                0x000000000001b5b4                nrfx_uart_init
 .text.nrfx_uart_uninit
                0x000000000001b718       0xd4 Output/Release/Obj/ble_app_beacon_pca10040e_s112/nrfx_uart.o
                0x000000000001b718                nrfx_uart_uninit
 .text.nrfx_uart_tx_in_progress
                0x000000000001b7ec       0x18 Output/Release/Obj/ble_app_beacon_pca10040e_s112/nrfx_uart.o
                0x000000000001b7ec                nrfx_uart_tx_in_progress
 .text.nrfx_uart_tx
                0x000000000001b804       0x98 Output/Release/Obj/ble_app_beacon_pca10040e_s112/nrfx_uart.o
                0x000000000001b804                nrfx_uart_tx
 .text.nrf_uarte_event_clear
                0x000000000001b89c       0x10 Output/Release/Obj/ble_app_beacon_pca10040e_s112/nrfx_uarte.o
 .text.rx_done_event.constprop.0
                0x000000000001b8ac       0x20 Output/Release/Obj/ble_app_beacon_pca10040e_s112/nrfx_uarte.o
 .text.nrfx_uarte_0_irq_handler
                0x000000000001b8cc      0x118 Output/Release/Obj/ble_app_beacon_pca10040e_s112/nrfx_uarte.o
                0x000000000001b8cc                nrfx_uarte_0_irq_handler
 .text.nrfx_uarte_init
                0x000000000001b9e4      0x178 Output/Release/Obj/ble_app_beacon_pca10040e_s112/nrfx_uarte.o
                0x000000000001b9e4                nrfx_uarte_init
 .text.nrfx_uarte_uninit
                0x000000000001bb5c      0x118 Output/Release/Obj/ble_app_beacon_pca10040e_s112/nrfx_uarte.o
                0x000000000001bb5c                nrfx_uarte_uninit
 .text.nrfx_uarte_tx_in_progress
                0x000000000001bc74       0x18 Output/Release/Obj/ble_app_beacon_pca10040e_s112/nrfx_uarte.o
                0x000000000001bc74                nrfx_uarte_tx_in_progress
 .text.nrfx_uarte_tx
                0x000000000001bc8c       0x94 Output/Release/Obj/ble_app_beacon_pca10040e_s112/nrfx_uarte.o
                0x000000000001bc8c                nrfx_uarte_tx
 .text.sd_ble_gap_adv_set_configure
                0x000000000001bd20        0x4 Output/Release/Obj/ble_app_beacon_pca10040e_s112/main.o
 .text.sd_ble_gap_adv_start
                0x000000000001bd24        0x4 Output/Release/Obj/ble_app_beacon_pca10040e_s112/main.o
 .text.startup.main
                0x000000000001bd28      0x108 Output/Release/Obj/ble_app_beacon_pca10040e_s112/main.o
                0x000000000001bd28                main
 .text.sd_ble_gap_addr_get
                0x000000000001be30        0x4 Output/Release/Obj/ble_app_beacon_pca10040e_s112/ble_advdata.o
 .text.sd_ble_gap_appearance_get
                0x000000000001be34        0x4 Output/Release/Obj/ble_app_beacon_pca10040e_s112/ble_advdata.o
 .text.sd_ble_gap_device_name_get
                0x000000000001be38        0x4 Output/Release/Obj/ble_app_beacon_pca10040e_s112/ble_advdata.o
 .text.sd_ble_uuid_encode
                0x000000000001be3c        0x4 Output/Release/Obj/ble_app_beacon_pca10040e_s112/ble_advdata.o
 .text.uuid_list_sized_encode
                0x000000000001be40       0xac Output/Release/Obj/ble_app_beacon_pca10040e_s112/ble_advdata.o
 .text.uuid_list_encode
                0x000000000001beec       0x38 Output/Release/Obj/ble_app_beacon_pca10040e_s112/ble_advdata.o
 .text.ble_advdata_encode
                0x000000000001bf24      0x38e Output/Release/Obj/ble_app_beacon_pca10040e_s112/ble_advdata.o
                0x000000000001bf24                ble_advdata_encode
 .text.sd_softdevice_enable
                0x000000000001c2b2        0x4 Output/Release/Obj/ble_app_beacon_pca10040e_s112/nrf_sdh.o
 *fill*         0x000000000001c2b6        0x2 
 .text.sdh_request_observer_notify
                0x000000000001c2b8       0x30 Output/Release/Obj/ble_app_beacon_pca10040e_s112/nrf_sdh.o
 .text.sdh_state_observer_notify
                0x000000000001c2e8       0x28 Output/Release/Obj/ble_app_beacon_pca10040e_s112/nrf_sdh.o
 .text.softdevices_evt_irq_enable
                0x000000000001c310       0x38 Output/Release/Obj/ble_app_beacon_pca10040e_s112/nrf_sdh.o
 .text.nrf_sdh_enable_request
                0x000000000001c348       0x7c Output/Release/Obj/ble_app_beacon_pca10040e_s112/nrf_sdh.o
                0x000000000001c348                nrf_sdh_enable_request
 .text.nrf_sdh_is_enabled
                0x000000000001c3c4        0xc Output/Release/Obj/ble_app_beacon_pca10040e_s112/nrf_sdh.o
                0x000000000001c3c4                nrf_sdh_is_enabled
 .text.nrf_sdh_evts_poll
                0x000000000001c3d0       0x28 Output/Release/Obj/ble_app_beacon_pca10040e_s112/nrf_sdh.o
                0x000000000001c3d0                nrf_sdh_evts_poll
 .text.SWI2_IRQHandler
                0x000000000001c3f8        0x4 Output/Release/Obj/ble_app_beacon_pca10040e_s112/nrf_sdh.o
                0x000000000001c3f8                SWI2_IRQHandler
 .text.sd_ble_enable
                0x000000000001c3fc        0x4 Output/Release/Obj/ble_app_beacon_pca10040e_s112/nrf_sdh_ble.o
 .text.sd_ble_cfg_set
                0x000000000001c400        0x4 Output/Release/Obj/ble_app_beacon_pca10040e_s112/nrf_sdh_ble.o
 .text.sd_ble_evt_get
                0x000000000001c404        0x4 Output/Release/Obj/ble_app_beacon_pca10040e_s112/nrf_sdh_ble.o
 .text.nrf_sdh_ble_evts_poll
                0x000000000001c408       0x58 Output/Release/Obj/ble_app_beacon_pca10040e_s112/nrf_sdh_ble.o
 .text.nrf_sdh_ble_default_cfg_set
                0x000000000001c460      0x130 Output/Release/Obj/ble_app_beacon_pca10040e_s112/nrf_sdh_ble.o
                0x000000000001c460                nrf_sdh_ble_default_cfg_set
 .text.nrf_sdh_ble_enable
                0x000000000001c590       0x94 Output/Release/Obj/ble_app_beacon_pca10040e_s112/nrf_sdh_ble.o
                0x000000000001c590                nrf_sdh_ble_enable
 .text.sd_evt_get
                0x000000000001c624        0x4 Output/Release/Obj/ble_app_beacon_pca10040e_s112/nrf_sdh_soc.o
 .text.nrf_sdh_soc_evts_poll
                0x000000000001c628       0x40 Output/Release/Obj/ble_app_beacon_pca10040e_s112/nrf_sdh_soc.o
 .text.libc.__SEGGER_RTL_ascii_mbtowc
                0x000000000001c668       0x30 C:/Program Files/SEGGER/SEGGER Embedded Studio for ARM 7.12a/lib/libc_v7em_t_le_eabi_balanced.a(mbops.o)
                0x000000000001c668                __SEGGER_RTL_ascii_mbtowc
 .text.libc.__SEGGER_RTL_ascii_wctomb
                0x000000000001c698        0xe C:/Program Files/SEGGER/SEGGER Embedded Studio for ARM 7.12a/lib/libc_v7em_t_le_eabi_balanced.a(mbops.o)
                0x000000000001c698                __SEGGER_RTL_ascii_wctomb
 .text.libc.__SEGGER_RTL_isctype
                0x000000000001c6a6       0x20 C:/Program Files/SEGGER/SEGGER Embedded Studio for ARM 7.12a/lib/libc_v7em_t_le_eabi_balanced.a(mbops.o)
 .text.libc.isprint
                0x000000000001c6c6        0x6 C:/Program Files/SEGGER/SEGGER Embedded Studio for ARM 7.12a/lib/libc_v7em_t_le_eabi_balanced.a(mbops.o)
                0x000000000001c6c6                isprint
 .text.libc.__SEGGER_RTL_ascii_isctype
                0x000000000001c6cc       0x20 C:/Program Files/SEGGER/SEGGER Embedded Studio for ARM 7.12a/lib/libc_v7em_t_le_eabi_balanced.a(mbops.o)
 .text.libc.__SEGGER_RTL_ascii_toupper
                0x000000000001c6ec        0xc C:/Program Files/SEGGER/SEGGER Embedded Studio for ARM 7.12a/lib/libc_v7em_t_le_eabi_balanced.a(mbops.o)
 .text.libc.__SEGGER_RTL_ascii_tolower
                0x000000000001c6f8        0xc C:/Program Files/SEGGER/SEGGER Embedded Studio for ARM 7.12a/lib/libc_v7em_t_le_eabi_balanced.a(mbops.o)
 .text.libc.__SEGGER_RTL_ascii_iswctype
                0x000000000001c704       0x20 C:/Program Files/SEGGER/SEGGER Embedded Studio for ARM 7.12a/lib/libc_v7em_t_le_eabi_balanced.a(mbops.o)
 .text.libc.__SEGGER_RTL_ascii_towupper
                0x000000000001c724        0xc C:/Program Files/SEGGER/SEGGER Embedded Studio for ARM 7.12a/lib/libc_v7em_t_le_eabi_balanced.a(mbops.o)
 .text.libc.__SEGGER_RTL_ascii_towlower
                0x000000000001c730        0xc C:/Program Files/SEGGER/SEGGER Embedded Studio for ARM 7.12a/lib/libc_v7em_t_le_eabi_balanced.a(mbops.o)
 .text.libc.strlen
                0x000000000001c73c       0x60 C:/Program Files/SEGGER/SEGGER Embedded Studio for ARM 7.12a/lib/libc_v7em_t_le_eabi_balanced.a(strasmops_arm.o)
                0x000000000001c73c                strlen
 .text.libc.memcpy
                0x000000000001c79c       0x5c C:/Program Files/SEGGER/SEGGER Embedded Studio for ARM 7.12a/lib/libc_v7em_t_le_eabi_balanced.a(strasmops_arm.o)
                0x000000000001c79c                __aeabi_memcpy
                0x000000000001c79c                memcpy
                0x000000000001c7ba                __aeabi_memcpy8
                0x000000000001c7ba                __aeabi_memcpy4
 .text.libc.__aeabi_memclr
                0x000000000001c7f8       0x68 C:/Program Files/SEGGER/SEGGER Embedded Studio for ARM 7.12a/lib/libc_v7em_t_le_eabi_balanced.a(strasmops_arm.o)
                0x000000000001c7f8                __aeabi_memclr8
                0x000000000001c7f8                __aeabi_memclr
                0x000000000001c7f8                __aeabi_memclr4
                0x000000000001c7fa                __aeabi_memset4
                0x000000000001c7fa                __aeabi_memset8
                0x000000000001c7fa                __aeabi_memset
                0x000000000001c800                memset
 .text.libc.__SEGGER_RTL_init_heap
                0x000000000001c860       0x14 C:/Program Files/SEGGER/SEGGER Embedded Studio for ARM 7.12a/lib/heapops_basic_v7em_t_le_eabi_balanced.a(heapops_basic.o)
                0x000000000001c860                __SEGGER_RTL_init_heap
                0x000000000001c874                __text_end__ = (__text_start__ + SIZEOF (.text))
                0x000000000000348c                __text_size__ = SIZEOF (.text)
                0x000000000001c874                __text_load_end__ = __text_end__

.vfp11_veneer   0x0000000100000000        0x0
 .vfp11_veneer  0x0000000100000000        0x0 linker stubs

.v4_bx          0x0000000100000000        0x0
 .v4_bx         0x0000000100000000        0x0 linker stubs

.iplt           0x0000000100000000        0x0
 .iplt          0x0000000100000000        0x0 Output/Release/Obj/ble_app_beacon_pca10040e_s112/thumb_crt0.o
                0x0000000000000001                . = ASSERT (((__text_start__ == __text_end__) || ((__text_end__ - __FLASH1_segment_start__) <= __FLASH1_segment_size__)), error: .text is too large to fit in FLASH1 memory segment)
                0x000000000001c874                __sdh_soc_observers_load_start__ = ALIGN (__text_end__, 0x4)

.sdh_soc_observers
                0x000000000001c874        0x8
                0x000000000001c874                __sdh_soc_observers_start__ = .
                0x000000000001c874                __start_sdh_soc_observers = __sdh_soc_observers_start__
 *(SORT_BY_NAME(.sdh_soc_observers*))
 .sdh_soc_observers0
                0x000000000001c874        0x8 Output/Release/Obj/ble_app_beacon_pca10040e_s112/nrf_drv_clock.o
                0x000000000001c87c                __sdh_soc_observers_end__ = (__sdh_soc_observers_start__ + SIZEOF (.sdh_soc_observers))
                0x0000000000000008                __sdh_soc_observers_size__ = SIZEOF (.sdh_soc_observers)
                0x000000000001c87c                __stop_sdh_soc_observers = __sdh_soc_observers_end__
                0x000000000001c87c                __sdh_soc_observers_load_end__ = __sdh_soc_observers_end__
                0x0000000000000001                . = ASSERT (((__sdh_soc_observers_start__ == __sdh_soc_observers_end__) || ((__sdh_soc_observers_end__ - __FLASH1_segment_start__) <= __FLASH1_segment_size__)), error: .sdh_soc_observers is too large to fit in FLASH1 memory segment)
                0x000000000001c87c                __sdh_ble_observers_load_start__ = ALIGN (__sdh_soc_observers_end__, 0x4)

.sdh_ble_observers
                0x000000000001c87c        0x0
                0x000000000001c87c                __sdh_ble_observers_start__ = .
                0x000000000001c87c                __start_sdh_ble_observers = __sdh_ble_observers_start__
 *(SORT_BY_NAME(.sdh_ble_observers*))
                0x000000000001c87c                __sdh_ble_observers_end__ = (__sdh_ble_observers_start__ + SIZEOF (.sdh_ble_observers))
                0x0000000000000000                __sdh_ble_observers_size__ = SIZEOF (.sdh_ble_observers)
                0x000000000001c87c                __stop_sdh_ble_observers = __sdh_ble_observers_end__
                0x000000000001c87c                __sdh_ble_observers_load_end__ = __sdh_ble_observers_end__
                0x0000000000000001                . = ASSERT (((__sdh_ble_observers_start__ == __sdh_ble_observers_end__) || ((__sdh_ble_observers_end__ - __FLASH1_segment_start__) <= __FLASH1_segment_size__)), error: .sdh_ble_observers is too large to fit in FLASH1 memory segment)
                0x000000000001c87c                __pwr_mgmt_data_load_start__ = ALIGN (__sdh_ble_observers_end__, 0x4)

.pwr_mgmt_data  0x000000000001c87c        0x0
                0x000000000001c87c                __pwr_mgmt_data_start__ = .
                0x000000000001c87c                __start_pwr_mgmt_data = __pwr_mgmt_data_start__
 *(SORT_BY_NAME(.pwr_mgmt_data*))
                0x000000000001c87c                __pwr_mgmt_data_end__ = (__pwr_mgmt_data_start__ + SIZEOF (.pwr_mgmt_data))
                0x0000000000000000                __pwr_mgmt_data_size__ = SIZEOF (.pwr_mgmt_data)
                0x000000000001c87c                __stop_pwr_mgmt_data = __pwr_mgmt_data_end__
                0x000000000001c87c                __pwr_mgmt_data_load_end__ = __pwr_mgmt_data_end__
                0x0000000000000001                . = ASSERT (((__pwr_mgmt_data_start__ == __pwr_mgmt_data_end__) || ((__pwr_mgmt_data_end__ - __FLASH1_segment_start__) <= __FLASH1_segment_size__)), error: .pwr_mgmt_data is too large to fit in FLASH1 memory segment)
                0x000000000001c87c                __sdh_req_observers_load_start__ = ALIGN (__pwr_mgmt_data_end__, 0x4)

.sdh_req_observers
                0x000000000001c87c        0x0
                0x000000000001c87c                __sdh_req_observers_start__ = .
                0x000000000001c87c                __start_sdh_req_observers = __sdh_req_observers_start__
 *(SORT_BY_NAME(.sdh_req_observers*))
                0x000000000001c87c                __sdh_req_observers_end__ = (__sdh_req_observers_start__ + SIZEOF (.sdh_req_observers))
                0x0000000000000000                __sdh_req_observers_size__ = SIZEOF (.sdh_req_observers)
                0x000000000001c87c                __stop_sdh_req_observers = __sdh_req_observers_end__
                0x000000000001c87c                __sdh_req_observers_load_end__ = __sdh_req_observers_end__
                0x0000000000000001                . = ASSERT (((__sdh_req_observers_start__ == __sdh_req_observers_end__) || ((__sdh_req_observers_end__ - __FLASH1_segment_start__) <= __FLASH1_segment_size__)), error: .sdh_req_observers is too large to fit in FLASH1 memory segment)
                0x000000000001c87c                __sdh_state_observers_load_start__ = ALIGN (__sdh_req_observers_end__, 0x4)

.sdh_state_observers
                0x000000000001c87c        0x8
                0x000000000001c87c                __sdh_state_observers_start__ = .
                0x000000000001c87c                __start_sdh_state_observers = __sdh_state_observers_start__
 *(SORT_BY_NAME(.sdh_state_observers*))
 .sdh_state_observers0
                0x000000000001c87c        0x8 Output/Release/Obj/ble_app_beacon_pca10040e_s112/nrf_drv_clock.o
                0x000000000001c884                __sdh_state_observers_end__ = (__sdh_state_observers_start__ + SIZEOF (.sdh_state_observers))
                0x0000000000000008                __sdh_state_observers_size__ = SIZEOF (.sdh_state_observers)
                0x000000000001c884                __stop_sdh_state_observers = __sdh_state_observers_end__
                0x000000000001c884                __sdh_state_observers_load_end__ = __sdh_state_observers_end__
                0x0000000000000001                . = ASSERT (((__sdh_state_observers_start__ == __sdh_state_observers_end__) || ((__sdh_state_observers_end__ - __FLASH1_segment_start__) <= __FLASH1_segment_size__)), error: .sdh_state_observers is too large to fit in FLASH1 memory segment)
                0x000000000001c884                __sdh_stack_observers_load_start__ = ALIGN (__sdh_state_observers_end__, 0x4)

.sdh_stack_observers
                0x000000000001c884       0x10
                0x000000000001c884                __sdh_stack_observers_start__ = .
                0x000000000001c884                __start_sdh_stack_observers = __sdh_stack_observers_start__
 *(SORT_BY_NAME(.sdh_stack_observers*))
 .sdh_stack_observers0
                0x000000000001c884        0x8 Output/Release/Obj/ble_app_beacon_pca10040e_s112/nrf_sdh_ble.o
 .sdh_stack_observers0
                0x000000000001c88c        0x8 Output/Release/Obj/ble_app_beacon_pca10040e_s112/nrf_sdh_soc.o
                0x000000000001c894                __sdh_stack_observers_end__ = (__sdh_stack_observers_start__ + SIZEOF (.sdh_stack_observers))
                0x0000000000000010                __sdh_stack_observers_size__ = SIZEOF (.sdh_stack_observers)
                0x000000000001c894                __stop_sdh_stack_observers = __sdh_stack_observers_end__
                0x000000000001c894                __sdh_stack_observers_load_end__ = __sdh_stack_observers_end__
                0x0000000000000001                . = ASSERT (((__sdh_stack_observers_start__ == __sdh_stack_observers_end__) || ((__sdh_stack_observers_end__ - __FLASH1_segment_start__) <= __FLASH1_segment_size__)), error: .sdh_stack_observers is too large to fit in FLASH1 memory segment)
                0x000000000001c894                __nrf_queue_load_start__ = ALIGN (__sdh_stack_observers_end__, 0x4)

.nrf_queue      0x000000000001c894        0x0
                0x000000000001c894                __nrf_queue_start__ = .
                0x000000000001c894                __start_nrf_queue = __nrf_queue_start__
 *(.nrf_queue*)
                0x000000000001c894                __nrf_queue_end__ = (__nrf_queue_start__ + SIZEOF (.nrf_queue))
                0x0000000000000000                __nrf_queue_size__ = SIZEOF (.nrf_queue)
                0x000000000001c894                __stop_nrf_queue = __nrf_queue_end__
                0x000000000001c894                __nrf_queue_load_end__ = __nrf_queue_end__
                0x0000000000000001                . = ASSERT (((__nrf_queue_start__ == __nrf_queue_end__) || ((__nrf_queue_end__ - __FLASH1_segment_start__) <= __FLASH1_segment_size__)), error: .nrf_queue is too large to fit in FLASH1 memory segment)
                0x000000000001c894                __nrf_balloc_load_start__ = ALIGN (__nrf_queue_end__, 0x4)

.nrf_balloc     0x000000000001c894       0x14
                0x000000000001c894                __nrf_balloc_start__ = .
                0x000000000001c894                __start_nrf_balloc = __nrf_balloc_start__
 *(.nrf_balloc*)
 .nrf_balloc    0x000000000001c894       0x14 Output/Release/Obj/ble_app_beacon_pca10040e_s112/nrf_log_frontend.o
                0x000000000001c894                log_mempool
                0x000000000001c8a8                __nrf_balloc_end__ = (__nrf_balloc_start__ + SIZEOF (.nrf_balloc))
                0x0000000000000014                __nrf_balloc_size__ = SIZEOF (.nrf_balloc)
                0x000000000001c8a8                __stop_nrf_balloc = __nrf_balloc_end__
                0x000000000001c8a8                __nrf_balloc_load_end__ = __nrf_balloc_end__
                0x0000000000000001                . = ASSERT (((__nrf_balloc_start__ == __nrf_balloc_end__) || ((__nrf_balloc_end__ - __FLASH1_segment_start__) <= __FLASH1_segment_size__)), error: .nrf_balloc is too large to fit in FLASH1 memory segment)
                0x000000000001c8a8                __cli_command_load_start__ = ALIGN (__nrf_balloc_end__, 0x4)

.cli_command    0x000000000001c8a8        0x0
                0x000000000001c8a8                __cli_command_start__ = .
                0x000000000001c8a8                __start_cli_command = __cli_command_start__
 *(.cli_command*)
                0x000000000001c8a8                __cli_command_end__ = (__cli_command_start__ + SIZEOF (.cli_command))
                0x0000000000000000                __cli_command_size__ = SIZEOF (.cli_command)
                0x000000000001c8a8                __stop_cli_command = __cli_command_end__
                0x000000000001c8a8                __cli_command_load_end__ = __cli_command_end__
                0x0000000000000001                . = ASSERT (((__cli_command_start__ == __cli_command_end__) || ((__cli_command_end__ - __FLASH1_segment_start__) <= __FLASH1_segment_size__)), error: .cli_command is too large to fit in FLASH1 memory segment)
                0x000000000001c8a8                __crypto_data_load_start__ = ALIGN (__cli_command_end__, 0x4)

.crypto_data    0x000000000001c8a8        0x0
                0x000000000001c8a8                __crypto_data_start__ = .
                0x000000000001c8a8                __start_crypto_data = __crypto_data_start__
 *(SORT_BY_NAME(.crypto_data*))
                0x000000000001c8a8                __crypto_data_end__ = (__crypto_data_start__ + SIZEOF (.crypto_data))
                0x0000000000000000                __crypto_data_size__ = SIZEOF (.crypto_data)
                0x000000000001c8a8                __stop_crypto_data = __crypto_data_end__
                0x000000000001c8a8                __crypto_data_load_end__ = __crypto_data_end__
                0x0000000000000001                . = ASSERT (((__crypto_data_start__ == __crypto_data_end__) || ((__crypto_data_end__ - __FLASH1_segment_start__) <= __FLASH1_segment_size__)), error: .crypto_data is too large to fit in FLASH1 memory segment)
                0x000000000001c8a8                __log_const_data_load_start__ = ALIGN (__crypto_data_end__, 0x4)

.log_const_data
                0x000000000001c8a8       0x70
                0x000000000001c8a8                __log_const_data_start__ = .
                0x000000000001c8a8                __start_log_const_data = __log_const_data_start__
 *(SORT_BY_NAME(.log_const_data*))
 .log_const_data_CLOCK
                0x000000000001c8a8        0x8 Output/Release/Obj/ble_app_beacon_pca10040e_s112/nrfx_clock.o
                0x000000000001c8a8                m_nrf_log_CLOCK_logs_data_const
 .log_const_data_GPIOTE
                0x000000000001c8b0        0x8 Output/Release/Obj/ble_app_beacon_pca10040e_s112/nrfx_gpiote.o
                0x000000000001c8b0                m_nrf_log_GPIOTE_logs_data_const
 .log_const_data_PRS
                0x000000000001c8b8        0x8 Output/Release/Obj/ble_app_beacon_pca10040e_s112/nrfx_prs.o
                0x000000000001c8b8                m_nrf_log_PRS_logs_data_const
 .log_const_data_UART
                0x000000000001c8c0        0x8 Output/Release/Obj/ble_app_beacon_pca10040e_s112/nrfx_uart.o
                0x000000000001c8c0                m_nrf_log_UART_logs_data_const
 .log_const_data_UARTE
                0x000000000001c8c8        0x8 Output/Release/Obj/ble_app_beacon_pca10040e_s112/nrfx_uarte.o
                0x000000000001c8c8                m_nrf_log_UARTE_logs_data_const
 .log_const_data_app
                0x000000000001c8d0        0x8 Output/Release/Obj/ble_app_beacon_pca10040e_s112/nrf_log_frontend.o
                0x000000000001c8d0                m_nrf_log_app_logs_data_const
 .log_const_data_app_button
                0x000000000001c8d8        0x8 Output/Release/Obj/ble_app_beacon_pca10040e_s112/app_button.o
                0x000000000001c8d8                m_nrf_log_app_button_logs_data_const
 .log_const_data_app_timer
                0x000000000001c8e0        0x8 Output/Release/Obj/ble_app_beacon_pca10040e_s112/app_timer2.o
                0x000000000001c8e0                m_nrf_log_app_timer_logs_data_const
 .log_const_data_clock
                0x000000000001c8e8        0x8 Output/Release/Obj/ble_app_beacon_pca10040e_s112/nrf_drv_clock.o
                0x000000000001c8e8                m_nrf_log_clock_logs_data_const
 .log_const_data_nrf_sdh
                0x000000000001c8f0        0x8 Output/Release/Obj/ble_app_beacon_pca10040e_s112/nrf_sdh.o
                0x000000000001c8f0                m_nrf_log_nrf_sdh_logs_data_const
 .log_const_data_nrf_sdh_ble
                0x000000000001c8f8        0x8 Output/Release/Obj/ble_app_beacon_pca10040e_s112/nrf_sdh_ble.o
                0x000000000001c8f8                m_nrf_log_nrf_sdh_ble_logs_data_const
 .log_const_data_nrf_sdh_soc
                0x000000000001c900        0x8 Output/Release/Obj/ble_app_beacon_pca10040e_s112/nrf_sdh_soc.o
                0x000000000001c900                m_nrf_log_nrf_sdh_soc_logs_data_const
 .log_const_data_pwr_mgmt
                0x000000000001c908        0x8 Output/Release/Obj/ble_app_beacon_pca10040e_s112/nrf_pwr_mgmt.o
                0x000000000001c908                m_nrf_log_pwr_mgmt_logs_data_const
 .log_const_data_sortlist
                0x000000000001c910        0x8 Output/Release/Obj/ble_app_beacon_pca10040e_s112/nrf_sortlist.o
                0x000000000001c910                m_nrf_log_sortlist_logs_data_const
                0x000000000001c918                __log_const_data_end__ = (__log_const_data_start__ + SIZEOF (.log_const_data))
                0x0000000000000070                __log_const_data_size__ = SIZEOF (.log_const_data)
                0x000000000001c918                __stop_log_const_data = __log_const_data_end__
                0x000000000001c918                __log_const_data_load_end__ = __log_const_data_end__
                0x0000000000000001                . = ASSERT (((__log_const_data_start__ == __log_const_data_end__) || ((__log_const_data_end__ - __FLASH1_segment_start__) <= __FLASH1_segment_size__)), error: .log_const_data is too large to fit in FLASH1 memory segment)
                0x000000000001c918                __log_backends_load_start__ = ALIGN (__log_const_data_end__, 0x4)

.log_backends   0x000000000001c918       0x10
                0x000000000001c918                __log_backends_start__ = .
                0x000000000001c918                __start_log_backends = __log_backends_start__
 *(SORT_BY_NAME(.log_backends*))
 .log_backends  0x000000000001c918       0x10 Output/Release/Obj/ble_app_beacon_pca10040e_s112/nrf_log_default_backends.o
                0x000000000001c928                __log_backends_end__ = (__log_backends_start__ + SIZEOF (.log_backends))
                0x0000000000000010                __log_backends_size__ = SIZEOF (.log_backends)
                0x000000000001c928                __stop_log_backends = __log_backends_end__
                0x000000000001c928                __log_backends_load_end__ = __log_backends_end__
                0x0000000000000001                . = ASSERT (((__log_backends_start__ == __log_backends_end__) || ((__log_backends_end__ - __FLASH1_segment_start__) <= __FLASH1_segment_size__)), error: .log_backends is too large to fit in FLASH1 memory segment)
                0x000000000001c928                __nrf_sections_load_start__ = ALIGN (__log_backends_end__, 0x4)

.nrf_sections   0x000000000001c928        0x0
                0x000000000001c928                __nrf_sections_start__ = .
                0x000000000001c928                __start_nrf_sections = __nrf_sections_start__
 *(.nrf_sections .nrf_sections.*)
                0x000000000001c928                __nrf_sections_end__ = (__nrf_sections_start__ + SIZEOF (.nrf_sections))
                0x0000000000000000                __nrf_sections_size__ = SIZEOF (.nrf_sections)
                0x000000000001c928                __nrf_sections_load_end__ = __nrf_sections_end__
                0x0000000000000001                . = ASSERT (((__nrf_sections_start__ == __nrf_sections_end__) || ((__nrf_sections_end__ - __FLASH1_segment_start__) <= __FLASH1_segment_size__)), error: .nrf_sections is too large to fit in FLASH1 memory segment)
                0x000000000001c928                __cli_sorted_cmd_ptrs_load_start__ = ALIGN (__nrf_sections_end__, 0x4)

.cli_sorted_cmd_ptrs
                0x0000000020001118        0x0 load address 0x000000000001c928
                0x0000000020001118                __cli_sorted_cmd_ptrs_start__ = .
 *(.cli_sorted_cmd_ptrs*)
                0x0000000020001118                __cli_sorted_cmd_ptrs_end__ = (__cli_sorted_cmd_ptrs_start__ + SIZEOF (.cli_sorted_cmd_ptrs))
                0x0000000000000000                __cli_sorted_cmd_ptrs_size__ = SIZEOF (.cli_sorted_cmd_ptrs)
                0x000000000001c928                __cli_sorted_cmd_ptrs_load_end__ = (__cli_sorted_cmd_ptrs_load_start__ + SIZEOF (.cli_sorted_cmd_ptrs))
                0x0000000000000001                . = ASSERT (((__cli_sorted_cmd_ptrs_load_start__ == __cli_sorted_cmd_ptrs_load_end__) || ((__cli_sorted_cmd_ptrs_load_end__ - __FLASH1_segment_start__) <= __FLASH1_segment_size__)), error: .cli_sorted_cmd_ptrs is too large to fit in FLASH1 memory segment)

.cli_sorted_cmd_ptrs_run
                0x0000000020001118        0x0
                0x0000000020001118                __cli_sorted_cmd_ptrs_run_start__ = .
                0x0000000020001118                __start_cli_sorted_cmd_ptrs = __cli_sorted_cmd_ptrs_run_start__
                0x0000000020001118                __cli_sorted_cmd_ptrs_run_end__ = (__cli_sorted_cmd_ptrs_run_start__ + SIZEOF (.cli_sorted_cmd_ptrs))
                0x0000000000000000                __cli_sorted_cmd_ptrs_run_size__ = (__cli_sorted_cmd_ptrs_run_end__ - __cli_sorted_cmd_ptrs_run_start__)
                0x0000000020001118                __stop_cli_sorted_cmd_ptrs = __cli_sorted_cmd_ptrs_run_end__
                0x0000000020001118                __cli_sorted_cmd_ptrs_run_load_end__ = __cli_sorted_cmd_ptrs_run_end__
                0x0000000000000001                . = ASSERT (((__cli_sorted_cmd_ptrs_run_start__ == __cli_sorted_cmd_ptrs_run_end__) || ((__cli_sorted_cmd_ptrs_run_end__ - __RAM1_segment_start__) <= __RAM1_segment_size__)), error: .cli_sorted_cmd_ptrs_run is too large to fit in RAM1 memory segment)
                0x000000000001c928                __fs_data_load_start__ = ALIGN ((__cli_sorted_cmd_ptrs_load_start__ + SIZEOF (.cli_sorted_cmd_ptrs)), 0x4)

.fs_data        0x0000000020001118        0x0 load address 0x000000000001c928
                0x0000000020001118                __fs_data_start__ = .
 *(.fs_data*)
                0x0000000020001118                __fs_data_end__ = (__fs_data_start__ + SIZEOF (.fs_data))
                0x0000000000000000                __fs_data_size__ = SIZEOF (.fs_data)
                0x000000000001c928                __fs_data_load_end__ = (__fs_data_load_start__ + SIZEOF (.fs_data))
                0x0000000000000001                . = ASSERT (((__fs_data_load_start__ == __fs_data_load_end__) || ((__fs_data_load_end__ - __FLASH1_segment_start__) <= __FLASH1_segment_size__)), error: .fs_data is too large to fit in FLASH1 memory segment)

.fs_data_run    0x0000000020001118        0x0
                0x0000000020001118                __fs_data_run_start__ = .
                0x0000000020001118                __start_fs_data = __fs_data_run_start__
                0x0000000020001118                __fs_data_run_end__ = (__fs_data_run_start__ + SIZEOF (.fs_data))
                0x0000000000000000                __fs_data_run_size__ = (__fs_data_run_end__ - __fs_data_run_start__)
                0x0000000020001118                __stop_fs_data = __fs_data_run_end__
                0x0000000020001118                __fs_data_run_load_end__ = __fs_data_run_end__
                0x0000000000000001                . = ASSERT (((__fs_data_run_start__ == __fs_data_run_end__) || ((__fs_data_run_end__ - __RAM1_segment_start__) <= __RAM1_segment_size__)), error: .fs_data_run is too large to fit in RAM1 memory segment)
                0x000000000001c928                __log_dynamic_data_load_start__ = ALIGN ((__fs_data_load_start__ + SIZEOF (.fs_data)), 0x4)

.log_dynamic_data
                0x0000000020001118        0x0 load address 0x000000000001c928
                0x0000000020001118                __log_dynamic_data_start__ = .
 *(SORT_BY_NAME(.log_dynamic_data*))
                0x0000000020001118                __log_dynamic_data_end__ = (__log_dynamic_data_start__ + SIZEOF (.log_dynamic_data))
                0x0000000000000000                __log_dynamic_data_size__ = SIZEOF (.log_dynamic_data)
                0x000000000001c928                __log_dynamic_data_load_end__ = (__log_dynamic_data_load_start__ + SIZEOF (.log_dynamic_data))
                0x0000000000000001                . = ASSERT (((__log_dynamic_data_load_start__ == __log_dynamic_data_load_end__) || ((__log_dynamic_data_load_end__ - __FLASH1_segment_start__) <= __FLASH1_segment_size__)), error: .log_dynamic_data is too large to fit in FLASH1 memory segment)

.log_dynamic_data_run
                0x0000000020001118        0x0
                0x0000000020001118                __log_dynamic_data_run_start__ = .
                0x0000000020001118                __start_log_dynamic_data = __log_dynamic_data_run_start__
                0x0000000020001118                __log_dynamic_data_run_end__ = (__log_dynamic_data_run_start__ + SIZEOF (.log_dynamic_data))
                0x0000000000000000                __log_dynamic_data_run_size__ = (__log_dynamic_data_run_end__ - __log_dynamic_data_run_start__)
                0x0000000020001118                __stop_log_dynamic_data = __log_dynamic_data_run_end__
                0x0000000020001118                __log_dynamic_data_run_load_end__ = __log_dynamic_data_run_end__
                0x0000000000000001                . = ASSERT (((__log_dynamic_data_run_start__ == __log_dynamic_data_run_end__) || ((__log_dynamic_data_run_end__ - __RAM1_segment_start__) <= __RAM1_segment_size__)), error: .log_dynamic_data_run is too large to fit in RAM1 memory segment)
                0x000000000001c928                __log_filter_data_load_start__ = ALIGN ((__log_dynamic_data_load_start__ + SIZEOF (.log_dynamic_data)), 0x4)

.log_filter_data
                0x0000000020001118        0x0 load address 0x000000000001c928
                0x0000000020001118                __log_filter_data_start__ = .
 *(SORT_BY_NAME(.log_filter_data*))
                0x0000000020001118                __log_filter_data_end__ = (__log_filter_data_start__ + SIZEOF (.log_filter_data))
                0x0000000000000000                __log_filter_data_size__ = SIZEOF (.log_filter_data)
                0x000000000001c928                __log_filter_data_load_end__ = (__log_filter_data_load_start__ + SIZEOF (.log_filter_data))
                0x0000000000000001                . = ASSERT (((__log_filter_data_load_start__ == __log_filter_data_load_end__) || ((__log_filter_data_load_end__ - __FLASH1_segment_start__) <= __FLASH1_segment_size__)), error: .log_filter_data is too large to fit in FLASH1 memory segment)

.log_filter_data_run
                0x0000000020001118        0x0
                0x0000000020001118                __log_filter_data_run_start__ = .
                0x0000000020001118                __start_log_filter_data = __log_filter_data_run_start__
                0x0000000020001118                __log_filter_data_run_end__ = (__log_filter_data_run_start__ + SIZEOF (.log_filter_data))
                0x0000000000000000                __log_filter_data_run_size__ = (__log_filter_data_run_end__ - __log_filter_data_run_start__)
                0x0000000020001118                __stop_log_filter_data = __log_filter_data_run_end__
                0x0000000020001118                __log_filter_data_run_load_end__ = __log_filter_data_run_end__
                0x0000000000000001                . = ASSERT (((__log_filter_data_run_start__ == __log_filter_data_run_end__) || ((__log_filter_data_run_end__ - __RAM1_segment_start__) <= __RAM1_segment_size__)), error: .log_filter_data_run is too large to fit in RAM1 memory segment)
                0x0000000020001118                __nrf_sections_run_end_load_start__ = ALIGN (__log_filter_data_run_end__, 0x4)

.nrf_sections_run_end
                0x0000000020001118        0x0
                0x0000000020001118                __nrf_sections_run_end_start__ = .
                0x0000000020001118                __end_nrf_sections_run = __nrf_sections_run_end_start__
 *(.nrf_sections_run_end .nrf_sections_run_end.*)
                0x0000000020001118                __nrf_sections_run_end_end__ = (__nrf_sections_run_end_start__ + SIZEOF (.nrf_sections_run_end))
                0x0000000000000000                __nrf_sections_run_end_size__ = SIZEOF (.nrf_sections_run_end)
                0x0000000020001118                __nrf_sections_run_end_load_end__ = __nrf_sections_run_end_end__
                0x0000000000000001                . = ASSERT (((__nrf_sections_run_end_start__ == __nrf_sections_run_end_end__) || ((__nrf_sections_run_end_end__ - __RAM1_segment_start__) <= __RAM1_segment_size__)), error: .nrf_sections_run_end is too large to fit in RAM1 memory segment)
                0x000000000001c928                __dtors_load_start__ = ALIGN ((__log_filter_data_load_start__ + SIZEOF (.log_filter_data)), 0x4)

.dtors          0x000000000001c928        0x0
                0x000000000001c928                __dtors_start__ = .
 *(SORT_BY_NAME(.dtors.*))
 *(.dtors)
 *(.fini_array)
 *(SORT_BY_NAME(.fini_array.*))
                0x000000000001c928                __dtors_end__ = (__dtors_start__ + SIZEOF (.dtors))
                0x0000000000000000                __dtors_size__ = SIZEOF (.dtors)
                0x000000000001c928                __dtors_load_end__ = __dtors_end__
                0x0000000000000001                . = ASSERT (((__dtors_start__ == __dtors_end__) || ((__dtors_end__ - __FLASH1_segment_start__) <= __FLASH1_segment_size__)), error: .dtors is too large to fit in FLASH1 memory segment)
                0x000000000001c928                __ctors_load_start__ = ALIGN (__dtors_end__, 0x4)

.ctors          0x000000000001c928        0x0
                0x000000000001c928                __ctors_start__ = .
 *(SORT_BY_NAME(.ctors.*))
 *(.ctors)
 *(.init_array)
 *(SORT_BY_NAME(.init_array.*))
                0x000000000001c928                __ctors_end__ = (__ctors_start__ + SIZEOF (.ctors))
                0x0000000000000000                __ctors_size__ = SIZEOF (.ctors)
                0x000000000001c928                __ctors_load_end__ = __ctors_end__
                0x0000000000000001                . = ASSERT (((__ctors_start__ == __ctors_end__) || ((__ctors_end__ - __FLASH1_segment_start__) <= __FLASH1_segment_size__)), error: .ctors is too large to fit in FLASH1 memory segment)
                0x000000000001c928                __rodata_load_start__ = ALIGN (__ctors_end__, 0x4)

.rodata         0x000000000001c928      0xbc1
                0x000000000001c928                __rodata_start__ = .
 *(.rodata .rodata.* .gnu.linkonce.r.*)
 .rodata.nrf_log_backend_uart_api
                0x000000000001c928        0xc Output/Release/Obj/ble_app_beacon_pca10040e_s112/nrf_log_backend_uart.o
                0x000000000001c928                nrf_log_backend_uart_api
 .rodata        0x000000000001c934       0x20 Output/Release/Obj/ble_app_beacon_pca10040e_s112/nrf_log_backend_uart.o
 .rodata.str1.1
                0x000000000001c954       0x11 Output/Release/Obj/ble_app_beacon_pca10040e_s112/nrf_log_default_backends.o
 .rodata.nrf_log_frontend_dequeue.str1.1
                0x000000000001c965       0x11 Output/Release/Obj/ble_app_beacon_pca10040e_s112/nrf_log_frontend.o
 .rodata.str1.1
                0x000000000001c976        0x4 Output/Release/Obj/ble_app_beacon_pca10040e_s112/nrf_log_frontend.o
 *fill*         0x000000000001c97a        0x2 
 .rodata.m_log_push_ringbuf
                0x000000000001c97c        0xc Output/Release/Obj/ble_app_beacon_pca10040e_s112/nrf_log_frontend.o
 .rodata.postfix_process.str1.1
                0x000000000001c988        0x8 Output/Release/Obj/ble_app_beacon_pca10040e_s112/nrf_log_str_formatter.o
                                          0xb (size before relaxing)
 .rodata.prefix_process.constprop.0.str1.1
                0x000000000001c990       0x2a Output/Release/Obj/ble_app_beacon_pca10040e_s112/nrf_log_str_formatter.o
 .rodata.nrf_log_hexdump_entry_process.str1.1
                0x000000000001c9ba        0xf Output/Release/Obj/ble_app_beacon_pca10040e_s112/nrf_log_str_formatter.o
                                         0x11 (size before relaxing)
 .rodata.str1.1
                0x000000000001c9c9       0x4b Output/Release/Obj/ble_app_beacon_pca10040e_s112/nrf_log_str_formatter.o
                                         0x51 (size before relaxing)
 .rodata.m_colors
                0x000000000001ca14       0x24 Output/Release/Obj/ble_app_beacon_pca10040e_s112/nrf_log_str_formatter.o
 .rodata.severity_names
                0x000000000001ca38       0x14 Output/Release/Obj/ble_app_beacon_pca10040e_s112/nrf_log_str_formatter.o
 .rodata.str1.1
                0x000000000001ca4c        0xb Output/Release/Obj/ble_app_beacon_pca10040e_s112/app_button.o
 .rodata.app_error_fault_handler.str1.1
                0x000000000001ca57       0x19 Output/Release/Obj/ble_app_beacon_pca10040e_s112/app_error_weak.o
 .rodata.m_app_timer_sortlist
                0x000000000001ca70        0xc Output/Release/Obj/ble_app_beacon_pca10040e_s112/app_timer2.o
 .rodata.str1.1
                0x000000000001ca7c        0xa Output/Release/Obj/ble_app_beacon_pca10040e_s112/app_timer2.o
 .rodata        0x000000000001ca86        0x4 Output/Release/Obj/ble_app_beacon_pca10040e_s112/app_timer2.o
 .rodata.drv_rtc_init.str1.1
                0x000000000001ca8a       0x34 Output/Release/Obj/ble_app_beacon_pca10040e_s112/drv_rtc.o
 *fill*         0x000000000001cabe        0x2 
 .rodata.delay_machine_code.0
                0x000000000001cac0        0x6 Output/Release/Obj/ble_app_beacon_pca10040e_s112/drv_rtc.o
 .rodata._aV2C.0
                0x000000000001cac6       0x10 Output/Release/Obj/ble_app_beacon_pca10040e_s112/nrf_fprintf_format.o
 *fill*         0x000000000001cad6        0x2 
 .rodata.pwr_mgmt_data
                0x000000000001cad8        0xc Output/Release/Obj/ble_app_beacon_pca10040e_s112/nrf_pwr_mgmt.o
 .rodata.str1.1
                0x000000000001cae4        0x9 Output/Release/Obj/ble_app_beacon_pca10040e_s112/nrf_pwr_mgmt.o
 .rodata.str1.1
                0x000000000001caed        0x9 Output/Release/Obj/ble_app_beacon_pca10040e_s112/nrf_sortlist.o
 .rodata.str1.1
                0x000000000001caf6      0x3ba Output/Release/Obj/ble_app_beacon_pca10040e_s112/nrf_strerror.o
 .rodata.nrf_strerror_array
                0x000000000001ceb0      0x128 Output/Release/Obj/ble_app_beacon_pca10040e_s112/nrf_strerror.o
 .rodata.m_unknown_str
                0x000000000001cfd8       0x13 Output/Release/Obj/ble_app_beacon_pca10040e_s112/nrf_strerror.o
 .rodata.CSWTCH.21
                0x000000000001cfeb        0x5 Output/Release/Obj/ble_app_beacon_pca10040e_s112/system_nrf52810.o
 .rodata.CSWTCH.18
                0x000000000001cff0        0x5 Output/Release/Obj/ble_app_beacon_pca10040e_s112/system_nrf52810.o
 .rodata.CSWTCH.14
                0x000000000001cff5        0x5 Output/Release/Obj/ble_app_beacon_pca10040e_s112/system_nrf52810.o
 .rodata.CSWTCH.4
                0x000000000001cffa        0x5 Output/Release/Obj/ble_app_beacon_pca10040e_s112/system_nrf52810.o
 .rodata.str1.1
                0x000000000001cfff        0x6 Output/Release/Obj/ble_app_beacon_pca10040e_s112/nrf_drv_clock.o
 .rodata.str1.1
                0x000000000001d005        0x6 Output/Release/Obj/ble_app_beacon_pca10040e_s112/nrfx_clock.o
 .rodata.str1.1
                0x000000000001d00b        0x7 Output/Release/Obj/ble_app_beacon_pca10040e_s112/nrfx_gpiote.o
 .rodata.str1.1
                0x000000000001d012        0x4 Output/Release/Obj/ble_app_beacon_pca10040e_s112/nrfx_prs.o
 .rodata.str1.1
                0x000000000001d016        0x5 Output/Release/Obj/ble_app_beacon_pca10040e_s112/nrfx_uart.o
 .rodata.str1.1
                0x000000000001d01b        0x6 Output/Release/Obj/ble_app_beacon_pca10040e_s112/nrfx_uarte.o
 .rodata.main.str1.1
                0x000000000001d021       0x18 Output/Release/Obj/ble_app_beacon_pca10040e_s112/main.o
 *fill*         0x000000000001d039        0x3 
 .rodata.sdh_stack_observers
                0x000000000001d03c        0xc Output/Release/Obj/ble_app_beacon_pca10040e_s112/nrf_sdh.o
 .rodata.sdh_state_observers
                0x000000000001d048        0xc Output/Release/Obj/ble_app_beacon_pca10040e_s112/nrf_sdh.o
 .rodata.sdh_req_observers
                0x000000000001d054        0xc Output/Release/Obj/ble_app_beacon_pca10040e_s112/nrf_sdh.o
 .rodata.str1.1
                0x000000000001d060        0x8 Output/Release/Obj/ble_app_beacon_pca10040e_s112/nrf_sdh.o
 .rodata        0x000000000001d068        0x4 Output/Release/Obj/ble_app_beacon_pca10040e_s112/nrf_sdh.o
 .rodata.nrf_sdh_ble_default_cfg_set.str1.1
                0x000000000001d06c      0x182 Output/Release/Obj/ble_app_beacon_pca10040e_s112/nrf_sdh_ble.o
 .rodata.nrf_sdh_ble_enable.str1.1
                0x000000000001d1ee       0xa7 Output/Release/Obj/ble_app_beacon_pca10040e_s112/nrf_sdh_ble.o
 *fill*         0x000000000001d295        0x3 
 .rodata.sdh_ble_observers
                0x000000000001d298        0xc Output/Release/Obj/ble_app_beacon_pca10040e_s112/nrf_sdh_ble.o
 .rodata.str1.1
                0x000000000001d2a4        0xc Output/Release/Obj/ble_app_beacon_pca10040e_s112/nrf_sdh_ble.o
 .rodata.sdh_soc_observers
                0x000000000001d2b0        0xc Output/Release/Obj/ble_app_beacon_pca10040e_s112/nrf_sdh_soc.o
 .rodata.str1.1
                0x000000000001d2bc        0xc Output/Release/Obj/ble_app_beacon_pca10040e_s112/nrf_sdh_soc.o
 .rodata.libc.__SEGGER_RTL_c_locale
                0x000000000001d2c8        0xc C:/Program Files/SEGGER/SEGGER Embedded Studio for ARM 7.12a/lib/libc_v7em_t_le_eabi_balanced.a(mbops.o)
                0x000000000001d2c8                __SEGGER_RTL_c_locale
 .rodata.libc..L.str
                0x000000000001d2d4        0x2 C:/Program Files/SEGGER/SEGGER Embedded Studio for ARM 7.12a/lib/libc_v7em_t_le_eabi_balanced.a(mbops.o)
 *fill*         0x000000000001d2d6        0x2 
 .rodata.libc.__SEGGER_RTL_codeset_ascii
                0x000000000001d2d8       0x20 C:/Program Files/SEGGER/SEGGER Embedded Studio for ARM 7.12a/lib/libc_v7em_t_le_eabi_balanced.a(mbops.o)
                0x000000000001d2d8                __SEGGER_RTL_codeset_ascii
 .rodata.libc.__SEGGER_RTL_c_locale_abbrev_day_names
                0x000000000001d2f8       0x1d C:/Program Files/SEGGER/SEGGER Embedded Studio for ARM 7.12a/lib/libc_v7em_t_le_eabi_balanced.a(mbops.o)
                0x000000000001d2f8                __SEGGER_RTL_c_locale_abbrev_day_names
 .rodata.libc.__SEGGER_RTL_c_locale_abbrev_month_names
                0x000000000001d315       0x31 C:/Program Files/SEGGER/SEGGER Embedded Studio for ARM 7.12a/lib/libc_v7em_t_le_eabi_balanced.a(mbops.o)
                0x000000000001d315                __SEGGER_RTL_c_locale_abbrev_month_names
 .rodata.libc.__SEGGER_RTL_data_utf8_period
                0x000000000001d346        0x2 C:/Program Files/SEGGER/SEGGER Embedded Studio for ARM 7.12a/lib/libc_v7em_t_le_eabi_balanced.a(mbops.o)
                0x000000000001d346                __SEGGER_RTL_data_utf8_period
 .rodata.libc.__SEGGER_RTL_data_empty_string
                0x000000000001d348        0x1 C:/Program Files/SEGGER/SEGGER Embedded Studio for ARM 7.12a/lib/libc_v7em_t_le_eabi_balanced.a(mbops.o)
                0x000000000001d348                __SEGGER_RTL_data_empty_string
 .rodata.libc.__SEGGER_RTL_c_locale_day_names
                0x000000000001d349       0x3a C:/Program Files/SEGGER/SEGGER Embedded Studio for ARM 7.12a/lib/libc_v7em_t_le_eabi_balanced.a(mbops.o)
 .rodata.libc.__SEGGER_RTL_c_locale_month_names
                0x000000000001d383       0x57 C:/Program Files/SEGGER/SEGGER Embedded Studio for ARM 7.12a/lib/libc_v7em_t_le_eabi_balanced.a(mbops.o)
 .rodata.libc.__SEGGER_RTL_c_locale_am_pm_indicator
                0x000000000001d3da        0x7 C:/Program Files/SEGGER/SEGGER Embedded Studio for ARM 7.12a/lib/libc_v7em_t_le_eabi_balanced.a(mbops.o)
 .rodata.libc.__SEGGER_RTL_c_locale_date_format
                0x000000000001d3e1        0x9 C:/Program Files/SEGGER/SEGGER Embedded Studio for ARM 7.12a/lib/libc_v7em_t_le_eabi_balanced.a(mbops.o)
 .rodata.libc.__SEGGER_RTL_c_locale_time_format
                0x000000000001d3ea        0x9 C:/Program Files/SEGGER/SEGGER Embedded Studio for ARM 7.12a/lib/libc_v7em_t_le_eabi_balanced.a(mbops.o)
 .rodata.libc.__SEGGER_RTL_c_locale_date_time_format
                0x000000000001d3f3        0xf C:/Program Files/SEGGER/SEGGER Embedded Studio for ARM 7.12a/lib/libc_v7em_t_le_eabi_balanced.a(mbops.o)
 *fill*         0x000000000001d402        0x2 
 .rodata.libc.__SEGGER_RTL_c_locale_data
                0x000000000001d404       0x58 C:/Program Files/SEGGER/SEGGER Embedded Studio for ARM 7.12a/lib/libc_v7em_t_le_eabi_balanced.a(mbops.o)
                0x000000000001d404                __SEGGER_RTL_c_locale_data
 .rodata.libc.__SEGGER_RTL_ascii_ctype_map
                0x000000000001d45c       0x80 C:/Program Files/SEGGER/SEGGER Embedded Studio for ARM 7.12a/lib/libc_v7em_t_le_eabi_balanced.a(mbops.o)
 .rodata.libc.__SEGGER_RTL_ascii_ctype_mask
                0x000000000001d4dc        0xd C:/Program Files/SEGGER/SEGGER Embedded Studio for ARM 7.12a/lib/libc_v7em_t_le_eabi_balanced.a(mbops.o)
                0x000000000001d4e9                __rodata_end__ = (__rodata_start__ + SIZEOF (.rodata))
                0x0000000000000bc1                __rodata_size__ = SIZEOF (.rodata)
                0x000000000001d4e9                __rodata_load_end__ = __rodata_end__

.rel.dyn        0x000000000001d4ec        0x0
 .rel.iplt      0x000000000001d4ec        0x0 Output/Release/Obj/ble_app_beacon_pca10040e_s112/thumb_crt0.o
                0x0000000000000001                . = ASSERT (((__rodata_start__ == __rodata_end__) || ((__rodata_end__ - __FLASH1_segment_start__) <= __FLASH1_segment_size__)), error: .rodata is too large to fit in FLASH1 memory segment)
                0x000000000001d4ec                __ARM.exidx_load_start__ = ALIGN (__rodata_end__, 0x4)

.ARM.exidx      0x000000000001d4ec        0x0
                0x000000000001d4ec                __ARM.exidx_start__ = .
                0x000000000001d4ec                __exidx_start = __ARM.exidx_start__
 *(.ARM.exidx .ARM.exidx.*)
                0x000000000001d4ec                __ARM.exidx_end__ = (__ARM.exidx_start__ + SIZEOF (.ARM.exidx))
                0x0000000000000000                __ARM.exidx_size__ = SIZEOF (.ARM.exidx)
                0x000000000001d4ec                __exidx_end = __ARM.exidx_end__
                0x000000000001d4ec                __ARM.exidx_load_end__ = __ARM.exidx_end__
                0x0000000000000001                . = ASSERT (((__ARM.exidx_start__ == __ARM.exidx_end__) || ((__ARM.exidx_end__ - __FLASH1_segment_start__) <= __FLASH1_segment_size__)), error: .ARM.exidx is too large to fit in FLASH1 memory segment)
                0x000000000001d4ec                __fast_load_start__ = ALIGN (__ARM.exidx_end__, 0x4)

.fast           0x0000000020001118        0x0 load address 0x000000000001d4ec
                0x0000000020001118                __fast_start__ = .
 *(.fast .fast.*)
                0x0000000020001118                __fast_end__ = (__fast_start__ + SIZEOF (.fast))
                0x0000000000000000                __fast_size__ = SIZEOF (.fast)
                0x000000000001d4ec                __fast_load_end__ = (__fast_load_start__ + SIZEOF (.fast))
                0x0000000000000001                . = ASSERT (((__fast_load_start__ == __fast_load_end__) || ((__fast_load_end__ - __FLASH1_segment_start__) <= __FLASH1_segment_size__)), error: .fast is too large to fit in FLASH1 memory segment)

.fast_run       0x0000000020001118        0x0
                0x0000000020001118                __fast_run_start__ = .
                0x0000000020001118                __fast_run_end__ = (__fast_run_start__ + SIZEOF (.fast))
                0x0000000000000000                __fast_run_size__ = (__fast_run_end__ - __fast_run_start__)
                0x0000000020001118                __fast_run_load_end__ = __fast_run_end__
                0x0000000000000001                . = ASSERT (((__fast_run_start__ == __fast_run_end__) || ((__fast_run_end__ - __RAM1_segment_start__) <= __RAM1_segment_size__)), error: .fast_run is too large to fit in RAM1 memory segment)
                0x000000000001d4ec                __data_load_start__ = ALIGN ((__fast_load_start__ + SIZEOF (.fast)), 0x4)

.data           0x0000000020001118       0x68 load address 0x000000000001d4ec
                0x0000000020001118                __data_start__ = .
 *(.data .data.* .gnu.linkonce.d.*)
 .data.m_uart   0x0000000020001118       0x14 Output/Release/Obj/ble_app_beacon_pca10040e_s112/nrf_log_backend_uart.o
                0x0000000020001118                m_uart
 .data.log_backend_cb_uart_log_backend
                0x000000002000112c        0x8 Output/Release/Obj/ble_app_beacon_pca10040e_s112/nrf_log_default_backends.o
 .data.m_rtc_inst
                0x0000000020001134        0x8 Output/Release/Obj/ble_app_beacon_pca10040e_s112/app_timer2.o
 .data.SystemCoreClock
                0x000000002000113c        0x4 Output/Release/Obj/ble_app_beacon_pca10040e_s112/system_nrf52810.o
                0x000000002000113c                SystemCoreClock
 .data.m_beacon_info
                0x0000000020001140       0x17 Output/Release/Obj/ble_app_beacon_pca10040e_s112/main.o
 *fill*         0x0000000020001157        0x1 
 .data.m_adv_data
                0x0000000020001158       0x10 Output/Release/Obj/ble_app_beacon_pca10040e_s112/main.o
 .data.m_adv_handle
                0x0000000020001168        0x1 Output/Release/Obj/ble_app_beacon_pca10040e_s112/main.o
 *fill*         0x0000000020001169        0x3 
 .data.libc.__SEGGER_RTL_global_locale
                0x000000002000116c       0x14 C:/Program Files/SEGGER/SEGGER Embedded Studio for ARM 7.12a/lib/libc_v7em_t_le_eabi_balanced.a(mbops.o)
                0x000000002000116c                __SEGGER_RTL_global_locale
                0x000000002000116c                __RAL_global_locale
                0x0000000020001180                __data_end__ = (__data_start__ + SIZEOF (.data))
                0x0000000000000068                __data_size__ = SIZEOF (.data)
                0x000000000001d554                __data_load_end__ = (__data_load_start__ + SIZEOF (.data))

.igot.plt       0x0000000100000000        0x0
 .igot.plt      0x0000000100000000        0x0 Output/Release/Obj/ble_app_beacon_pca10040e_s112/thumb_crt0.o
                0x0000000000000001                . = ASSERT (((__data_load_start__ == __data_load_end__) || ((__data_load_end__ - __FLASH1_segment_start__) <= __FLASH1_segment_size__)), error: .data is too large to fit in FLASH1 memory segment)

.data_run       0x0000000020001118        0x0
                0x0000000020001118                __data_run_start__ = .
                0x0000000020001180                __data_run_end__ = (__data_run_start__ + SIZEOF (.data))
                0x0000000000000068                __data_run_size__ = (__data_run_end__ - __data_run_start__)
                0x0000000020001180                __data_run_load_end__ = __data_run_end__
                0x0000000000000001                . = ASSERT (((__data_run_start__ == __data_run_end__) || ((__data_run_end__ - __RAM1_segment_start__) <= __RAM1_segment_size__)), error: .data_run is too large to fit in RAM1 memory segment)
                0x000000000001d554                __tdata_load_start__ = ALIGN ((__data_load_start__ + SIZEOF (.data)), 0x4)

.tdata          0x0000000020001180        0x0 load address 0x000000000001d554
                0x0000000020001180                __tdata_start__ = .
 *(.tdata .tdata.*)
                0x0000000020001180                __tdata_end__ = (__tdata_start__ + SIZEOF (.tdata))
                0x0000000000000000                __tdata_size__ = SIZEOF (.tdata)
                0x000000000001d554                __tdata_load_end__ = (__tdata_load_start__ + SIZEOF (.tdata))
                0x000000000001d554                __FLASH1_segment_used_end__ = (ALIGN ((__data_load_start__ + SIZEOF (.data)), 0x4) + SIZEOF (.tdata))
                0x000000000001d554                __FLASH1_segment_used_size__ = (__FLASH1_segment_used_end__ - __FLASH1_segment_start__)
                0x0000000000000001                . = ASSERT (((__tdata_load_start__ == __tdata_load_end__) || ((__tdata_load_end__ - __FLASH1_segment_start__) <= __FLASH1_segment_size__)), error: .tdata is too large to fit in FLASH1 memory segment)

.tdata_run      0x0000000020001180        0x0
                0x0000000020001180                __tdata_run_start__ = .
                0x0000000020001180                __tdata_run_end__ = (__tdata_run_start__ + SIZEOF (.tdata))
                0x0000000000000000                __tdata_run_size__ = (__tdata_run_end__ - __tdata_run_start__)
                0x0000000020001180                __tdata_run_load_end__ = __tdata_run_end__
                0x0000000000000001                . = ASSERT (((__tdata_run_start__ == __tdata_run_end__) || ((__tdata_run_end__ - __RAM1_segment_start__) <= __RAM1_segment_size__)), error: .tdata_run is too large to fit in RAM1 memory segment)
                0x0000000020001180                __bss_load_start__ = ALIGN (__tdata_run_end__, 0x4)

.bss            0x0000000020001180      0x798
                0x0000000020001180                __bss_start__ = .
 *(.bss .bss.* .gnu.linkonce.b.*)
 .bss.m_async_mode
                0x0000000020001180        0x1 Output/Release/Obj/ble_app_beacon_pca10040e_s112/nrf_log_backend_uart.o
 .bss.m_xfer_done
                0x0000000020001181        0x1 Output/Release/Obj/ble_app_beacon_pca10040e_s112/nrf_log_backend_uart.o
 .bss.m_string_buff
                0x0000000020001182       0x40 Output/Release/Obj/ble_app_beacon_pca10040e_s112/nrf_log_backend_uart.o
 *fill*         0x00000000200011c2        0x2 
 .bss.m_log_data
                0x00000000200011c4      0x420 Output/Release/Obj/ble_app_beacon_pca10040e_s112/nrf_log_frontend.o
 .bss.m_log_push_ringbuf_cb
                0x00000000200015e4       0x18 Output/Release/Obj/ble_app_beacon_pca10040e_s112/nrf_log_frontend.o
 .bss.m_log_push_ringbuf_buf
                0x00000000200015fc       0x80 Output/Release/Obj/ble_app_beacon_pca10040e_s112/nrf_log_frontend.o
 .bss.log_mempool_nrf_balloc_cb
                0x000000002000167c        0x8 Output/Release/Obj/ble_app_beacon_pca10040e_s112/nrf_log_frontend.o
 .bss.log_mempool_nrf_balloc_pool_mem
                0x0000000020001684       0xc0 Output/Release/Obj/ble_app_beacon_pca10040e_s112/nrf_log_frontend.o
 .bss.log_mempool_nrf_balloc_pool_stack
                0x0000000020001744        0x8 Output/Release/Obj/ble_app_beacon_pca10040e_s112/nrf_log_frontend.o
 .bss.m_app_timer_sortlist_sortlist_cb
                0x000000002000174c        0x4 Output/Release/Obj/ble_app_beacon_pca10040e_s112/app_timer2.o
 .bss.m_req_fifo_inst
                0x0000000020001750       0x10 Output/Release/Obj/ble_app_beacon_pca10040e_s112/app_timer2.o
 .bss.m_req_fifo_data
                0x0000000020001760       0x58 Output/Release/Obj/ble_app_beacon_pca10040e_s112/app_timer2.o
 .bss.m_stamp64
                0x00000000200017b8        0x8 Output/Release/Obj/ble_app_beacon_pca10040e_s112/app_timer2.o
 .bss.m_base_counter
                0x00000000200017c0        0x8 Output/Release/Obj/ble_app_beacon_pca10040e_s112/app_timer2.o
 .bss.m_global_active
                0x00000000200017c8        0x1 Output/Release/Obj/ble_app_beacon_pca10040e_s112/app_timer2.o
 *fill*         0x00000000200017c9        0x3 
 .bss.mp_active_timer