Archive member included to satisfy reference by file (symbol)

C:/Program Files/SEGGER/SEGGER Embedded Studio for ARM 7.12a/lib/libc_v7em_t_le_eabi_balanced.a(intasmops_arm.o)
                              Output/Release/Obj/ble_app_pwr_profiling_pca10040e_s112/bsp.o (__aeabi_ldivmod)
C:/Program Files/SEGGER/SEGGER Embedded Studio for ARM 7.12a/lib/libc_v7em_t_le_eabi_balanced.a(strasmops_arm.o)
                              Output/Release/Obj/ble_app_pwr_profiling_pca10040e_s112/nrf_fprintf_format.o (strlen)
C:/Program Files/SEGGER/SEGGER Embedded Studio for ARM 7.12a/lib/libc_v7em_t_le_eabi_balanced.a(strops.o)
                              Output/Release/Obj/ble_app_pwr_profiling_pca10040e_s112/ble_advdata.o (memcmp)
C:/Program Files/SEGGER/SEGGER Embedded Studio for ARM 7.12a/lib/libc_v7em_t_le_eabi_balanced.a(__SEGGER_RTL_vfprintf_long.o)
                              (__SEGGER_RTL_vfprintf_long)
C:/Program Files/SEGGER/SEGGER Embedded Studio for ARM 7.12a/lib/libc_v7em_t_le_eabi_balanced.a(__SEGGER_RTL_vfscanf_long.o)
                              (__SEGGER_RTL_vfscanf_long)
C:/Program Files/SEGGER/SEGGER Embedded Studio for ARM 7.12a/lib/libc_v7em_t_le_eabi_balanced.a(execops.o)
                              C:/Program Files/SEGGER/SEGGER Embedded Studio for ARM 7.12a/lib/libc_v7em_t_le_eabi_balanced.a(strops.o) (__SEGGER_RTL_constraint_violation)
C:/Program Files/SEGGER/SEGGER Embedded Studio for ARM 7.12a/lib/libc_v7em_t_le_eabi_balanced.a(execops_arm.o)
                              C:/Program Files/SEGGER/SEGGER Embedded Studio for ARM 7.12a/lib/libc_v7em_t_le_eabi_balanced.a(execops.o) (__aeabi_SIGABRT)
C:/Program Files/SEGGER/SEGGER Embedded Studio for ARM 7.12a/lib/libc_v7em_t_le_eabi_balanced.a(mbops.o)
                              C:/Program Files/SEGGER/SEGGER Embedded Studio for ARM 7.12a/lib/libc_v7em_t_le_eabi_balanced.a(__SEGGER_RTL_vfscanf_long.o) (isdigit)
C:/Program Files/SEGGER/SEGGER Embedded Studio for ARM 7.12a/lib/libc_v7em_t_le_eabi_balanced.a(sortops.o)
                              C:/Program Files/SEGGER/SEGGER Embedded Studio for ARM 7.12a/lib/libc_v7em_t_le_eabi_balanced.a(mbops.o) (bsearch)
C:/Program Files/SEGGER/SEGGER Embedded Studio for ARM 7.12a/lib/libc_v7em_t_le_eabi_balanced.a(timeops.o)
                              C:/Program Files/SEGGER/SEGGER Embedded Studio for ARM 7.12a/lib/libc_v7em_t_le_eabi_balanced.a(mbops.o) (__SEGGER_RTL_string_list_encode)
C:/Program Files/SEGGER/SEGGER Embedded Studio for ARM 7.12a/lib/libc_v7em_t_le_eabi_balanced.a(utilops.o)
                              C:/Program Files/SEGGER/SEGGER Embedded Studio for ARM 7.12a/lib/libc_v7em_t_le_eabi_balanced.a(__SEGGER_RTL_vfscanf_long.o) (__SEGGER_RTL_digit)
C:/Program Files/SEGGER/SEGGER Embedded Studio for ARM 7.12a/lib/libc_v7em_t_le_eabi_balanced.a(prinops.o)
                              C:/Program Files/SEGGER/SEGGER Embedded Studio for ARM 7.12a/lib/libc_v7em_t_le_eabi_balanced.a(__SEGGER_RTL_vfprintf_long.o) (__SEGGER_RTL_putc)
C:/Program Files/SEGGER/SEGGER Embedded Studio for ARM 7.12a/lib/libc_v7em_t_le_eabi_balanced.a(convops.o)
                              C:/Program Files/SEGGER/SEGGER Embedded Studio for ARM 7.12a/lib/libc_v7em_t_le_eabi_balanced.a(execops.o) (itoa)
C:/Program Files/SEGGER/SEGGER Embedded Studio for ARM 7.12a/lib/libc_v7em_t_le_eabi_balanced.a(errno.o)
                              C:/Program Files/SEGGER/SEGGER Embedded Studio for ARM 7.12a/lib/libc_v7em_t_le_eabi_balanced.a(mbops.o) (__aeabi_errno_addr)
C:/Program Files/SEGGER/SEGGER Embedded Studio for ARM 7.12a/lib/libc_v7em_t_le_eabi_balanced.a(fileops.o)
                              C:/Program Files/SEGGER/SEGGER Embedded Studio for ARM 7.12a/lib/libc_v7em_t_le_eabi_balanced.a(prinops.o) (fwrite)
C:/Program Files/SEGGER/SEGGER Embedded Studio for ARM 7.12a/lib/libc_v7em_t_le_eabi_balanced.a(floatasmops_arm.o)
                              C:/Program Files/SEGGER/SEGGER Embedded Studio for ARM 7.12a/lib/libc_v7em_t_le_eabi_balanced.a(convops.o) (__aeabi_fadd)
C:/Program Files/SEGGER/SEGGER Embedded Studio for ARM 7.12a/lib/libc_v7em_t_le_eabi_balanced.a(floatops.o)
                              C:/Program Files/SEGGER/SEGGER Embedded Studio for ARM 7.12a/lib/libc_v7em_t_le_eabi_balanced.a(convops.o) (__SEGGER_RTL_float32_isinf)
C:/Program Files/SEGGER/SEGGER Embedded Studio for ARM 7.12a/lib/libc_v7em_t_le_eabi_balanced.a(intops.o)
                              C:/Program Files/SEGGER/SEGGER Embedded Studio for ARM 7.12a/lib/libc_v7em_t_le_eabi_balanced.a(timeops.o) (div)
C:/Program Files/SEGGER/SEGGER Embedded Studio for ARM 7.12a/lib/heapops_basic_v7em_t_le_eabi_balanced.a(heapops_basic.o)
                              Output/Release/Obj/ble_app_pwr_profiling_pca10040e_s112/thumb_crt0.o (__SEGGER_RTL_init_heap)
C:/Program Files/SEGGER/SEGGER Embedded Studio for ARM 7.12a/lib/heapops_disable_interrupts_locking_v7em_t_le_eabi_balanced.a(heapops.o)
[...]
Memory Configuration

Name             Origin             Length             Attributes
UNPLACED_SECTIONS 0x0000000100000000 0x0000000000000000 xw
RAM1             0x0000000020000000 0x0000000000006000 xw
FLASH1           0x0000000000000000 0x0000000000030000 xw
*default*        0x0000000000000000 0xffffffffffffffff

Linker script and memory map

                0x0000000000000000                __SEGGER_RTL_vfprintf = __SEGGER_RTL_vfprintf_long
                0x0000000000000000                __SEGGER_RTL_vfscanf = __SEGGER_RTL_vfscanf_long
                0x0000000020000000                __RAM1_segment_start__ = 0x20000000
                0x0000000020006000                __RAM1_segment_end__ = 0x20006000
                0x0000000000006000                __RAM1_segment_size__ = 0x6000
                0x0000000000000000                __FLASH1_segment_start__ = 0x0
                0x0000000000030000                __FLASH1_segment_end__ = 0x30000
                0x0000000000030000                __FLASH1_segment_size__ = 0x30000
                0x0000000000000800                __HEAPSIZE__ = 0x800
                0x0000000000000000                __STACKSIZE_PROCESS__ = 0x0
                0x0000000000000800                __STACKSIZE__ = 0x800
                0x0000000020000000                __reserved_ram_load_start__ = 0x20000000

.reserved_ram   0x0000000020000000     0x1ae0
                0x0000000020000000                __reserved_ram_start__ = .
 *(.reserved_ram .reserved_ram.*)
                0x0000000020001ae0                . = MAX (((__reserved_ram_start__ + 0x20001ae0) - 0x20000000), .)
 *fill*         0x0000000020000000     0x1ae0 
                0x0000000020001ae0                __reserved_ram_end__ = (__reserved_ram_start__ + SIZEOF (.reserved_ram))
                0x0000000000001ae0                __reserved_ram_size__ = SIZEOF (.reserved_ram)
                0x0000000020001ae0                __reserved_ram_load_end__ = __reserved_ram_end__
                0x0000000000000001                . = ASSERT (((__reserved_ram_start__ == __reserved_ram_end__) || ((__reserved_ram_end__ - __RAM1_segment_start__) <= __RAM1_segment_size__)), error: .reserved_ram is too large to fit in RAM1 memory segment)
                0x0000000000000001                . = ASSERT ((__reserved_ram_size__ <= 0x1ae0), error: .reserved_ram section is larger than specified size)
                0x0000000020001ae0                __vectors_ram_load_start__ = 0x20001ae0

.vectors_ram    0x0000000020001ae0        0x0
                0x0000000020001ae0                __vectors_ram_start__ = .
                0x0000000020001ae0                __app_ram_start__ = __vectors_ram_start__
 *(.vectors_ram .vectors_ram.*)
                0x0000000020001ae0                __vectors_ram_end__ = (__vectors_ram_start__ + SIZEOF (.vectors_ram))
                0x0000000000000000                __vectors_ram_size__ = SIZEOF (.vectors_ram)
                0x0000000020001ae0                __vectors_ram_load_end__ = __vectors_ram_end__
                0x0000000000000001                . = ASSERT (((__vectors_ram_start__ == __vectors_ram_end__) || ((__vectors_ram_end__ - __RAM1_segment_start__) <= __RAM1_segment_size__)), error: .vectors_ram is too large to fit in RAM1 memory segment)
                0x0000000000000001                . = ASSERT ((__reserved_ram_end__ <= __vectors_ram_start__), error: section .reserved_ram overlaps absolute placed section .vectors_ram)
                0x0000000020001ae0                __nrf_sections_run_load_start__ = ALIGN (__vectors_ram_end__, 0x4)

.nrf_sections_run
                0x0000000020001ae0        0x0
                0x0000000020001ae0                __nrf_sections_run_start__ = .
                0x0000000020001ae0                __start_nrf_sections_run = __nrf_sections_run_start__
 *(.nrf_sections_run .nrf_sections_run.*)
                0x0000000020001ae0                __nrf_sections_run_end__ = (__nrf_sections_run_start__ + SIZEOF (.nrf_sections_run))
                0x0000000000000000                __nrf_sections_run_size__ = SIZEOF (.nrf_sections_run)
                0x0000000020001ae0                __nrf_sections_run_load_end__ = __nrf_sections_run_end__
                0x0000000000000001                . = ASSERT (((__nrf_sections_run_start__ == __nrf_sections_run_end__) || ((__nrf_sections_run_end__ - __RAM1_segment_start__) <= __RAM1_segment_size__)), error: .nrf_sections_run is too large to fit in RAM1 memory segment)
                0x0000000000000000                __reserved_flash_load_start__ = 0x0

.reserved_flash
                0x0000000000000000    0x19000
                0x0000000000000000                __reserved_flash_start__ = .
 *(.reserved_flash .reserved_flash.*)
                0x0000000000019000                . = MAX (((__reserved_flash_start__ + 0x19000) - 0x0), .)
 *fill*         0x0000000000000000    0x19000 
                0x0000000000019000                __reserved_flash_end__ = (__reserved_flash_start__ + SIZEOF (.reserved_flash))
                0x0000000000019000                __reserved_flash_size__ = SIZEOF (.reserved_flash)
                0x0000000000019000                __reserved_flash_load_end__ = __reserved_flash_end__
                0x0000000000000001                . = ASSERT (((__reserved_flash_start__ == __reserved_flash_end__) || ((__reserved_flash_end__ - __FLASH1_segment_start__) <= __FLASH1_segment_size__)), error: .reserved_flash is too large to fit in FLASH1 memory segment)
                0x0000000000000001                . = ASSERT ((__reserved_flash_size__ <= 0x19000), error: .reserved_flash section is larger than specified size)
                0x0000000000019000                __vectors_load_start__ = 0x19000

.vectors        0x0000000000019000      0x200
                0x0000000000019000                __vectors_start__ = .
 *(.vectors .vectors.*)
 .vectors       0x0000000000019000      0x200 Output/Release/Obj/ble_app_pwr_profiling_pca10040e_s112/ses_startup_nrf52810.o
                0x0000000000019000                _vectors
                0x0000000000019200                __vectors_end__ = (__vectors_start__ + SIZEOF (.vectors))
                0x0000000000000200                __vectors_size__ = SIZEOF (.vectors)
                0x0000000000019200                __vectors_load_end__ = __vectors_end__
                0x0000000000000001                . = ASSERT (((__vectors_start__ == __vectors_end__) || ((__vectors_end__ - __FLASH1_segment_start__) <= __FLASH1_segment_size__)), error: .vectors is too large to fit in FLASH1 memory segment)
                0x0000000000000001                . = ASSERT ((__reserved_flash_end__ <= __vectors_start__), error: section .reserved_flash overlaps absolute placed section .vectors)
                0x0000000000019200                __init_load_start__ = ALIGN (__vectors_end__, 0x4)

.init           0x0000000000019200      0x1e8
                0x0000000000019200                __init_start__ = .
 *(.init .init.*)
 .init          0x0000000000019200      0x158 Output/Release/Obj/ble_app_pwr_profiling_pca10040e_s112/thumb_crt0.o
                0x0000000000019200                _start
                0x00000000000192ae                exit
 .init          0x0000000000019358       0x48 Output/Release/Obj/ble_app_pwr_profiling_pca10040e_s112/ses_startup_nrf52810.o
                0x0000000000019358                NMI_Handler
                0x000000000001935a                HardFault_Handler
                0x000000000001935c                MemoryManagement_Handler
                0x000000000001935e                BusFault_Handler
                0x0000000000019360                UsageFault_Handler
                0x0000000000019362                SVC_Handler
                0x0000000000019364                DebugMon_Handler
                0x0000000000019366                PendSV_Handler
                0x0000000000019368                SysTick_Handler
                0x000000000001936a                SWI0_EGU0_IRQHandler
                0x000000000001936a                SWI4_IRQHandler
                0x000000000001936a                TEMP_IRQHandler
                0x000000000001936a                RTC0_IRQHandler
                0x000000000001936a                PDM_IRQHandler
                0x000000000001936a                RADIO_IRQHandler
                0x000000000001936a                UARTE0_UART0_IRQHandler
                0x000000000001936a                SWI5_IRQHandler
                0x000000000001936a                TIMER0_IRQHandler
                0x000000000001936a                Dummy_Handler
                0x000000000001936a                TIMER1_IRQHandler
                0x000000000001936a                ECB_IRQHandler
                0x000000000001936a                SWI3_IRQHandler
                0x000000000001936a                SPIM0_SPIS0_SPI0_IRQHandler
                0x000000000001936a                SAADC_IRQHandler
                0x000000000001936a                CCM_AAR_IRQHandler
                0x000000000001936a                WDT_IRQHandler
                0x000000000001936a                QDEC_IRQHandler
                0x000000000001936a                RNG_IRQHandler
                0x000000000001936a                COMP_IRQHandler
                0x000000000001936a                PWM0_IRQHandler
                0x000000000001936a                SWI1_EGU1_IRQHandler
                0x000000000001936a                TWIM0_TWIS0_TWI0_IRQHandler
                0x000000000001936a                TIMER2_IRQHandler
                0x000000000001936c                nRFInitialize
 .init          0x00000000000193a0       0x48 Output/Release/Obj/ble_app_pwr_profiling_pca10040e_s112/ses_startup_nrf_common.o
                0x00000000000193a0                Reset_Handler
                0x00000000000193a4                afterInitialize
                0x00000000000193b6                InitializeUserMemorySections
                0x00000000000193e8                __init_end__ = (__init_start__ + SIZEOF (.init))
                0x00000000000001e8                __init_size__ = SIZEOF (.init)
                0x00000000000193e8                __init_load_end__ = __init_end__
                0x0000000000000001                . = ASSERT (((__init_start__ == __init_end__) || ((__init_end__ - __FLASH1_segment_start__) <= __FLASH1_segment_size__)), error: .init is too large to fit in FLASH1 memory segment)
                0x00000000000193e8                __init_rodata_load_start__ = ALIGN (__init_end__, 0x4)

.init_rodata    0x00000000000193e8        0x0
                0x00000000000193e8                __init_rodata_start__ = .
 *(.init_rodata .init_rodata.*)
                0x00000000000193e8                __init_rodata_end__ = (__init_rodata_start__ + SIZEOF (.init_rodata))
                0x0000000000000000                __init_rodata_size__ = SIZEOF (.init_rodata)
                0x00000000000193e8                __init_rodata_load_end__ = __init_rodata_end__
                0x0000000000000001                . = ASSERT (((__init_rodata_start__ == __init_rodata_end__) || ((__init_rodata_end__ - __FLASH1_segment_start__) <= __FLASH1_segment_size__)), error: .init_rodata is too large to fit in FLASH1 memory segment)
                0x00000000000193e8                __text_load_start__ = ALIGN (__init_rodata_end__, 0x4)

.text           0x00000000000193e8     0x2a7c
                0x00000000000193e8                __text_start__ = .
 *(.text .text.* .gnu.linkonce.t.* .glue_7t .glue_7 .gcc_except_table .ARM.extab* .gnu.linkonce.armextab.*)
 .glue_7        0x00000000000193e8        0x0 linker stubs
 .glue_7t       0x00000000000193e8        0x0 linker stubs
 .text.state_set
                0x00000000000193e8       0x24 Output/Release/Obj/ble_app_pwr_profiling_pca10040e_s112/app_button.o
 .text.button_get
                0x000000000001940c       0x30 Output/Release/Obj/ble_app_pwr_profiling_pca10040e_s112/app_button.o
 .text.usr_event
                0x000000000001943c       0x1c Output/Release/Obj/ble_app_pwr_profiling_pca10040e_s112/app_button.o
 .text.timer_start
                0x0000000000019458       0x18 Output/Release/Obj/ble_app_pwr_profiling_pca10040e_s112/app_button.o
 .text.gpiote_event_handler
                0x0000000000019470       0x34 Output/Release/Obj/ble_app_pwr_profiling_pca10040e_s112/app_button.o
 .text.evt_handle
                0x00000000000194a4       0xec Output/Release/Obj/ble_app_pwr_profiling_pca10040e_s112/app_button.o
                0x00000000000194a4                evt_handle
 .text.detection_delay_timeout_handler
                0x0000000000019590       0x5c Output/Release/Obj/ble_app_pwr_profiling_pca10040e_s112/app_button.o
 .text.app_button_init
                0x00000000000195ec       0xb0 Output/Release/Obj/ble_app_pwr_profiling_pca10040e_s112/app_button.o
                0x00000000000195ec                app_button_init
 .text.app_button_enable
                0x000000000001969c       0x2c Output/Release/Obj/ble_app_pwr_profiling_pca10040e_s112/app_button.o
                0x000000000001969c                app_button_enable
 .text.app_error_handler_bare
                0x00000000000196c8       0x1a Output/Release/Obj/ble_app_pwr_profiling_pca10040e_s112/app_error.o
                0x00000000000196c8                app_error_handler_bare
 *fill*         0x00000000000196e2        0x2 
 .text.app_error_fault_handler
                0x00000000000196e4       0x30 Output/Release/Obj/ble_app_pwr_profiling_pca10040e_s112/app_error_weak.o
                0x00000000000196e4                app_error_fault_handler
 .text.compare_func
                0x0000000000019714       0x16 Output/Release/Obj/ble_app_pwr_profiling_pca10040e_s112/app_timer2.o
 *fill*         0x000000000001972a        0x2 
 .text.get_now  0x000000000001972c       0x38 Output/Release/Obj/ble_app_pwr_profiling_pca10040e_s112/app_timer2.o
 .text.timer_expire
                0x0000000000019764       0xac Output/Release/Obj/ble_app_pwr_profiling_pca10040e_s112/app_timer2.o
 .text.timer_req_schedule
                0x0000000000019810       0x38 Output/Release/Obj/ble_app_pwr_profiling_pca10040e_s112/app_timer2.o
 .text.app_timer_init
                0x0000000000019848       0x64 Output/Release/Obj/ble_app_pwr_profiling_pca10040e_s112/app_timer2.o
                0x0000000000019848                app_timer_init
 .text.app_timer_create
                0x00000000000198ac       0x24 Output/Release/Obj/ble_app_pwr_profiling_pca10040e_s112/app_timer2.o
                0x00000000000198ac                app_timer_create
 .text.app_timer_start
                0x00000000000198d0       0x60 Output/Release/Obj/ble_app_pwr_profiling_pca10040e_s112/app_timer2.o
                0x00000000000198d0                app_timer_start
 .text.app_timer_stop
                0x0000000000019930       0x4e Output/Release/Obj/ble_app_pwr_profiling_pca10040e_s112/app_timer2.o
                0x0000000000019930                app_timer_stop
 *fill*         0x000000000001997e        0x2 
 .text.app_timer_cnt_get
                0x0000000000019980        0xc Output/Release/Obj/ble_app_pwr_profiling_pca10040e_s112/app_timer2.o
                0x0000000000019980                app_timer_cnt_get
 .text.rtc_irq  0x000000000001998c      0x1bc Output/Release/Obj/ble_app_pwr_profiling_pca10040e_s112/app_timer2.o
 .text.app_util_critical_region_enter
                0x0000000000019b48       0x48 Output/Release/Obj/ble_app_pwr_profiling_pca10040e_s112/app_util_platform.o
                0x0000000000019b48                app_util_critical_region_enter
 .text.app_util_critical_region_exit
                0x0000000000019b90       0x2c Output/Release/Obj/ble_app_pwr_profiling_pca10040e_s112/app_util_platform.o
                0x0000000000019b90                app_util_critical_region_exit
 .text.evt_pending.isra.0
                0x0000000000019bbc       0x18 Output/Release/Obj/ble_app_pwr_profiling_pca10040e_s112/drv_rtc.o
 .text.drv_rtc_init
                0x0000000000019bd4       0x74 Output/Release/Obj/ble_app_pwr_profiling_pca10040e_s112/drv_rtc.o
                0x0000000000019bd4                drv_rtc_init
 .text.drv_rtc_start
                0x0000000000019c48        0x8 Output/Release/Obj/ble_app_pwr_profiling_pca10040e_s112/drv_rtc.o
                0x0000000000019c48                drv_rtc_start
 .text.drv_rtc_stop
                0x0000000000019c50        0x8 Output/Release/Obj/ble_app_pwr_profiling_pca10040e_s112/drv_rtc.o
                0x0000000000019c50                drv_rtc_stop
 .text.drv_rtc_compare_set
                0x0000000000019c58       0x3e Output/Release/Obj/ble_app_pwr_profiling_pca10040e_s112/drv_rtc.o
                0x0000000000019c58                drv_rtc_compare_set
 *fill*         0x0000000000019c96        0x2 
 .text.drv_rtc_windowed_compare_set
                0x0000000000019c98       0xf0 Output/Release/Obj/ble_app_pwr_profiling_pca10040e_s112/drv_rtc.o
                0x0000000000019c98                drv_rtc_windowed_compare_set
 .text.drv_rtc_overflow_enable
                0x0000000000019d88       0x10 Output/Release/Obj/ble_app_pwr_profiling_pca10040e_s112/drv_rtc.o
                0x0000000000019d88                drv_rtc_overflow_enable
 .text.drv_rtc_overflow_pending
                0x0000000000019d98        0xa Output/Release/Obj/ble_app_pwr_profiling_pca10040e_s112/drv_rtc.o
                0x0000000000019d98                drv_rtc_overflow_pending
 .text.drv_rtc_compare_disable
                0x0000000000019da2       0x14 Output/Release/Obj/ble_app_pwr_profiling_pca10040e_s112/drv_rtc.o
                0x0000000000019da2                drv_rtc_compare_disable
 .text.drv_rtc_compare_pending
                0x0000000000019db6        0xc Output/Release/Obj/ble_app_pwr_profiling_pca10040e_s112/drv_rtc.o
                0x0000000000019db6                drv_rtc_compare_pending
 .text.drv_rtc_counter_get
                0x0000000000019dc2        0x8 Output/Release/Obj/ble_app_pwr_profiling_pca10040e_s112/drv_rtc.o
                0x0000000000019dc2                drv_rtc_counter_get
 *fill*         0x0000000000019dca        0x2 
 .text.drv_rtc_irq_trigger
                0x0000000000019dcc       0x24 Output/Release/Obj/ble_app_pwr_profiling_pca10040e_s112/drv_rtc.o
                0x0000000000019dcc                drv_rtc_irq_trigger
 .text.RTC1_IRQHandler
                0x0000000000019df0       0x14 Output/Release/Obj/ble_app_pwr_profiling_pca10040e_s112/drv_rtc.o
                0x0000000000019df0                RTC1_IRQHandler
 .text.nrf_atfifo_init
                0x0000000000019e04       0x26 Output/Release/Obj/ble_app_pwr_profiling_pca10040e_s112/nrf_atfifo.o
                0x0000000000019e04                nrf_atfifo_init
 .text.nrf_atfifo_item_alloc
                0x0000000000019e2a       0x54 Output/Release/Obj/ble_app_pwr_profiling_pca10040e_s112/nrf_atfifo.o
                0x0000000000019e2a                nrf_atfifo_item_alloc
 .text.nrf_atfifo_item_put
                0x0000000000019e7e       0x20 Output/Release/Obj/ble_app_pwr_profiling_pca10040e_s112/nrf_atfifo.o
                0x0000000000019e7e                nrf_atfifo_item_put
 .text.nrf_atfifo_item_get
                0x0000000000019e9e       0x56 Output/Release/Obj/ble_app_pwr_profiling_pca10040e_s112/nrf_atfifo.o
                0x0000000000019e9e                nrf_atfifo_item_get
 .text.nrf_atfifo_item_free
                0x0000000000019ef4       0x20 Output/Release/Obj/ble_app_pwr_profiling_pca10040e_s112/nrf_atfifo.o
                0x0000000000019ef4                nrf_atfifo_item_free
 .text.nrf_atomic_u32_fetch_store
                0x0000000000019f14       0x16 Output/Release/Obj/ble_app_pwr_profiling_pca10040e_s112/nrf_atomic.o
                0x0000000000019f14                nrf_atomic_u32_fetch_store
 .text.sd_power_system_off
                0x0000000000019f2a        0x4 Output/Release/Obj/ble_app_pwr_profiling_pca10040e_s112/nrf_pwr_mgmt.o
 .text.sd_app_evt_wait
                0x0000000000019f2e        0x4 Output/Release/Obj/ble_app_pwr_profiling_pca10040e_s112/nrf_pwr_mgmt.o
 *fill*         0x0000000000019f32        0x2 
 .text.nrf_pwr_mgmt_init
                0x0000000000019f34       0x2c Output/Release/Obj/ble_app_pwr_profiling_pca10040e_s112/nrf_pwr_mgmt.o
                0x0000000000019f34                nrf_pwr_mgmt_init
 .text.nrf_pwr_mgmt_run
                0x0000000000019f60       0x18 Output/Release/Obj/ble_app_pwr_profiling_pca10040e_s112/nrf_pwr_mgmt.o
                0x0000000000019f60                nrf_pwr_mgmt_run
 .text.nrf_pwr_mgmt_shutdown
                0x0000000000019f78       0x9c Output/Release/Obj/ble_app_pwr_profiling_pca10040e_s112/nrf_pwr_mgmt.o
                0x0000000000019f78                nrf_pwr_mgmt_shutdown
 .text.nrf_section_iter_init
                0x000000000001a014       0x10 Output/Release/Obj/ble_app_pwr_profiling_pca10040e_s112/nrf_section_iter.o
                0x000000000001a014                nrf_section_iter_init
 .text.nrf_section_iter_next
                0x000000000001a024       0x18 Output/Release/Obj/ble_app_pwr_profiling_pca10040e_s112/nrf_section_iter.o
                0x000000000001a024                nrf_section_iter_next
 .text.nrf_sortlist_add
                0x000000000001a03c       0x20 Output/Release/Obj/ble_app_pwr_profiling_pca10040e_s112/nrf_sortlist.o
                0x000000000001a03c                nrf_sortlist_add
 .text.nrf_sortlist_pop
                0x000000000001a05c        0xc Output/Release/Obj/ble_app_pwr_profiling_pca10040e_s112/nrf_sortlist.o
                0x000000000001a05c                nrf_sortlist_pop
 .text.nrf_sortlist_peek
                0x000000000001a068        0x6 Output/Release/Obj/ble_app_pwr_profiling_pca10040e_s112/nrf_sortlist.o
                0x000000000001a068                nrf_sortlist_peek
 .text.nrf_sortlist_remove
                0x000000000001a06e       0x1a Output/Release/Obj/ble_app_pwr_profiling_pca10040e_s112/nrf_sortlist.o
                0x000000000001a06e                nrf_sortlist_remove
 .text.bsp_board_led_state_get
                0x000000000001a088       0x1c Output/Release/Obj/ble_app_pwr_profiling_pca10040e_s112/boards.o
                0x000000000001a088                bsp_board_led_state_get
 .text.bsp_board_led_on
                0x000000000001a0a4       0x18 Output/Release/Obj/ble_app_pwr_profiling_pca10040e_s112/boards.o
                0x000000000001a0a4                bsp_board_led_on
 .text.bsp_board_led_off
                0x000000000001a0bc       0x18 Output/Release/Obj/ble_app_pwr_profiling_pca10040e_s112/boards.o
                0x000000000001a0bc                bsp_board_led_off
 .text.bsp_board_leds_off
                0x000000000001a0d4       0x1e Output/Release/Obj/ble_app_pwr_profiling_pca10040e_s112/boards.o
                0x000000000001a0d4                bsp_board_leds_off
 .text.bsp_board_leds_on
                0x000000000001a0f2       0x1e Output/Release/Obj/ble_app_pwr_profiling_pca10040e_s112/boards.o
                0x000000000001a0f2                bsp_board_leds_on
 .text.bsp_board_led_invert
                0x000000000001a110       0x24 Output/Release/Obj/ble_app_pwr_profiling_pca10040e_s112/boards.o
                0x000000000001a110                bsp_board_led_invert
 .text.bsp_board_button_state_get
                0x000000000001a134       0x1c Output/Release/Obj/ble_app_pwr_profiling_pca10040e_s112/boards.o
                0x000000000001a134                bsp_board_button_state_get
 .text.bsp_board_pin_to_button_idx
                0x000000000001a150       0x24 Output/Release/Obj/ble_app_pwr_profiling_pca10040e_s112/boards.o
                0x000000000001a150                bsp_board_pin_to_button_idx
 .text.bsp_board_init
                0x000000000001a174       0x3e Output/Release/Obj/ble_app_pwr_profiling_pca10040e_s112/boards.o
                0x000000000001a174                bsp_board_init
 *fill*         0x000000000001a1b2        0x2 
 .text.clock_clk_started_notify
                0x000000000001a1b4       0x24 Output/Release/Obj/ble_app_pwr_profiling_pca10040e_s112/nrf_drv_clock.o
 .text.clock_irq_handler
                0x000000000001a1d8       0x1c Output/Release/Obj/ble_app_pwr_profiling_pca10040e_s112/nrf_drv_clock.o
 .text.soc_evt_handler
                0x000000000001a1f4       0x14 Output/Release/Obj/ble_app_pwr_profiling_pca10040e_s112/nrf_drv_clock.o
 .text.nrf_drv_clock_init
                0x000000000001a208       0x48 Output/Release/Obj/ble_app_pwr_profiling_pca10040e_s112/nrf_drv_clock.o
                0x000000000001a208                nrf_drv_clock_init
 .text.nrf_drv_clock_lfclk_release
                0x000000000001a250       0x40 Output/Release/Obj/ble_app_pwr_profiling_pca10040e_s112/nrf_drv_clock.o
                0x000000000001a250                nrf_drv_clock_lfclk_release
 .text.sd_state_evt_handler
                0x000000000001a290       0x64 Output/Release/Obj/ble_app_pwr_profiling_pca10040e_s112/nrf_drv_clock.o
 .text.nrf_clock_event_clear
                0x000000000001a2f4       0x14 Output/Release/Obj/ble_app_pwr_profiling_pca10040e_s112/nrfx_clock.o
 .text.nrfx_clock_init
                0x000000000001a308       0x18 Output/Release/Obj/ble_app_pwr_profiling_pca10040e_s112/nrfx_clock.o
                0x000000000001a308                nrfx_clock_init
 .text.nrfx_clock_enable
                0x000000000001a320       0x24 Output/Release/Obj/ble_app_pwr_profiling_pca10040e_s112/nrfx_clock.o
                0x000000000001a320                nrfx_clock_enable
 .text.nrfx_clock_lfclk_stop
                0x000000000001a344       0x22 Output/Release/Obj/ble_app_pwr_profiling_pca10040e_s112/nrfx_clock.o
                0x000000000001a344                nrfx_clock_lfclk_stop
 *fill*         0x000000000001a366        0x2 
 .text.POWER_CLOCK_IRQHandler
                0x000000000001a368       0x50 Output/Release/Obj/ble_app_pwr_profiling_pca10040e_s112/nrfx_clock.o
                0x000000000001a368                POWER_CLOCK_IRQHandler
 .text.nrf_gpiote_event_clear
                0x000000000001a3b8       0x18 Output/Release/Obj/ble_app_pwr_profiling_pca10040e_s112/nrfx_gpiote.o
 .text.nrf_gpio_cfg_sense_set
                0x000000000001a3d0       0x20 Output/Release/Obj/ble_app_pwr_profiling_pca10040e_s112/nrfx_gpiote.o
 .text.channel_free
                0x000000000001a3f0       0x1c Output/Release/Obj/ble_app_pwr_profiling_pca10040e_s112/nrfx_gpiote.o
 .text.nrfx_gpiote_init
                0x000000000001a40c       0x74 Output/Release/Obj/ble_app_pwr_profiling_pca10040e_s112/nrfx_gpiote.o
                0x000000000001a40c                nrfx_gpiote_init
 .text.nrfx_gpiote_is_init
                0x000000000001a480       0x14 Output/Release/Obj/ble_app_pwr_profiling_pca10040e_s112/nrfx_gpiote.o
                0x000000000001a480                nrfx_gpiote_is_init
 .text.nrfx_gpiote_in_init
                0x000000000001a494       0xf8 Output/Release/Obj/ble_app_pwr_profiling_pca10040e_s112/nrfx_gpiote.o
                0x000000000001a494                nrfx_gpiote_in_init
 .text.nrfx_gpiote_in_event_enable
                0x000000000001a58c       0x88 Output/Release/Obj/ble_app_pwr_profiling_pca10040e_s112/nrfx_gpiote.o
                0x000000000001a58c                nrfx_gpiote_in_event_enable
 .text.nrfx_gpiote_in_is_set
                0x000000000001a614       0x12 Output/Release/Obj/ble_app_pwr_profiling_pca10040e_s112/nrfx_gpiote.o
                0x000000000001a614                nrfx_gpiote_in_is_set
 *fill*         0x000000000001a626        0x2 
 .text.GPIOTE_IRQHandler
                0x000000000001a628      0x150 Output/Release/Obj/ble_app_pwr_profiling_pca10040e_s112/nrfx_gpiote.o
                0x000000000001a628                GPIOTE_IRQHandler
 .text.alert_timer_handler
                0x000000000001a778        0x6 Output/Release/Obj/ble_app_pwr_profiling_pca10040e_s112/bsp.o
 *fill*         0x000000000001a77e        0x2 
 .text.bsp_button_event_handler
                0x000000000001a780       0x9c Output/Release/Obj/ble_app_pwr_profiling_pca10040e_s112/bsp.o
 .text.button_timer_handler
                0x000000000001a81c        0x8 Output/Release/Obj/ble_app_pwr_profiling_pca10040e_s112/bsp.o
 .text.leds_off
                0x000000000001a824       0x2c Output/Release/Obj/ble_app_pwr_profiling_pca10040e_s112/bsp.o
 .text.bsp_led_indication
                0x000000000001a850      0x238 Output/Release/Obj/ble_app_pwr_profiling_pca10040e_s112/bsp.o
 .text.leds_timer_handler
                0x000000000001aa88       0x1c Output/Release/Obj/ble_app_pwr_profiling_pca10040e_s112/bsp.o
 .text.bsp_init
                0x000000000001aaa4       0xb8 Output/Release/Obj/ble_app_pwr_profiling_pca10040e_s112/bsp.o
                0x000000000001aaa4                bsp_init
 .text.sd_power_system_off
                0x000000000001ab5c        0x4 Output/Release/Obj/ble_app_pwr_profiling_pca10040e_s112/main.o
 .text.sd_ble_gap_adv_set_configure
                0x000000000001ab60        0x4 Output/Release/Obj/ble_app_pwr_profiling_pca10040e_s112/main.o
 .text.sd_ble_gap_adv_start
                0x000000000001ab64        0x4 Output/Release/Obj/ble_app_pwr_profiling_pca10040e_s112/main.o
 .text.sd_ble_gap_disconnect
                0x000000000001ab68        0x4 Output/Release/Obj/ble_app_pwr_profiling_pca10040e_s112/main.o
 .text.sd_ble_gap_ppcp_set
                0x000000000001ab6c        0x4 Output/Release/Obj/ble_app_pwr_profiling_pca10040e_s112/main.o
 .text.sd_ble_gap_device_name_set
                0x000000000001ab70        0x4 Output/Release/Obj/ble_app_pwr_profiling_pca10040e_s112/main.o
 .text.sd_ble_gap_phy_update
                0x000000000001ab74        0x4 Output/Release/Obj/ble_app_pwr_profiling_pca10040e_s112/main.o
 .text.sd_ble_gatts_service_add
                0x000000000001ab78        0x4 Output/Release/Obj/ble_app_pwr_profiling_pca10040e_s112/main.o
 .text.sd_ble_gatts_characteristic_add
                0x000000000001ab7c        0x4 Output/Release/Obj/ble_app_pwr_profiling_pca10040e_s112/main.o
 .text.sd_ble_gatts_hvx
                0x000000000001ab80        0x4 Output/Release/Obj/ble_app_pwr_profiling_pca10040e_s112/main.o
 .text.sd_ble_gatts_sys_attr_set
                0x000000000001ab84        0x4 Output/Release/Obj/ble_app_pwr_profiling_pca10040e_s112/main.o
 .text.sd_ble_uuid_vs_add
                0x000000000001ab88        0x4 Output/Release/Obj/ble_app_pwr_profiling_pca10040e_s112/main.o
 .text.nrf_qwr_error_handler
                0x000000000001ab8c        0x4 Output/Release/Obj/ble_app_pwr_profiling_pca10040e_s112/main.o
 .text.notif_timeout_handler
                0x000000000001ab90       0x2c Output/Release/Obj/ble_app_pwr_profiling_pca10040e_s112/main.o
 .text.application_timers_stop
                0x000000000001abbc       0x28 Output/Release/Obj/ble_app_pwr_profiling_pca10040e_s112/main.o
 .text.char_notify
                0x000000000001abe4       0x6c Output/Release/Obj/ble_app_pwr_profiling_pca10040e_s112/main.o
 .text.connection_interval_timeout_handler
                0x000000000001ac50        0x4 Output/Release/Obj/ble_app_pwr_profiling_pca10040e_s112/main.o
 .text.ble_evt_handler
                0x000000000001ac54      0x104 Output/Release/Obj/ble_app_pwr_profiling_pca10040e_s112/main.o
 .text.startup.main
                0x000000000001ad58      0x280 Output/Release/Obj/ble_app_pwr_profiling_pca10040e_s112/main.o
                0x000000000001ad58                main
 .text.sd_ble_gap_addr_get
                0x000000000001afd8        0x4 Output/Release/Obj/ble_app_pwr_profiling_pca10040e_s112/ble_advdata.o
 .text.sd_ble_gap_appearance_get
                0x000000000001afdc        0x4 Output/Release/Obj/ble_app_pwr_profiling_pca10040e_s112/ble_advdata.o
 .text.sd_ble_gap_device_name_get
                0x000000000001afe0        0x4 Output/Release/Obj/ble_app_pwr_profiling_pca10040e_s112/ble_advdata.o
 .text.sd_ble_uuid_encode
                0x000000000001afe4        0x4 Output/Release/Obj/ble_app_pwr_profiling_pca10040e_s112/ble_advdata.o
 .text.uuid_list_sized_encode
                0x000000000001afe8       0xac Output/Release/Obj/ble_app_pwr_profiling_pca10040e_s112/ble_advdata.o
 .text.uuid_list_encode
                0x000000000001b094       0x38 Output/Release/Obj/ble_app_pwr_profiling_pca10040e_s112/ble_advdata.o
 .text.ble_advdata_encode
                0x000000000001b0cc      0x38e Output/Release/Obj/ble_app_pwr_profiling_pca10040e_s112/ble_advdata.o
                0x000000000001b0cc                ble_advdata_encode
 .text.ble_srv_is_notification_enabled
                0x000000000001b45a        0x8 Output/Release/Obj/ble_app_pwr_profiling_pca10040e_s112/ble_srv_common.o
                0x000000000001b45a                ble_srv_is_notification_enabled
 .text.sd_ble_gattc_exchange_mtu_request
                0x000000000001b462        0x4 Output/Release/Obj/ble_app_pwr_profiling_pca10040e_s112/nrf_ble_gatt.o
 .text.sd_ble_gatts_exchange_mtu_reply
                0x000000000001b466        0x4 Output/Release/Obj/ble_app_pwr_profiling_pca10040e_s112/nrf_ble_gatt.o
 .text.nrf_ble_gatt_init
                0x000000000001b46a       0x1c Output/Release/Obj/ble_app_pwr_profiling_pca10040e_s112/nrf_ble_gatt.o
                0x000000000001b46a                nrf_ble_gatt_init
 .text.nrf_ble_gatt_on_ble_evt
                0x000000000001b486       0xd0 Output/Release/Obj/ble_app_pwr_profiling_pca10040e_s112/nrf_ble_gatt.o
                0x000000000001b486                nrf_ble_gatt_on_ble_evt
 .text.sd_ble_gatts_rw_authorize_reply
                0x000000000001b556        0x4 Output/Release/Obj/ble_app_pwr_profiling_pca10040e_s112/nrf_ble_qwr.o
 .text.sd_ble_user_mem_reply
                0x000000000001b55a        0x4 Output/Release/Obj/ble_app_pwr_profiling_pca10040e_s112/nrf_ble_qwr.o
 .text.user_mem_reply.part.0
                0x000000000001b55e       0x24 Output/Release/Obj/ble_app_pwr_profiling_pca10040e_s112/nrf_ble_qwr.o
 .text.nrf_ble_qwr_init
                0x000000000001b582       0x24 Output/Release/Obj/ble_app_pwr_profiling_pca10040e_s112/nrf_ble_qwr.o
                0x000000000001b582                nrf_ble_qwr_init
 .text.nrf_ble_qwr_conn_handle_assign
                0x000000000001b5a6       0x16 Output/Release/Obj/ble_app_pwr_profiling_pca10040e_s112/nrf_ble_qwr.o
                0x000000000001b5a6                nrf_ble_qwr_conn_handle_assign
 .text.nrf_ble_qwr_on_ble_evt
                0x000000000001b5bc       0xb6 Output/Release/Obj/ble_app_pwr_profiling_pca10040e_s112/nrf_ble_qwr.o
                0x000000000001b5bc                nrf_ble_qwr_on_ble_evt
 *fill*         0x000000000001b672        0x2 
 .text.__NVIC_SystemReset
                0x000000000001b674       0x24 Output/Release/Obj/ble_app_pwr_profiling_pca10040e_s112/system_nrf52810.o
 .text.nrf52_errata_16
                0x000000000001b698       0x28 Output/Release/Obj/ble_app_pwr_profiling_pca10040e_s112/system_nrf52810.o
 .text.nrf52_errata_31
                0x000000000001b6c0       0x26 Output/Release/Obj/ble_app_pwr_profiling_pca10040e_s112/system_nrf52810.o
 *fill*         0x000000000001b6e6        0x2 
 .text.nvmc_wait
                0x000000000001b6e8       0x10 Output/Release/Obj/ble_app_pwr_profiling_pca10040e_s112/system_nrf52810.o
                0x000000000001b6e8                nvmc_wait
 .text.SystemInit
                0x000000000001b6f8      0x2d8 Output/Release/Obj/ble_app_pwr_profiling_pca10040e_s112/system_nrf52810.o
                0x000000000001b6f8                SystemInit
 .text.sd_softdevice_enable
                0x000000000001b9d0        0x4 Output/Release/Obj/ble_app_pwr_profiling_pca10040e_s112/nrf_sdh.o
 .text.sdh_request_observer_notify
                0x000000000001b9d4       0x30 Output/Release/Obj/ble_app_pwr_profiling_pca10040e_s112/nrf_sdh.o
 .text.sdh_state_observer_notify
                0x000000000001ba04       0x28 Output/Release/Obj/ble_app_pwr_profiling_pca10040e_s112/nrf_sdh.o
 .text.softdevices_evt_irq_enable
                0x000000000001ba2c       0x38 Output/Release/Obj/ble_app_pwr_profiling_pca10040e_s112/nrf_sdh.o
 .text.nrf_sdh_enable_request
                0x000000000001ba64       0x7c Output/Release/Obj/ble_app_pwr_profiling_pca10040e_s112/nrf_sdh.o
                0x000000000001ba64                nrf_sdh_enable_request
 .text.nrf_sdh_is_enabled
                0x000000000001bae0        0xc Output/Release/Obj/ble_app_pwr_profiling_pca10040e_s112/nrf_sdh.o
                0x000000000001bae0                nrf_sdh_is_enabled
 .text.nrf_sdh_evts_poll
                0x000000000001baec       0x28 Output/Release/Obj/ble_app_pwr_profiling_pca10040e_s112/nrf_sdh.o
                0x000000000001baec                nrf_sdh_evts_poll
 .text.SWI2_IRQHandler
                0x000000000001bb14        0x4 Output/Release/Obj/ble_app_pwr_profiling_pca10040e_s112/nrf_sdh.o
                0x000000000001bb14                SWI2_IRQHandler
 .text.sd_ble_enable
                0x000000000001bb18        0x4 Output/Release/Obj/ble_app_pwr_profiling_pca10040e_s112/nrf_sdh_ble.o
 .text.sd_ble_cfg_set
                0x000000000001bb1c        0x4 Output/Release/Obj/ble_app_pwr_profiling_pca10040e_s112/nrf_sdh_ble.o
 .text.sd_ble_evt_get
                0x000000000001bb20        0x4 Output/Release/Obj/ble_app_pwr_profiling_pca10040e_s112/nrf_sdh_ble.o
 .text.nrf_sdh_ble_evts_poll
                0x000000000001bb24       0x58 Output/Release/Obj/ble_app_pwr_profiling_pca10040e_s112/nrf_sdh_ble.o
 .text.nrf_sdh_ble_default_cfg_set
                0x000000000001bb7c       0x88 Output/Release/Obj/ble_app_pwr_profiling_pca10040e_s112/nrf_sdh_ble.o
                0x000000000001bb7c                nrf_sdh_ble_default_cfg_set
 .text.nrf_sdh_ble_enable
                0x000000000001bc04       0x14 Output/Release/Obj/ble_app_pwr_profiling_pca10040e_s112/nrf_sdh_ble.o
                0x000000000001bc04                nrf_sdh_ble_enable
 .text.sd_evt_get
                0x000000000001bc18        0x4 Output/Release/Obj/ble_app_pwr_profiling_pca10040e_s112/nrf_sdh_soc.o
 .text.nrf_sdh_soc_evts_poll
                0x000000000001bc1c       0x40 Output/Release/Obj/ble_app_pwr_profiling_pca10040e_s112/nrf_sdh_soc.o
 .text.libc.__aeabi_uldivmod
                0x000000000001bc5c      0x130 C:/Program Files/SEGGER/SEGGER Embedded Studio for ARM 7.12a/lib/libc_v7em_t_le_eabi_balanced.a(intasmops_arm.o)
                0x000000000001bc5c                __aeabi_uldivmod
 .text.libc.memcpy
                0x000000000001bd8c       0x5c C:/Program Files/SEGGER/SEGGER Embedded Studio for ARM 7.12a/lib/libc_v7em_t_le_eabi_balanced.a(strasmops_arm.o)
                0x000000000001bd8c                __aeabi_memcpy
                0x000000000001bd8c                memcpy
                0x000000000001bdaa                __aeabi_memcpy8
                0x000000000001bdaa                __aeabi_memcpy4
 .text.libc.__aeabi_memclr
                0x000000000001bde8       0x68 C:/Program Files/SEGGER/SEGGER Embedded Studio for ARM 7.12a/lib/libc_v7em_t_le_eabi_balanced.a(strasmops_arm.o)
                0x000000000001bde8                __aeabi_memclr8
                0x000000000001bde8                __aeabi_memclr
                0x000000000001bde8                __aeabi_memclr4
                0x000000000001bdea                __aeabi_memset4
                0x000000000001bdea                __aeabi_memset8
                0x000000000001bdea                __aeabi_memset
                0x000000000001bdf0                memset
 .text.libc.__SEGGER_RTL_init_heap
                0x000000000001be50       0x14 C:/Program Files/SEGGER/SEGGER Embedded Studio for ARM 7.12a/lib/heapops_basic_v7em_t_le_eabi_balanced.a(heapops_basic.o)
                0x000000000001be50                __SEGGER_RTL_init_heap
                0x000000000001be64                . = ALIGN (MAX ((__text_start__ + 0x4), .), 0x4)
                0x000000000001be64                __text_end__ = (__text_start__ + SIZEOF (.text))
                0x0000000000002a7c                __text_size__ = SIZEOF (.text)
                0x000000000001be64                __text_load_end__ = __text_end__

.vfp11_veneer   0x0000000100000000        0x0
 .vfp11_veneer  0x0000000100000000        0x0 linker stubs

.v4_bx          0x0000000100000000        0x0
 .v4_bx         0x0000000100000000        0x0 linker stubs

.iplt           0x0000000100000000        0x0
 .iplt          0x0000000100000000        0x0 Output/Release/Obj/ble_app_pwr_profiling_pca10040e_s112/thumb_crt0.o
                0x0000000000000001                . = ASSERT (((__text_start__ == __text_end__) || ((__text_end__ - __FLASH1_segment_start__) <= __FLASH1_segment_size__)), error: .text is too large to fit in FLASH1 memory segment)
                0x0000000000000001                . = ASSERT ((0x4 == ALIGN (0x4, 0x4)), error: .text section size does not match alignment)
                0x0000000000000000                . = ASSERT ((__text_size__ <= 0x4), error: .text section is larger than specified size)
                0x000000000001be64                __sdh_soc_observers_load_start__ = ALIGN (__text_end__, 0x4)

.sdh_soc_observers
                0x000000000001be64        0x8
                0x000000000001be64                __sdh_soc_observers_start__ = .
                0x000000000001be64                __start_sdh_soc_observers = __sdh_soc_observers_start__
 *(SORT_BY_NAME(.sdh_soc_observers*))
 .sdh_soc_observers0
                0x000000000001be64        0x8 Output/Release/Obj/ble_app_pwr_profiling_pca10040e_s112/nrf_drv_clock.o
                0x000000000001be6c                __sdh_soc_observers_end__ = (__sdh_soc_observers_start__ + SIZEOF (.sdh_soc_observers))
                0x0000000000000008                __sdh_soc_observers_size__ = SIZEOF (.sdh_soc_observers)
                0x000000000001be6c                __stop_sdh_soc_observers = __sdh_soc_observers_end__
                0x000000000001be6c                __sdh_soc_observers_load_end__ = __sdh_soc_observers_end__
                0x0000000000000001                . = ASSERT (((__sdh_soc_observers_start__ == __sdh_soc_observers_end__) || ((__sdh_soc_observers_end__ - __FLASH1_segment_start__) <= __FLASH1_segment_size__)), error: .sdh_soc_observers is too large to fit in FLASH1 memory segment)
                0x000000000001be6c                __sdh_ble_observers_load_start__ = ALIGN (__sdh_soc_observers_end__, 0x4)

.sdh_ble_observers
                0x000000000001be6c       0x18
                0x000000000001be6c                __sdh_ble_observers_start__ = .
                0x000000000001be6c                __start_sdh_ble_observers = __sdh_ble_observers_start__
 *(SORT_BY_NAME(.sdh_ble_observers*))
 .sdh_ble_observers1
                0x000000000001be6c        0x8 Output/Release/Obj/ble_app_pwr_profiling_pca10040e_s112/main.o
 .sdh_ble_observers2
                0x000000000001be74        0x8 Output/Release/Obj/ble_app_pwr_profiling_pca10040e_s112/main.o
 .sdh_ble_observers3
                0x000000000001be7c        0x8 Output/Release/Obj/ble_app_pwr_profiling_pca10040e_s112/main.o
                0x000000000001be84                __sdh_ble_observers_end__ = (__sdh_ble_observers_start__ + SIZEOF (.sdh_ble_observers))
                0x0000000000000018                __sdh_ble_observers_size__ = SIZEOF (.sdh_ble_observers)
                0x000000000001be84                __stop_sdh_ble_observers = __sdh_ble_observers_end__
                0x000000000001be84                __sdh_ble_observers_load_end__ = __sdh_ble_observers_end__
                0x0000000000000001                . = ASSERT (((__sdh_ble_observers_start__ == __sdh_ble_observers_end__) || ((__sdh_ble_observers_end__ - __FLASH1_segment_start__) <= __FLASH1_segment_size__)), error: .sdh_ble_observers is too large to fit in FLASH1 memory segment)
                0x000000000001be84                __pwr_mgmt_data_load_start__ = ALIGN (__sdh_ble_observers_end__, 0x4)

.pwr_mgmt_data  0x000000000001be84        0x0
                0x000000000001be84                __pwr_mgmt_data_start__ = .
                0x000000000001be84                __start_pwr_mgmt_data = __pwr_mgmt_data_start__
 *(SORT_BY_NAME(.pwr_mgmt_data*))
                0x000000000001be84                __pwr_mgmt_data_end__ = (__pwr_mgmt_data_start__ + SIZEOF (.pwr_mgmt_data))
                0x0000000000000000                __pwr_mgmt_data_size__ = SIZEOF (.pwr_mgmt_data)
                0x000000000001be84                __stop_pwr_mgmt_data = __pwr_mgmt_data_end__
                0x000000000001be84                __pwr_mgmt_data_load_end__ = __pwr_mgmt_data_end__
                0x0000000000000001                . = ASSERT (((__pwr_mgmt_data_start__ == __pwr_mgmt_data_end__) || ((__pwr_mgmt_data_end__ - __FLASH1_segment_start__) <= __FLASH1_segment_size__)), error: .pwr_mgmt_data is too large to fit in FLASH1 memory segment)
                0x000000000001be84                __sdh_req_observers_load_start__ = ALIGN (__pwr_mgmt_data_end__, 0x4)

.sdh_req_observers
                0x000000000001be84        0x0
                0x000000000001be84                __sdh_req_observers_start__ = .
                0x000000000001be84                __start_sdh_req_observers = __sdh_req_observers_start__
 *(SORT_BY_NAME(.sdh_req_observers*))
                0x000000000001be84                __sdh_req_observers_end__ = (__sdh_req_observers_start__ + SIZEOF (.sdh_req_observers))
                0x0000000000000000                __sdh_req_observers_size__ = SIZEOF (.sdh_req_observers)
                0x000000000001be84                __stop_sdh_req_observers = __sdh_req_observers_end__
                0x000000000001be84                __sdh_req_observers_load_end__ = __sdh_req_observers_end__
                0x0000000000000001                . = ASSERT (((__sdh_req_observers_start__ == __sdh_req_observers_end__) || ((__sdh_req_observers_end__ - __FLASH1_segment_start__) <= __FLASH1_segment_size__)), error: .sdh_req_observers is too large to fit in FLASH1 memory segment)
                0x000000000001be84                __sdh_state_observers_load_start__ = ALIGN (__sdh_req_observers_end__, 0x4)

.sdh_state_observers
                0x000000000001be84        0x8
                0x000000000001be84                __sdh_state_observers_start__ = .
                0x000000000001be84                __start_sdh_state_observers = __sdh_state_observers_start__
 *(SORT_BY_NAME(.sdh_state_observers*))
 .sdh_state_observers0
                0x000000000001be84        0x8 Output/Release/Obj/ble_app_pwr_profiling_pca10040e_s112/nrf_drv_clock.o
                0x000000000001be8c                __sdh_state_observers_end__ = (__sdh_state_observers_start__ + SIZEOF (.sdh_state_observers))
                0x0000000000000008                __sdh_state_observers_size__ = SIZEOF (.sdh_state_observers)
                0x000000000001be8c                __stop_sdh_state_observers = __sdh_state_observers_end__
                0x000000000001be8c                __sdh_state_observers_load_end__ = __sdh_state_observers_end__
                0x0000000000000001                . = ASSERT (((__sdh_state_observers_start__ == __sdh_state_observers_end__) || ((__sdh_state_observers_end__ - __FLASH1_segment_start__) <= __FLASH1_segment_size__)), error: .sdh_state_observers is too large to fit in FLASH1 memory segment)
                0x000000000001be8c                __sdh_stack_observers_load_start__ = ALIGN (__sdh_state_observers_end__, 0x4)

.sdh_stack_observers
                0x000000000001be8c       0x10
                0x000000000001be8c                __sdh_stack_observers_start__ = .
                0x000000000001be8c                __start_sdh_stack_observers = __sdh_stack_observers_start__
 *(SORT_BY_NAME(.sdh_stack_observers*))
 .sdh_stack_observers0
                0x000000000001be8c        0x8 Output/Release/Obj/ble_app_pwr_profiling_pca10040e_s112/nrf_sdh_ble.o
 .sdh_stack_observers0
                0x000000000001be94        0x8 Output/Release/Obj/ble_app_pwr_profiling_pca10040e_s112/nrf_sdh_soc.o
                0x000000000001be9c                __sdh_stack_observers_end__ = (__sdh_stack_observers_start__ + SIZEOF (.sdh_stack_observers))
                0x0000000000000010                __sdh_stack_observers_size__ = SIZEOF (.sdh_stack_observers)
                0x000000000001be9c                __stop_sdh_stack_observers = __sdh_stack_observers_end__
                0x000000000001be9c                __sdh_stack_observers_load_end__ = __sdh_stack_observers_end__
                0x0000000000000001                . = ASSERT (((__sdh_stack_observers_start__ == __sdh_stack_observers_end__) || ((__sdh_stack_observers_end__ - __FLASH1_segment_start__) <= __FLASH1_segment_size__)), error: .sdh_stack_observers is too large to fit in FLASH1 memory segment)
                0x000000000001be9c                __nrf_queue_load_start__ = ALIGN (__sdh_stack_observers_end__, 0x4)

.nrf_queue      0x000000000001be9c        0x0
                0x000000000001be9c                __nrf_queue_start__ = .
                0x000000000001be9c                __start_nrf_queue = __nrf_queue_start__
 *(.nrf_queue*)
                0x000000000001be9c                __nrf_queue_end__ = (__nrf_queue_start__ + SIZEOF (.nrf_queue))
                0x0000000000000000                __nrf_queue_size__ = SIZEOF (.nrf_queue)
                0x000000000001be9c                __stop_nrf_queue = __nrf_queue_end__
                0x000000000001be9c                __nrf_queue_load_end__ = __nrf_queue_end__
                0x0000000000000001                . = ASSERT (((__nrf_queue_start__ == __nrf_queue_end__) || ((__nrf_queue_end__ - __FLASH1_segment_start__) <= __FLASH1_segment_size__)), error: .nrf_queue is too large to fit in FLASH1 memory segment)
                0x000000000001be9c                __nrf_balloc_load_start__ = ALIGN (__nrf_queue_end__, 0x4)

.nrf_balloc     0x000000000001be9c        0x0
                0x000000000001be9c                __nrf_balloc_start__ = .
                0x000000000001be9c                __start_nrf_balloc = __nrf_balloc_start__
 *(.nrf_balloc*)
                0x000000000001be9c                __nrf_balloc_end__ = (__nrf_balloc_start__ + SIZEOF (.nrf_balloc))
                0x0000000000000000                __nrf_balloc_size__ = SIZEOF (.nrf_balloc)
                0x000000000001be9c                __stop_nrf_balloc = __nrf_balloc_end__
                0x000000000001be9c                __nrf_balloc_load_end__ = __nrf_balloc_end__
                0x0000000000000001                . = ASSERT (((__nrf_balloc_start__ == __nrf_balloc_end__) || ((__nrf_balloc_end__ - __FLASH1_segment_start__) <= __FLASH1_segment_size__)), error: .nrf_balloc is too large to fit in FLASH1 memory segment)
                0x000000000001be9c                __cli_command_load_start__ = ALIGN (__nrf_balloc_end__, 0x4)

.cli_command    0x000000000001be9c        0x0
                0x000000000001be9c                __cli_command_start__ = .
                0x000000000001be9c                __start_cli_command = __cli_command_start__
 *(.cli_command*)
                0x000000000001be9c                __cli_command_end__ = (__cli_command_start__ + SIZEOF (.cli_command))
                0x0000000000000000                __cli_command_size__ = SIZEOF (.cli_command)
                0x000000000001be9c                __stop_cli_command = __cli_command_end__
                0x000000000001be9c                __cli_command_load_end__ = __cli_command_end__
                0x0000000000000001                . = ASSERT (((__cli_command_start__ == __cli_command_end__) || ((__cli_command_end__ - __FLASH1_segment_start__) <= __FLASH1_segment_size__)), error: .cli_command is too large to fit in FLASH1 memory segment)
                0x000000000001be9c                __crypto_data_load_start__ = ALIGN (__cli_command_end__, 0x4)

.crypto_data    0x000000000001be9c        0x0
                0x000000000001be9c                __crypto_data_start__ = .
                0x000000000001be9c                __start_crypto_data = __crypto_data_start__
 *(SORT_BY_NAME(.crypto_data*))
                0x000000000001be9c                __crypto_data_end__ = (__crypto_data_start__ + SIZEOF (.crypto_data))
                0x0000000000000000                __crypto_data_size__ = SIZEOF (.crypto_data)
                0x000000000001be9c                __stop_crypto_data = __crypto_data_end__
                0x000000000001be9c                __crypto_data_load_end__ = __crypto_data_end__
                0x0000000000000001                . = ASSERT (((__crypto_data_start__ == __crypto_data_end__) || ((__crypto_data_end__ - __FLASH1_segment_start__) <= __FLASH1_segment_size__)), error: .crypto_data is too large to fit in FLASH1 memory segment)
                0x000000000001be9c                __log_const_data_load_start__ = ALIGN (__crypto_data_end__, 0x4)

.log_const_data
                0x000000000001be9c        0x0
                0x000000000001be9c                __log_const_data_start__ = .
                0x000000000001be9c                __start_log_const_data = __log_const_data_start__
 *(SORT_BY_NAME(.log_const_data*))
                0x000000000001be9c                __log_const_data_end__ = (__log_const_data_start__ + SIZEOF (.log_const_data))
                0x0000000000000000                __log_const_data_size__ = SIZEOF (.log_const_data)
                0x000000000001be9c                __stop_log_const_data = __log_const_data_end__
                0x000000000001be9c                __log_const_data_load_end__ = __log_const_data_end__
                0x0000000000000001                . = ASSERT (((__log_const_data_start__ == __log_const_data_end__) || ((__log_const_data_end__ - __FLASH1_segment_start__) <= __FLASH1_segment_size__)), error: .log_const_data is too large to fit in FLASH1 memory segment)
                0x000000000001be9c                __log_backends_load_start__ = ALIGN (__log_const_data_end__, 0x4)

.log_backends   0x000000000001be9c        0x0
                0x000000000001be9c                __log_backends_start__ = .
                0x000000000001be9c                __start_log_backends = __log_backends_start__
 *(SORT_BY_NAME(.log_backends*))
                0x000000000001be9c                __log_backends_end__ = (__log_backends_start__ + SIZEOF (.log_backends))
                0x0000000000000000                __log_backends_size__ = SIZEOF (.log_backends)
                0x000000000001be9c                __stop_log_backends = __log_backends_end__
                0x000000000001be9c                __log_backends_load_end__ = __log_backends_end__
                0x0000000000000001                . = ASSERT (((__log_backends_start__ == __log_backends_end__) || ((__log_backends_end__ - __FLASH1_segment_start__) <= __FLASH1_segment_size__)), error: .log_backends is too large to fit in FLASH1 memory segment)
                0x000000000001be9c                __nrf_sections_load_start__ = ALIGN (__log_backends_end__, 0x4)

.nrf_sections   0x000000000001be9c        0x0
                0x000000000001be9c                __nrf_sections_start__ = .
                0x000000000001be9c                __start_nrf_sections = __nrf_sections_start__
 *(.nrf_sections .nrf_sections.*)
                0x000000000001be9c                __nrf_sections_end__ = (__nrf_sections_start__ + SIZEOF (.nrf_sections))
                0x0000000000000000                __nrf_sections_size__ = SIZEOF (.nrf_sections)
                0x000000000001be9c                __nrf_sections_load_end__ = __nrf_sections_end__
                0x0000000000000001                . = ASSERT (((__nrf_sections_start__ == __nrf_sections_end__) || ((__nrf_sections_end__ - __FLASH1_segment_start__) <= __FLASH1_segment_size__)), error: .nrf_sections is too large to fit in FLASH1 memory segment)
                0x000000000001be9c                __cli_sorted_cmd_ptrs_load_start__ = ALIGN (__nrf_sections_end__, 0x4)

.cli_sorted_cmd_ptrs
                0x0000000020001ae0        0x0 load address 0x000000000001be9c
                0x0000000020001ae0                __cli_sorted_cmd_ptrs_start__ = .
 *(.cli_sorted_cmd_ptrs*)
                0x0000000020001ae0                __cli_sorted_cmd_ptrs_end__ = (__cli_sorted_cmd_ptrs_start__ + SIZEOF (.cli_sorted_cmd_ptrs))
                0x0000000000000000                __cli_sorted_cmd_ptrs_size__ = SIZEOF (.cli_sorted_cmd_ptrs)
                0x000000000001be9c                __cli_sorted_cmd_ptrs_load_end__ = (__cli_sorted_cmd_ptrs_load_start__ + SIZEOF (.cli_sorted_cmd_ptrs))
                0x0000000000000001                . = ASSERT (((__cli_sorted_cmd_ptrs_load_start__ == __cli_sorted_cmd_ptrs_load_end__) || ((__cli_sorted_cmd_ptrs_load_end__ - __FLASH1_segment_start__) <= __FLASH1_segment_size__)), error: .cli_sorted_cmd_ptrs is too large to fit in FLASH1 memory segment)

.cli_sorted_cmd_ptrs_run
                0x0000000020001ae0        0x0
                0x0000000020001ae0                __cli_sorted_cmd_ptrs_run_start__ = .
                0x0000000020001ae0                __start_cli_sorted_cmd_ptrs = __cli_sorted_cmd_ptrs_run_start__
                0x0000000020001ae0                __cli_sorted_cmd_ptrs_run_end__ = (__cli_sorted_cmd_ptrs_run_start__ + SIZEOF (.cli_sorted_cmd_ptrs))
                0x0000000000000000                __cli_sorted_cmd_ptrs_run_size__ = (__cli_sorted_cmd_ptrs_run_end__ - __cli_sorted_cmd_ptrs_run_start__)
                0x0000000020001ae0                __stop_cli_sorted_cmd_ptrs = __cli_sorted_cmd_ptrs_run_end__
                0x0000000020001ae0                __cli_sorted_cmd_ptrs_run_load_end__ = __cli_sorted_cmd_ptrs_run_end__
                0x0000000000000001                . = ASSERT (((__cli_sorted_cmd_ptrs_run_start__ == __cli_sorted_cmd_ptrs_run_end__) || ((__cli_sorted_cmd_ptrs_run_end__ - __RAM1_segment_start__) <= __RAM1_segment_size__)), error: .cli_sorted_cmd_ptrs_run is too large to fit in RAM1 memory segment)
                0x000000000001be9c                __fs_data_load_start__ = ALIGN ((__cli_sorted_cmd_ptrs_load_start__ + SIZEOF (.cli_sorted_cmd_ptrs)), 0x4)

.fs_data        0x0000000020001ae0        0x0 load address 0x000000000001be9c
                0x0000000020001ae0                __fs_data_start__ = .
 *(.fs_data*)
                0x0000000020001ae0                __fs_data_end__ = (__fs_data_start__ + SIZEOF (.fs_data))
                0x0000000000000000                __fs_data_size__ = SIZEOF (.fs_data)
                0x000000000001be9c                __fs_data_load_end__ = (__fs_data_load_start__ + SIZEOF (.fs_data))
                0x0000000000000001                . = ASSERT (((__fs_data_load_start__ == __fs_data_load_end__) || ((__fs_data_load_end__ - __FLASH1_segment_start__) <= __FLASH1_segment_size__)), error: .fs_data is too large to fit in FLASH1 memory segment)

.fs_data_run    0x0000000020001ae0        0x0
                0x0000000020001ae0                __fs_data_run_start__ = .
                0x0000000020001ae0                __start_fs_data = __fs_data_run_start__
                0x0000000020001ae0                __fs_data_run_end__ = (__fs_data_run_start__ + SIZEOF (.fs_data))
                0x0000000000000000                __fs_data_run_size__ = (__fs_data_run_end__ - __fs_data_run_start__)
                0x0000000020001ae0                __stop_fs_data = __fs_data_run_end__
                0x0000000020001ae0                __fs_data_run_load_end__ = __fs_data_run_end__
                0x0000000000000001                . = ASSERT (((__fs_data_run_start__ == __fs_data_run_end__) || ((__fs_data_run_end__ - __RAM1_segment_start__) <= __RAM1_segment_size__)), error: .fs_data_run is too large to fit in RAM1 memory segment)
                0x000000000001be9c                __log_dynamic_data_load_start__ = ALIGN ((__fs_data_load_start__ + SIZEOF (.fs_data)), 0x4)

.log_dynamic_data
                0x0000000020001ae0        0x0 load address 0x000000000001be9c
                0x0000000020001ae0                __log_dynamic_data_start__ = .
 *(SORT_BY_NAME(.log_dynamic_data*))
                0x0000000020001ae0                __log_dynamic_data_end__ = (__log_dynamic_data_start__ + SIZEOF (.log_dynamic_data))
                0x0000000000000000                __log_dynamic_data_size__ = SIZEOF (.log_dynamic_data)
                0x000000000001be9c                __log_dynamic_data_load_end__ = (__log_dynamic_data_load_start__ + SIZEOF (.log_dynamic_data))
                0x0000000000000001                . = ASSERT (((__log_dynamic_data_load_start__ == __log_dynamic_data_load_end__) || ((__log_dynamic_data_load_end__ - __FLASH1_segment_start__) <= __FLASH1_segment_size__)), error: .log_dynamic_data is too large to fit in FLASH1 memory segment)

.log_dynamic_data_run
                0x0000000020001ae0        0x0
                0x0000000020001ae0                __log_dynamic_data_run_start__ = .
                0x0000000020001ae0                __start_log_dynamic_data = __log_dynamic_data_run_start__
                0x0000000020001ae0                __log_dynamic_data_run_end__ = (__log_dynamic_data_run_start__ + SIZEOF (.log_dynamic_data))
                0x0000000000000000                __log_dynamic_data_run_size__ = (__log_dynamic_data_run_end__ - __log_dynamic_data_run_start__)
                0x0000000020001ae0                __stop_log_dynamic_data = __log_dynamic_data_run_end__
                0x0000000020001ae0                __log_dynamic_data_run_load_end__ = __log_dynamic_data_run_end__
                0x0000000000000001                . = ASSERT (((__log_dynamic_data_run_start__ == __log_dynamic_data_run_end__) || ((__log_dynamic_data_run_end__ - __RAM1_segment_start__) <= __RAM1_segment_size__)), error: .log_dynamic_data_run is too large to fit in RAM1 memory segment)
                0x000000000001be9c                __log_filter_data_load_start__ = ALIGN ((__log_dynamic_data_load_start__ + SIZEOF (.log_dynamic_data)), 0x4)

.log_filter_data
                0x0000000020001ae0        0x0 load address 0x000000000001be9c
                0x0000000020001ae0                __log_filter_data_start__ = .
 *(SORT_BY_NAME(.log_filter_data*))
                0x0000000020001ae0                __log_filter_data_end__ = (__log_filter_data_start__ + SIZEOF (.log_filter_data))
                0x0000000000000000                __log_filter_data_size__ = SIZEOF (.log_filter_data)
                0x000000000001be9c                __log_filter_data_load_end__ = (__log_filter_data_load_start__ + SIZEOF (.log_filter_data))
                0x0000000000000001                . = ASSERT (((__log_filter_data_load_start__ == __log_filter_data_load_end__) || ((__log_filter_data_load_end__ - __FLASH1_segment_start__) <= __FLASH1_segment_size__)), error: .log_filter_data is too large to fit in FLASH1 memory segment)

.log_filter_data_run
                0x0000000020001ae0        0x0
                0x0000000020001ae0                __log_filter_data_run_start__ = .
                0x0000000020001ae0                __start_log_filter_data = __log_filter_data_run_start__
                0x0000000020001ae0                __log_filter_data_run_end__ = (__log_filter_data_run_start__ + SIZEOF (.log_filter_data))
                0x0000000000000000                __log_filter_data_run_size__ = (__log_filter_data_run_end__ - __log_filter_data_run_start__)
                0x0000000020001ae0                __stop_log_filter_data = __log_filter_data_run_end__
                0x0000000020001ae0                __log_filter_data_run_load_end__ = __log_filter_data_run_end__
                0x0000000000000001                . = ASSERT (((__log_filter_data_run_start__ == __log_filter_data_run_end__) || ((__log_filter_data_run_end__ - __RAM1_segment_start__) <= __RAM1_segment_size__)), error: .log_filter_data_run is too large to fit in RAM1 memory segment)
                0x0000000020001ae0                __nrf_sections_run_end_load_start__ = ALIGN (__log_filter_data_run_end__, 0x4)

.nrf_sections_run_end
                0x0000000020001ae0        0x0
                0x0000000020001ae0                __nrf_sections_run_end_start__ = .
                0x0000000020001ae0                __end_nrf_sections_run = __nrf_sections_run_end_start__
 *(.nrf_sections_run_end .nrf_sections_run_end.*)
                0x0000000020001ae0                __nrf_sections_run_end_end__ = (__nrf_sections_run_end_start__ + SIZEOF (.nrf_sections_run_end))
                0x0000000000000000                __nrf_sections_run_end_size__ = SIZEOF (.nrf_sections_run_end)
                0x0000000020001ae0                __nrf_sections_run_end_load_end__ = __nrf_sections_run_end_end__
                0x0000000000000001                . = ASSERT (((__nrf_sections_run_end_start__ == __nrf_sections_run_end_end__) || ((__nrf_sections_run_end_end__ - __RAM1_segment_start__) <= __RAM1_segment_size__)), error: .nrf_sections_run_end is too large to fit in RAM1 memory segment)
                0x000000000001be9c                __dtors_load_start__ = ALIGN ((__log_filter_data_load_start__ + SIZEOF (.log_filter_data)), 0x4)

.dtors          0x000000000001be9c        0x0
                0x000000000001be9c                __dtors_start__ = .
 *(SORT_BY_NAME(.dtors.*))
 *(.dtors)
 *(.fini_array)
 *(SORT_BY_NAME(.fini_array.*))
                0x000000000001be9c                __dtors_end__ = (__dtors_start__ + SIZEOF (.dtors))
                0x0000000000000000                __dtors_size__ = SIZEOF (.dtors)
                0x000000000001be9c                __dtors_load_end__ = __dtors_end__
                0x0000000000000001                . = ASSERT (((__dtors_start__ == __dtors_end__) || ((__dtors_end__ - __FLASH1_segment_start__) <= __FLASH1_segment_size__)), error: .dtors is too large to fit in FLASH1 memory segment)
                0x000000000001be9c                __ctors_load_start__ = ALIGN (__dtors_end__, 0x4)

.ctors          0x000000000001be9c        0x0
                0x000000000001be9c                __ctors_start__ = .
 *(SORT_BY_NAME(.ctors.*))
 *(.ctors)
 *(.init_array)
 *(SORT_BY_NAME(.init_array.*))
                0x000000000001be9c                __ctors_end__ = (__ctors_start__ + SIZEOF (.ctors))
                0x0000000000000000                __ctors_size__ = SIZEOF (.ctors)
                0x000000000001be9c                __ctors_load_end__ = __ctors_end__
                0x0000000000000001                . = ASSERT (((__ctors_start__ == __ctors_end__) || ((__ctors_end__ - __FLASH1_segment_start__) <= __FLASH1_segment_size__)), error: .ctors is too large to fit in FLASH1 memory segment)
                0x000000000001be9c                __rodata_load_start__ = ALIGN (__ctors_end__, 0x4)

.rodata         0x000000000001be9c       0xdc
                0x000000000001be9c                __rodata_start__ = .
 *(.rodata .rodata.* .gnu.linkonce.r.*)
 .rodata.m_detection_delay_timer_id
                0x000000000001be9c        0x4 Output/Release/Obj/ble_app_pwr_profiling_pca10040e_s112/app_button.o
 .rodata.m_app_timer_sortlist
                0x000000000001bea0        0xc Output/Release/Obj/ble_app_pwr_profiling_pca10040e_s112/app_timer2.o
 .rodata        0x000000000001beac        0x4 Output/Release/Obj/ble_app_pwr_profiling_pca10040e_s112/app_timer2.o
 .rodata.delay_machine_code.0
                0x000000000001beb0        0x6 Output/Release/Obj/ble_app_pwr_profiling_pca10040e_s112/drv_rtc.o
 *fill*         0x000000000001beb6        0x2 
 .rodata.pwr_mgmt_data
                0x000000000001beb8        0xc Output/Release/Obj/ble_app_pwr_profiling_pca10040e_s112/nrf_pwr_mgmt.o
 .rodata.m_board_btn_list
                0x000000000001bec4        0x4 Output/Release/Obj/ble_app_pwr_profiling_pca10040e_s112/boards.o
 .rodata.m_board_led_list
                0x000000000001bec8        0x4 Output/Release/Obj/ble_app_pwr_profiling_pca10040e_s112/boards.o
 .rodata.app_buttons
                0x000000000001becc       0x20 Output/Release/Obj/ble_app_pwr_profiling_pca10040e_s112/bsp.o
 .rodata.m_bsp_button_tmr
                0x000000000001beec        0x4 Output/Release/Obj/ble_app_pwr_profiling_pca10040e_s112/bsp.o
 .rodata.m_bsp_alert_tmr
                0x000000000001bef0        0x4 Output/Release/Obj/ble_app_pwr_profiling_pca10040e_s112/bsp.o
 .rodata.m_bsp_leds_tmr
                0x000000000001bef4        0x4 Output/Release/Obj/ble_app_pwr_profiling_pca10040e_s112/bsp.o
 .rodata.main.str1.1
                0x000000000001bef8       0x12 Output/Release/Obj/ble_app_pwr_profiling_pca10040e_s112/main.o
 .rodata.m_base_uuid128
                0x000000000001bf0a       0x10 Output/Release/Obj/ble_app_pwr_profiling_pca10040e_s112/main.o
 *fill*         0x000000000001bf1a        0x2 
 .rodata.m_notif_timer_id
                0x000000000001bf1c        0x4 Output/Release/Obj/ble_app_pwr_profiling_pca10040e_s112/main.o
 .rodata.m_conn_int_timer_id
                0x000000000001bf20        0x4 Output/Release/Obj/ble_app_pwr_profiling_pca10040e_s112/main.o
 .rodata.CSWTCH.21
                0x000000000001bf24        0x5 Output/Release/Obj/ble_app_pwr_profiling_pca10040e_s112/system_nrf52810.o
 .rodata.CSWTCH.18
                0x000000000001bf29        0x5 Output/Release/Obj/ble_app_pwr_profiling_pca10040e_s112/system_nrf52810.o
 .rodata.CSWTCH.14
                0x000000000001bf2e        0x5 Output/Release/Obj/ble_app_pwr_profiling_pca10040e_s112/system_nrf52810.o
 .rodata.CSWTCH.4
                0x000000000001bf33        0x5 Output/Release/Obj/ble_app_pwr_profiling_pca10040e_s112/system_nrf52810.o
 .rodata.sdh_stack_observers
                0x000000000001bf38        0xc Output/Release/Obj/ble_app_pwr_profiling_pca10040e_s112/nrf_sdh.o
 .rodata.sdh_state_observers
                0x000000000001bf44        0xc Output/Release/Obj/ble_app_pwr_profiling_pca10040e_s112/nrf_sdh.o
 .rodata.sdh_req_observers
                0x000000000001bf50        0xc Output/Release/Obj/ble_app_pwr_profiling_pca10040e_s112/nrf_sdh.o
 .rodata        0x000000000001bf5c        0x4 Output/Release/Obj/ble_app_pwr_profiling_pca10040e_s112/nrf_sdh.o
 .rodata.sdh_ble_observers
                0x000000000001bf60        0xc Output/Release/Obj/ble_app_pwr_profiling_pca10040e_s112/nrf_sdh_ble.o
 .rodata.sdh_soc_observers
                0x000000000001bf6c        0xc Output/Release/Obj/ble_app_pwr_profiling_pca10040e_s112/nrf_sdh_soc.o
                0x000000000001bf78                . = ALIGN (MAX ((__rodata_start__ + 0x4), .), 0x4)
                0x000000000001bf78                __rodata_end__ = (__rodata_start__ + SIZEOF (.rodata))
                0x00000000000000dc                __rodata_size__ = SIZEOF (.rodata)
                0x000000000001bf78                __rodata_load_end__ = __rodata_end__

.rel.dyn        0x000000000001bf78        0x0
 .rel.iplt      0x000000000001bf78        0x0 Output/Release/Obj/ble_app_pwr_profiling_pca10040e_s112/thumb_crt0.o
                0x0000000000000001                . = ASSERT (((__rodata_start__ == __rodata_end__) || ((__rodata_end__ - __FLASH1_segment_start__) <= __FLASH1_segment_size__)), error: .rodata is too large to fit in FLASH1 memory segment)
                0x0000000000000001                . = ASSERT ((0x4 == ALIGN (0x4, 0x4)), error: .rodata section size does not match alignment)
                0x0000000000000000                . = ASSERT ((__rodata_size__ <= 0x4), error: .rodata section is larger than specified size)
                0x000000000001bf78                __ARM.exidx_load_start__ = ALIGN (__rodata_end__, 0x4)

.ARM.exidx      0x000000000001bf78        0x0
                0x000000000001bf78                __ARM.exidx_start__ = .
                0x000000000001bf78                __exidx_start = __ARM.exidx_start__
 *(.ARM.exidx .ARM.exidx.*)
                0x000000000001bf78                __ARM.exidx_end__ = (__ARM.exidx_start__ + SIZEOF (.ARM.exidx))
                0x0000000000000000                __ARM.exidx_size__ = SIZEOF (.ARM.exidx)
                0x000000000001bf78                __exidx_end = __ARM.exidx_end__
                0x000000000001bf78                __ARM.exidx_load_end__ = __ARM.exidx_end__
                0x0000000000000001                . = ASSERT (((__ARM.exidx_start__ == __ARM.exidx_end__) || ((__ARM.exidx_end__ - __FLASH1_segment_start__) <= __FLASH1_segment_size__)), error: .ARM.exidx is too large to fit in FLASH1 memory segment)
                0x000000000001bf78                __fast_load_start__ = ALIGN (__ARM.exidx_end__, 0x4)

.fast           0x0000000020001ae0        0x0 load address 0x000000000001bf78
                0x0000000020001ae0                __fast_start__ = .
 *(.fast .fast.*)
                0x0000000020001ae0                __fast_end__ = (__fast_start__ + SIZEOF (.fast))
                0x0000000000000000                __fast_size__ = SIZEOF (.fast)
                0x000000000001bf78                __fast_load_end__ = (__fast_load_start__ + SIZEOF (.fast))
                0x0000000000000001                . = ASSERT (((__fast_load_start__ == __fast_load_end__) || ((__fast_load_end__ - __FLASH1_segment_start__) <= __FLASH1_segment_size__)), error: .fast is too large to fit in FLASH1 memory segment)

.fast_run       0x0000000020001ae0        0x0
                0x0000000020001ae0                __fast_run_start__ = .
                0x0000000020001ae0                __fast_run_end__ = (__fast_run_start__ + SIZEOF (.fast))
                0x0000000000000000                __fast_run_size__ = (__fast_run_end__ - __fast_run_start__)
                0x0000000020001ae0                __fast_run_load_end__ = __fast_run_end__
                0x0000000000000001                . = ASSERT (((__fast_run_start__ == __fast_run_end__) || ((__fast_run_end__ - __RAM1_segment_start__) <= __RAM1_segment_size__)), error: .fast_run is too large to fit in RAM1 memory segment)
                0x000000000001bf78                __data_load_start__ = ALIGN ((__fast_load_start__ + SIZEOF (.fast)), 0x4)

.data           0x0000000020001ae0       0xe4 load address 0x000000000001bf78
                0x0000000020001ae0                __data_start__ = .
 *(.data .data.* .gnu.linkonce.d.*)
 .data.m_detection_delay_timer_id_data
                0x0000000020001ae0       0x20 Output/Release/Obj/ble_app_pwr_profiling_pca10040e_s112/app_button.o
 .data.m_rtc_inst
                0x0000000020001b00        0x8 Output/Release/Obj/ble_app_pwr_profiling_pca10040e_s112/app_timer2.o
 .data.m_bsp_button_tmr_data
                0x0000000020001b08       0x20 Output/Release/Obj/ble_app_pwr_profiling_pca10040e_s112/bsp.o
 .data.m_bsp_alert_tmr_data
                0x0000000020001b28       0x20 Output/Release/Obj/ble_app_pwr_profiling_pca10040e_s112/bsp.o
 .data.m_bsp_leds_tmr_data
                0x0000000020001b48       0x20 Output/Release/Obj/ble_app_pwr_profiling_pca10040e_s112/bsp.o
 .data.m_adv_data
                0x0000000020001b68       0x10 Output/Release/Obj/ble_app_pwr_profiling_pca10040e_s112/main.o
 .data.m_adv_handle
                0x0000000020001b78        0x1 Output/Release/Obj/ble_app_pwr_profiling_pca10040e_s112/main.o
 *fill*         0x0000000020001b79        0x1 
 .data.m_conn_handle
                0x0000000020001b7a        0x2 Output/Release/Obj/ble_app_pwr_profiling_pca10040e_s112/main.o
 *fill*         0x0000000020001b7c        0x4 
 .data.m_notif_timer_id_data
                0x0000000020001b80       0x20 Output/Release/Obj/ble_app_pwr_profiling_pca10040e_s112/main.o
 .data.m_conn_int_timer_id_data
                0x0000000020001ba0       0x20 Output/Release/Obj/ble_app_pwr_profiling_pca10040e_s112/main.o
 .data.SystemCoreClock
                0x0000000020001bc0        0x4 Output/Release/Obj/ble_app_pwr_profiling_pca10040e_s112/system_nrf52810.o
                0x0000000020001bc0                SystemCoreClock
                0x0000000020001bc4                __data_end__ = (__data_start__ + SIZEOF (.data))
                0x00000000000000e4                __data_size__ = SIZEOF (.data)
                0x000000000001c05c                __data_load_end__ = (__data_load_start__ + SIZEOF (.data))

.igot.plt       0x0000000100000000        0x0
 .igot.plt      0x0000000100000000        0x0 Output/Release/Obj/ble_app_pwr_profiling_pca10040e_s112/thumb_crt0.o
                0x0000000000000001                . = ASSERT (((__data_load_start__ == __data_load_end__) || ((__data_load_end__ - __FLASH1_segment_start__) <= __FLASH1_segment_size__)), error: .data is too large to fit in FLASH1 memory segment)

.data_run       0x0000000020001ae0        0x0
                0x0000000020001ae0                __data_run_start__ = .
                0x0000000020001bc4                __data_run_end__ = (__data_run_start__ + SIZEOF (.data))
                0x00000000000000e4                __data_run_size__ = (__data_run_end__ - __data_run_start__)
                0x0000000020001bc4                __data_run_load_end__ = __data_run_end__
                0x0000000000000001                . = ASSERT (((__data_run_start__ == __data_run_end__) || ((__data_run_end__ - __RAM1_segment_start__) <= __RAM1_segment_size__)), error: .data_run is too large to fit in RAM1 memory segment)
                0x000000000001c05c                __tdata_load_start__ = ALIGN ((__data_load_start__ + SIZEOF (.data)), 0x4)

.tdata          0x0000000020001bc4        0x0 load address 0x000000000001c05c
                0x0000000020001bc4                __tdata_start__ = .
 *(.tdata .tdata.*)
                0x0000000020001bc4                __tdata_end__ = (__tdata_start__ + SIZEOF (.tdata))
                0x0000000000000000                __tdata_size__ = SIZEOF (.tdata)
                0x000000000001c05c                __tdata_load_end__ = (__tdata_load_start__ + SIZEOF (.tdata))
                0x000000000001c05c                __FLASH1_segment_used_end__ = (ALIGN ((__data_load_start__ + SIZEOF (.data)), 0x4) + SIZEOF (.tdata))
                0x000000000001c05c                __FLASH1_segment_used_size__ = (__FLASH1_segment_used_end__ - __FLASH1_segment_start__)
                0x0000000000000001                . = ASSERT (((__tdata_load_start__ == __tdata_load_end__) || ((__tdata_load_end__ - __FLASH1_segment_start__) <= __FLASH1_segment_size__)), error: .tdata is too large to fit in FLASH1 memory segment)

.tdata_run      0x0000000020001bc4        0x0
                0x0000000020001bc4                __tdata_run_start__ = .
                0x0000000020001bc4                __tdata_run_end__ = (__tdata_run_start__ + SIZEOF (.tdata))
                0x0000000000000000                __tdata_run_size__ = (__tdata_run_end__ - __tdata_run_start__)
                0x0000000020001bc4                __tdata_run_load_end__ = __tdata_run_end__
                0x0000000000000001                . = ASSERT (((__tdata_run_start__ == __tdata_run_end__) || ((__tdata_run_end__ - __RAM1_segment_start__) <= __RAM1_segment_size__)), error: .tdata_run is too large to fit in RAM1 memory segment)
                0x0000000020001bc4                __bss_load_start__ = ALIGN (__tdata_run_end__, 0x4)

.bss            0x0000000020001bc4      0x208
                0x0000000020001bc4                __bss_start__ = .
 *(.bss .bss.* .gnu.linkonce.b.*)
 .bss.m_pin_states
                0x0000000020001bc4       0x10 Output/Release/Obj/ble_app_pwr_profiling_pca10040e_s112/app_button.o
 *fill*         0x0000000020001bd4        0x4 
 .bss.m_pin_active
                0x0000000020001bd8        0x8 Output/Release/Obj/ble_app_pwr_profiling_pca10040e_s112/app_button.o
 .bss.m_detection_delay
                0x0000000020001be0        0x4 Output/Release/Obj/ble_app_pwr_profiling_pca10040e_s112/app_button.o
 .bss.m_button_count
                0x0000000020001be4        0x1 Output/Release/Obj/ble_app_pwr_profiling_pca10040e_s112/app_button.o
 *fill*         0x0000000020001be5        0x3 
 .bss.mp_buttons
                0x0000000020001be8        0x4 Output/Release/Obj/ble_app_pwr_profiling_pca10040e_s112/app_button.o
 .bss.m_app_timer_sortlist_sortlist_cb
                0x0000000020001bec        0x4 Output/Release/Obj/ble_app_pwr_profiling_pca10040e_s112/app_timer2.o
 .bss.m_req_fifo_inst
                0x0000000020001bf0       0x10 Output/Release/Obj/ble_app_pwr_profiling_pca10040e_s112/app_timer2.o
 .bss.m_req_fifo_data
                0x0000000020001c00       0x58 Output/Release/Obj/ble_app_pwr_profiling_pca10040e_s112/app_timer2.o
 .bss.m_stamp64
                0x0000000020001c58        0x8 Output/Release/Obj/ble_app_pwr_profiling_pca10040e_s112/app_timer2.o
 .bss.m_base_counter
                0x0000000020001c60        0x8 Output/Release/Obj/ble_app_pwr_profiling_pca10040e_s112/app_timer2.o
 .bss.m_global_active
                0x0000000020001c68        0x1 Output/Release/Obj/ble_app_pwr_profiling_pca10040e_s112/app_timer2.o
 *fill*         0x0000000020001c69        0x3 
 .bss.mp_active_timer
                0x0000000020001c6c        0x4 Output/Release/Obj/ble_app_pwr_profiling_pca10040e_s112/app_timer2.o
 .bss.nrf_nvic_state
                0x0000000020001c70        0xc Output/Release/Obj/ble_app_pwr_profiling_pca10040e_s112/app_util_platform.o
                0x0000000020001c70                nrf_nvic_state
 .bss.m_cb      0x0000000020001c7c        0x8 Output/Release/Obj/ble_app_pwr_profiling_pca10040e_s112/drv_rtc.o
 .bss.m_handlers
                0x0000000020001c84        0x4 Output/Release/Obj/ble_app_pwr_profiling_pca10040e_s112/drv_rtc.o
 .bss.m_handlers_iter
                0x0000000020001c88        0x8 Output/Release/Obj/ble_app_pwr_profiling_pca10040e_s112/nrf_pwr_mgmt.o
 .bss.m_shutdown_started
                0x0000000020001c90        0x1 Output/Release/Obj/ble_app_pwr_profiling_pca10040e_s112/nrf_pwr_mgmt.o
 *fill*         0x0000000020001c91        0x3 
 .bss.m_sysoff_mtx
                0x0000000020001c94        0x4 Output/Release/Obj/ble_app_pwr_profiling_pca10040e_s112/nrf_pwr_mgmt.o
 .bss.m_pwr_mgmt_evt
                0x0000000020001c98        0x1 Output/Release/Obj/ble_app_pwr_profiling_pca10040e_s112/nrf_pwr_mgmt.o
 *fill*         0x0000000020001c99        0x3 
 .bss.m_clock_cb
                0x0000000020001c9c       0x14 Output/Release/Obj/ble_app_pwr_profiling_pca10040e_s112/nrf_drv_clock.o
 .bss.m_clock_cb
                0x0000000020001cb0        0x8 Output/Release/Obj/ble_app_pwr_profiling_pca10040e_s112/nrfx_clock.o
 .bss.m_cb      0x0000000020001cb8       0x5c Output/Release/Obj/ble_app_pwr_profiling_pca10040e_s112/nrfx_gpiote.o
 .bss.release_event_at_push.0
                0x0000000020001d14        0x4 Output/Release/Obj/ble_app_pwr_profiling_pca10040e_s112/bsp.o
 .bss.current_long_push_pin_no.1
                0x0000000020001d18        0x1 Output/Release/Obj/ble_app_pwr_profiling_pca10040e_s112/bsp.o
 .bss.m_events_list
                0x0000000020001d19        0xc Output/Release/Obj/ble_app_pwr_profiling_pca10040e_s112/bsp.o
 *fill*         0x0000000020001d25        0x3 
 .bss.m_registered_callback
                0x0000000020001d28        0x4 Output/Release/Obj/ble_app_pwr_profiling_pca10040e_s112/bsp.o
 .bss.m_alert_on
                0x0000000020001d2c        0x1 Output/Release/Obj/ble_app_pwr_profiling_pca10040e_s112/bsp.o
 *fill*         0x0000000020001d2d        0x3 
 .bss.m_indication_type
                0x0000000020001d30        0x4 Output/Release/Obj/ble_app_pwr_profiling_pca10040e_s112/bsp.o
 .bss.m_leds_clear
                0x0000000020001d34        0x1 Output/Release/Obj/ble_app_pwr_profiling_pca10040e_s112/bsp.o
 .bss.m_stable_state
                0x0000000020001d35        0x1 Output/Release/Obj/ble_app_pwr_profiling_pca10040e_s112/bsp.o
 .bss.m_enc_advdata
                0x0000000020001d36       0x1f Output/Release/Obj/ble_app_pwr_profiling_pca10040e_s112/main.o
 .bss.m_is_non_connectable_mode
                0x0000000020001d55        0x1 Output/Release/Obj/ble_app_pwr_profiling_pca10040e_s112/main.o
 .bss.m_is_notification_mode
                0x0000000020001d56        0x1 Output/Release/Obj/ble_app_pwr_profiling_pca10040e_s112/main.o
 .bss.m_is_notifying_enabled
                0x0000000020001d57        0x1 Output/Release/Obj/ble_app_pwr_profiling_pca10040e_s112/main.o
 .bss.m_service_handle
                0x0000000020001d58        0x2 Output/Release/Obj/ble_app_pwr_profiling_pca10040e_s112/main.o
 .bss.m_char_handles
                0x0000000020001d5a        0x8 Output/Release/Obj/ble_app_pwr_profiling_pca10040e_s112/main.o
 .bss.m_addl_adv_manuf_data
                0x0000000020001d62       0x18 Output/Release/Obj/ble_app_pwr_profiling_pca10040e_s112/main.o
 .bss.m_char_value
                0x0000000020001d7a       0x14 Output/Release/Obj/ble_app_pwr_profiling_pca10040e_s112/main.o
 *fill*         0x0000000020001d8e        0x2 
 .bss.m_adv_params
                0x0000000020001d90       0x18 Output/Release/Obj/ble_app_pwr_profiling_pca10040e_s112/main.o
 .bss.m_qwr     0x0000000020001da8        0xc Output/Release/Obj/ble_app_pwr_profiling_pca10040e_s112/main.o
 .bss.m_gatt    0x0000000020001db4       0x10 Output/Release/Obj/ble_app_pwr_profiling_pca10040e_s112/main.o
 .bss.m_nrf_sdh_continue
                0x0000000020001dc4        0x1 Output/Release/Obj/ble_app_pwr_profiling_pca10040e_s112/nrf_sdh.o
 .bss.m_nrf_sdh_suspended
                0x0000000020001dc5        0x1 Output/Release/Obj/ble_app_pwr_profiling_pca10040e_s112/nrf_sdh.o
 .bss.m_nrf_sdh_enabled
                0x0000000020001dc6        0x1 Output/Release/Obj/ble_app_pwr_profiling_pca10040e_s112/nrf_sdh.o
 .bss.m_stack_is_enabled
                0x0000000020001dc7        0x1 Output/Release/Obj/ble_app_pwr_profiling_pca10040e_s112/nrf_sdh_ble.o
 .bss.libc.__SEGGER_RTL_heap_globals
                0x0000000020001dc8        0x4 C:/Program Files/SEGGER/SEGGER Embedded Studio for ARM 7.12a/lib/heapops_basic_v7em_t_le_eabi_balanced.a(heapops_basic.o)
 *(COMMON)
                0x0000000020001dcc                __bss_end__ = (__bss_start__ + SIZEOF (.bss))
                0x0000000000000208                __bss_size__ = SIZEOF (.bss)
                0x0000000020001dcc                __bss_load_end__ = __bss_end__
                0x0000000000000001                . = ASSERT (((__bss_start__ == __bss_end__) || ((__bss_end__ - __RAM1_segment_start__) <= __RAM1_segment_size__)), error: .bss is too large to fit in RAM1 memory segment)
                0x0000000020001dcc                __tbss_load_start__ = ALIGN (__bss_end__, 0x4)

.tbss           0x0000000020001dcc        0x0
                0x0000000020001dcc                __tbss_start__ = .
 *(.tbss .tbss.*)
                0x0000000020001dcc                __tbss_end__ = (__tbss_start__ + SIZEOF (.tbss))
                0x0000000000000000                __tbss_size__ = SIZEOF (.tbss)
                0x0000000020001dcc                __tbss_load_end__ = __tbss_end__
                0x0000000000000001                . = ASSERT (((__tbss_start__ == __tbss_end__) || ((__tbss_end__ - __RAM1_segment_start__) <= __RAM1_segment_size__)), error: .tbss is too large to fit in RAM1 memory segment)
                0x0000000020001dcc                __non_init_load_start__ = ALIGN (__tbss_end__, 0x4)

.non_init       0x0000000020001dcc        0x0
                0x0000000020001dcc                __non_init_start__ = .
 *(.non_init .non_init.*)
                0x0000000020001dcc                __non_init_end__ = (__non_init_start__ + SIZEOF (.non_init))
                0x0000000000000000                __non_init_size__ = SIZEOF (.non_init)
                0x0000000020001dcc                __non_init_load_end__ = __non_init_end__
                0x0000000000000001                . = ASSERT (((__non_init_start__ == __non_init_end__) || ((__non_init_end__ - __RAM1_segment_start__) <= __RAM1_segment_size__)), error: .non_init is too large to fit in RAM1 memory segment)
                0x0000000020001dcc                __heap_load_start__ = ALIGN (__non_init_end__, 0x4)

.heap           0x0000000020001dcc      0x800
                0x0000000020001dcc                __heap_start__ = .
 *(.heap .heap.*)
                0x00000000200025cc                . = ALIGN (MAX ((__heap_start__ + __HEAPSIZE__), .), 0x4)
 *fill*         0x0000000020001dcc      0x800 
                0x00000000200025cc                __heap_end__ = (__heap_start__ + SIZEOF (.heap))
                0x0000000000000800                __heap_size__ = SIZEOF (.heap)
                0x00000000200025cc                __heap_load_end__ = __heap_end__
                0x0000000000000001                . = ASSERT (((__heap_start__ == __heap_end__) || ((__heap_end__ - __RAM1_segment_start__) <= __RAM1_segment_size__)), error: .heap is too large to fit in RAM1 memory segment)
                0x0000000000000001                . = ASSERT ((__HEAPSIZE__ == ALIGN (__HEAPSIZE__, 0x4)), error: .heap section size does not match alignment)
                0x0000000000000001                . = ASSERT ((__heap_size__ <= __HEAPSIZE__), error: .heap section is larger than specified size)
                0x0000000020005800                __stack_load_start__ = (__RAM1_segment_start__ + (__RAM1_segment_size__ - 0x800))

.stack          0x0000000020005800      0x800
                0x0000000020005800                __stack_start__ = .
                0x0000000020005800                __StackLimit = __stack_start__
 *(.stack .stack.*)
                0x0000000020006000                . = ALIGN (MAX ((__stack_start__ + __STACKSIZE__), .), 0x8)
 *fill*         0x0000000020005800      0x800 
                0x0000000020006000                __stack_end__ = (__stack_start__ + SIZEOF (.stack))
                0x0000000000000800                __stack_size__ = SIZEOF (.stack)
                0x0000000020006000                __StackTop = __stack_end__
                0x0000000020006000                __stack_load_end__ = __stack_end__
                0x0000000000000001                . = ASSERT (((__stack_start__ == __stack_end__) || ((__stack_end__ - __RAM1_segment_start__) <= __RAM1_segment_size__)), error: .stack is too large to fit in RAM1 memory segment)
                0x0000000000000001                . = ASSERT ((__heap_end__ <= __stack_start__), error: section .heap overlaps absolute placed section .stack)
                0x0000000000000001                . = ASSERT ((__STACKSIZE__ == ALIGN (__STACKSIZE__, 0x8)), error: .stack section size does not match alignment)
                0x0000000000000001                . = ASSERT ((__stack_size__ <= __STACKSIZE__), error: .stack section is larger than specified size)
                0x0000000020006000                __stack_process_load_start__ = ALIGN (__stack_end__, 0x8)

.stack_process  0x0000000020006000        0x0
                0x0000000020006000                __stack_process_start__ = .
 *(.stack_process .stack_process.*)
                0x0000000020006000                . = ALIGN (MAX ((__stack_process_start__ + __STACKSIZE_PROCESS__), .), 0x8)
                0x0000000020006000                __stack_process_end__ = (__stack_process_start__ + SIZEOF (.stack_process))
                0x0000000000000000                __stack_process_size__ = SIZEOF (.stack_process)
                0x0000000020006000                __stack_process_load_end__ = __stack_process_end__
                0x0000000020006000                __RAM1_segment_used_end__ = (ALIGN (__stack_end__, 0x8) + SIZEOF (.stack_process))
                0x0000000000006000                __RAM1_segment_used_size__ = (__RAM1_segment_used_end__ - __RAM1_segment_start__)
                0x0000000000000001                . = ASSERT (((__stack_process_start__ == __stack_process_end__) || ((__stack_process_end__ - __RAM1_segment_start__) <= __RAM1_segment_size__)), error: .stack_process is too large to fit in RAM1 memory segment)
                0x0000000000000001                . = ASSERT ((__STACKSIZE_PROCESS__ == ALIGN (__STACKSIZE_PROCESS__, 0x8)), error: .stack_process section size does not match alignment)
                0x0000000000000001                . = ASSERT ((__stack_process_size__ <= __STACKSIZE_PROCESS__), error: .stack_process section is larger than specified size)
START GROUP
LOAD Output/Release/Obj/ble_app_pwr_profiling_pca10040e_s112/thumb_crt0.o
LOAD Output/Release/Obj/ble_app_pwr_profiling_pca10040e_s112/nrf_log_frontend.o
LOAD Output/Release/Obj/ble_app_pwr_profiling_pca10040e_s112/nrf_log_str_formatter.o
LOAD Output/Release/Obj/ble_app_pwr_profiling_pca10040e_s112/app_button.o
LOAD Output/Release/Obj/ble_app_pwr_profiling_pca10040e_s112/app_error.o
LOAD Output/Release/Obj/ble_app_pwr_profiling_pca10040e_s112/app_error_handler_gcc.o
LOAD Output/Release/Obj/ble_app_pwr_profiling_pca10040e_s112/app_error_weak.o
LOAD Output/Release/Obj/ble_app_pwr_profiling_pca10040e_s112/app_scheduler.o
LOAD Output/Release/Obj/ble_app_pwr_profiling_pca10040e_s112/app_timer2.o
LOAD Output/Release/Obj/ble_app_pwr_profiling_pca10040e_s112/app_util_platform.o
LOAD Output/Release/Obj/ble_app_pwr_profiling_pca10040e_s112/drv_rtc.o
LOAD Output/Release/Obj/ble_app_pwr_profiling_pca10040e_s112/hardfault_implementation.o
LOAD Output/Release/Obj/ble_app_pwr_profiling_pca10040e_s112/nrf_assert.o
LOAD Output/Release/Obj/ble_app_pwr_profiling_pca10040e_s112/nrf_atfifo.o
LOAD Output/Release/Obj/ble_app_pwr_profiling_pca10040e_s112/nrf_atomic.o
LOAD Output/Release/Obj/ble_app_pwr_profiling_pca10040e_s112/nrf_balloc.o
LOAD Output/Release/Obj/ble_app_pwr_profiling_pca10040e_s112/nrf_fprintf.o
LOAD Output/Release/Obj/ble_app_pwr_profiling_pca10040e_s112/nrf_fprintf_format.o
LOAD Output/Release/Obj/ble_app_pwr_profiling_pca10040e_s112/nrf_memobj.o
LOAD Output/Release/Obj/ble_app_pwr_profiling_pca10040e_s112/nrf_pwr_mgmt.o
LOAD Output/Release/Obj/ble_app_pwr_profiling_pca10040e_s112/nrf_ringbuf.o
LOAD Output/Release/Obj/ble_app_pwr_profiling_pca10040e_s112/nrf_section_iter.o
LOAD Output/Release/Obj/ble_app_pwr_profiling_pca10040e_s112/nrf_sortlist.o
LOAD Output/Release/Obj/ble_app_pwr_profiling_pca10040e_s112/nrf_strerror.o
LOAD Output/Release/Obj/ble_app_pwr_profiling_pca10040e_s112/boards.o
LOAD Output/Release/Obj/ble_app_pwr_profiling_pca10040e_s112/nrf_drv_clock.o
LOAD Output/Release/Obj/ble_app_pwr_profiling_pca10040e_s112/nrfx_atomic.o
LOAD Output/Release/Obj/ble_app_pwr_profiling_pca10040e_s112/nrfx_clock.o